<?xml version="1.0" encoding="ISO-8859-1" ?>
<link_info>
   <banner>TI ARM Clang Linker PC v4.0.1.LTS</banner>
   <copyright>Copyright (c) 1996-2018 Texas Instruments Incorporated</copyright>
   <command_line>C:\ti\ccs2001\ccs\tools\compiler\ti-cgt-armllvm_4.0.1.LTS\bin\tiarmlnk -IC:\ti\ccs2001\ccs\tools\compiler\ti-cgt-armllvm_4.0.1.LTS\lib -o ZC003_v1.2.0.out -mZC003_v1.2.0.map --heap_size=0x400 -iC:/ti/mspm0_sdk_2_03_00_07/source -iD:/unniversity/EIDC/ZC003/ZC003_v1.2.0 -iD:/unniversity/EIDC/ZC003/ZC003_v1.2.0/Debug/syscfg -iC:/ti/ccs2001/ccs/tools/compiler/ti-cgt-armllvm_4.0.1.LTS/lib --diag_wrap=off --display_error_number --warn_sections --xml_link_info=ZC003_v1.2.0_linkInfo.xml --rom_model ./ti_msp_dl_config.o ./startup_mspm0g350x_ticlang.o ./main.o ./BSP/adf4002.o ./BSP/delay.o ./BSP/lcd.o ./BSP/lcd_init.o ./User/ADC.o ./User/UI.o ./User/measure.o -l./device_linker.cmd -lC:/ti/mspm0_sdk_2_03_00_07/source/third_party/CMSIS/DSP/lib/ticlang/m0p/arm_cortexM0l_math.a -ldevice.cmd.genlibs -llibc.a --start-group -llibc++.a -llibc++abi.a -llibc.a -llibsys.a -llibsysbm.a -llibclang_rt.builtins.a -llibclang_rt.profile.a --end-group --cg_opt_level=0</command_line>
   <link_time>0x67f90797</link_time>
   <link_errors>0x0</link_errors>
   <output_file>D:\unniversity\EIDC\ZC003\ZC003_v1.2.0\Debug\ZC003_v1.2.0.out</output_file>
   <entry_point>
      <name>_c_int00_noargs</name>
      <address>0x6289</address>
   </entry_point>
   <input_file_list>
      <input_file id="fl-1">
         <path>D:\unniversity\EIDC\ZC003\ZC003_v1.2.0\Debug\.\</path>
         <kind>object</kind>
         <file>ti_msp_dl_config.o</file>
         <name>ti_msp_dl_config.o</name>
      </input_file>
      <input_file id="fl-2">
         <path>D:\unniversity\EIDC\ZC003\ZC003_v1.2.0\Debug\.\</path>
         <kind>object</kind>
         <file>startup_mspm0g350x_ticlang.o</file>
         <name>startup_mspm0g350x_ticlang.o</name>
      </input_file>
      <input_file id="fl-3">
         <path>D:\unniversity\EIDC\ZC003\ZC003_v1.2.0\Debug\.\</path>
         <kind>object</kind>
         <file>main.o</file>
         <name>main.o</name>
      </input_file>
      <input_file id="fl-4">
         <path>D:\unniversity\EIDC\ZC003\ZC003_v1.2.0\Debug\.\BSP\</path>
         <kind>object</kind>
         <file>adf4002.o</file>
         <name>adf4002.o</name>
      </input_file>
      <input_file id="fl-5">
         <path>D:\unniversity\EIDC\ZC003\ZC003_v1.2.0\Debug\.\BSP\</path>
         <kind>object</kind>
         <file>delay.o</file>
         <name>delay.o</name>
      </input_file>
      <input_file id="fl-6">
         <path>D:\unniversity\EIDC\ZC003\ZC003_v1.2.0\Debug\.\BSP\</path>
         <kind>object</kind>
         <file>lcd.o</file>
         <name>lcd.o</name>
      </input_file>
      <input_file id="fl-7">
         <path>D:\unniversity\EIDC\ZC003\ZC003_v1.2.0\Debug\.\BSP\</path>
         <kind>object</kind>
         <file>lcd_init.o</file>
         <name>lcd_init.o</name>
      </input_file>
      <input_file id="fl-8">
         <path>D:\unniversity\EIDC\ZC003\ZC003_v1.2.0\Debug\.\User\</path>
         <kind>object</kind>
         <file>ADC.o</file>
         <name>ADC.o</name>
      </input_file>
      <input_file id="fl-9">
         <path>D:\unniversity\EIDC\ZC003\ZC003_v1.2.0\Debug\.\User\</path>
         <kind>object</kind>
         <file>UI.o</file>
         <name>UI.o</name>
      </input_file>
      <input_file id="fl-a">
         <path>D:\unniversity\EIDC\ZC003\ZC003_v1.2.0\Debug\.\User\</path>
         <kind>object</kind>
         <file>measure.o</file>
         <name>measure.o</name>
      </input_file>
      <input_file id="fl-18">
         <path>D:\unniversity\EIDC\ZC003\ZC003_v1.2.0\Debug\</path>
         <kind>object</kind>
         <file>&lt;internal&gt;</file>
         <name>&lt;internal&gt;</name>
      </input_file>
      <input_file id="fl-19">
         <path>C:\ti\mspm0_sdk_2_03_00_07\source\ti\driverlib\lib\ticlang\m0p\mspm0g1x0x_g3x0x\</path>
         <kind>archive</kind>
         <file>driverlib.a</file>
         <name>dl_adc12.o</name>
      </input_file>
      <input_file id="fl-1a">
         <path>C:\ti\mspm0_sdk_2_03_00_07\source\ti\driverlib\lib\ticlang\m0p\mspm0g1x0x_g3x0x\</path>
         <kind>archive</kind>
         <file>driverlib.a</file>
         <name>dl_common.o</name>
      </input_file>
      <input_file id="fl-1b">
         <path>C:\ti\mspm0_sdk_2_03_00_07\source\ti\driverlib\lib\ticlang\m0p\mspm0g1x0x_g3x0x\</path>
         <kind>archive</kind>
         <file>driverlib.a</file>
         <name>dl_dma.o</name>
      </input_file>
      <input_file id="fl-1c">
         <path>C:\ti\mspm0_sdk_2_03_00_07\source\ti\driverlib\lib\ticlang\m0p\mspm0g1x0x_g3x0x\</path>
         <kind>archive</kind>
         <file>driverlib.a</file>
         <name>dl_spi.o</name>
      </input_file>
      <input_file id="fl-1d">
         <path>C:\ti\mspm0_sdk_2_03_00_07\source\ti\driverlib\lib\ticlang\m0p\mspm0g1x0x_g3x0x\</path>
         <kind>archive</kind>
         <file>driverlib.a</file>
         <name>dl_timer.o</name>
      </input_file>
      <input_file id="fl-1e">
         <path>C:\ti\mspm0_sdk_2_03_00_07\source\ti\driverlib\lib\ticlang\m0p\mspm0g1x0x_g3x0x\</path>
         <kind>archive</kind>
         <file>driverlib.a</file>
         <name>dl_uart.o</name>
      </input_file>
      <input_file id="fl-1f">
         <path>C:\ti\mspm0_sdk_2_03_00_07\source\ti\driverlib\lib\ticlang\m0p\mspm0g1x0x_g3x0x\</path>
         <kind>archive</kind>
         <file>driverlib.a</file>
         <name>dl_sysctl_mspm0g1x0x_g3x0x.o</name>
      </input_file>
      <input_file id="fl-34">
         <path>C:\ti\ccs2001\ccs\tools\compiler\ti-cgt-armllvm_4.0.1.LTS\lib\armv6m-ti-none-eabi\c\</path>
         <kind>archive</kind>
         <file>libc.a</file>
         <name>printf.c.obj</name>
      </input_file>
      <input_file id="fl-35">
         <path>C:\ti\ccs2001\ccs\tools\compiler\ti-cgt-armllvm_4.0.1.LTS\lib\armv6m-ti-none-eabi\c\</path>
         <kind>archive</kind>
         <file>libc.a</file>
         <name>_printfi.c.obj</name>
      </input_file>
      <input_file id="fl-36">
         <path>C:\ti\ccs2001\ccs\tools\compiler\ti-cgt-armllvm_4.0.1.LTS\lib\armv6m-ti-none-eabi\c\</path>
         <kind>archive</kind>
         <file>libc.a</file>
         <name>wcslen.c.obj</name>
      </input_file>
      <input_file id="fl-37">
         <path>C:\ti\ccs2001\ccs\tools\compiler\ti-cgt-armllvm_4.0.1.LTS\lib\armv6m-ti-none-eabi\c\</path>
         <kind>archive</kind>
         <file>libc.a</file>
         <name>aeabi_portable.c.obj</name>
      </input_file>
      <input_file id="fl-38">
         <path>C:\ti\ccs2001\ccs\tools\compiler\ti-cgt-armllvm_4.0.1.LTS\lib\armv6m-ti-none-eabi\c\</path>
         <kind>archive</kind>
         <file>libc.a</file>
         <name>_lock.c.obj</name>
      </input_file>
      <input_file id="fl-39">
         <path>C:\ti\ccs2001\ccs\tools\compiler\ti-cgt-armllvm_4.0.1.LTS\lib\armv6m-ti-none-eabi\c\</path>
         <kind>archive</kind>
         <file>libc.a</file>
         <name>_ltoa.c.obj</name>
      </input_file>
      <input_file id="fl-3a">
         <path>C:\ti\ccs2001\ccs\tools\compiler\ti-cgt-armllvm_4.0.1.LTS\lib\armv6m-ti-none-eabi\c\</path>
         <kind>archive</kind>
         <file>libc.a</file>
         <name>assert.c.obj</name>
      </input_file>
      <input_file id="fl-3b">
         <path>C:\ti\ccs2001\ccs\tools\compiler\ti-cgt-armllvm_4.0.1.LTS\lib\armv6m-ti-none-eabi\c\</path>
         <kind>archive</kind>
         <file>libc.a</file>
         <name>atoi.c.obj</name>
      </input_file>
      <input_file id="fl-3c">
         <path>C:\ti\ccs2001\ccs\tools\compiler\ti-cgt-armllvm_4.0.1.LTS\lib\armv6m-ti-none-eabi\c\</path>
         <kind>archive</kind>
         <file>libc.a</file>
         <name>defs.c.obj</name>
      </input_file>
      <input_file id="fl-3d">
         <path>C:\ti\ccs2001\ccs\tools\compiler\ti-cgt-armllvm_4.0.1.LTS\lib\armv6m-ti-none-eabi\c\</path>
         <kind>archive</kind>
         <file>libc.a</file>
         <name>memccpy.c.obj</name>
      </input_file>
      <input_file id="fl-3e">
         <path>C:\ti\ccs2001\ccs\tools\compiler\ti-cgt-armllvm_4.0.1.LTS\lib\armv6m-ti-none-eabi\c\</path>
         <kind>archive</kind>
         <file>libc.a</file>
         <name>memory.c.obj</name>
      </input_file>
      <input_file id="fl-3f">
         <path>C:\ti\ccs2001\ccs\tools\compiler\ti-cgt-armllvm_4.0.1.LTS\lib\armv6m-ti-none-eabi\c\</path>
         <kind>archive</kind>
         <file>libc.a</file>
         <name>qsort.c.obj</name>
      </input_file>
      <input_file id="fl-40">
         <path>C:\ti\ccs2001\ccs\tools\compiler\ti-cgt-armllvm_4.0.1.LTS\lib\armv6m-ti-none-eabi\c\</path>
         <kind>archive</kind>
         <file>libc.a</file>
         <name>strlen.c.obj</name>
      </input_file>
      <input_file id="fl-41">
         <path>C:\ti\ccs2001\ccs\tools\compiler\ti-cgt-armllvm_4.0.1.LTS\lib\armv6m-ti-none-eabi\c\</path>
         <kind>archive</kind>
         <file>libc.a</file>
         <name>copy_zero_init.c.obj</name>
      </input_file>
      <input_file id="fl-42">
         <path>C:\ti\ccs2001\ccs\tools\compiler\ti-cgt-armllvm_4.0.1.LTS\lib\armv6m-ti-none-eabi\c\</path>
         <kind>archive</kind>
         <file>libc.a</file>
         <name>copy_decompress_none.c.obj</name>
      </input_file>
      <input_file id="fl-43">
         <path>C:\ti\ccs2001\ccs\tools\compiler\ti-cgt-armllvm_4.0.1.LTS\lib\armv6m-ti-none-eabi\c\</path>
         <kind>archive</kind>
         <file>libc.a</file>
         <name>copy_decompress_lzss.c.obj</name>
      </input_file>
      <input_file id="fl-44">
         <path>C:\ti\ccs2001\ccs\tools\compiler\ti-cgt-armllvm_4.0.1.LTS\lib\armv6m-ti-none-eabi\c\</path>
         <kind>archive</kind>
         <file>libc.a</file>
         <name>boot_cortex_m.c.obj</name>
      </input_file>
      <input_file id="fl-45">
         <path>C:\ti\ccs2001\ccs\tools\compiler\ti-cgt-armllvm_4.0.1.LTS\lib\armv6m-ti-none-eabi\c\</path>
         <kind>archive</kind>
         <file>libc.a</file>
         <name>mathacl_init.c.obj</name>
      </input_file>
      <input_file id="fl-46">
         <path>C:\ti\ccs2001\ccs\tools\compiler\ti-cgt-armllvm_4.0.1.LTS\lib\armv6m-ti-none-eabi\c\</path>
         <kind>archive</kind>
         <file>libc.a</file>
         <name>s_frexp.c.obj</name>
      </input_file>
      <input_file id="fl-47">
         <path>C:\ti\ccs2001\ccs\tools\compiler\ti-cgt-armllvm_4.0.1.LTS\lib\armv6m-ti-none-eabi\c\</path>
         <kind>archive</kind>
         <file>libc.a</file>
         <name>s_scalbn.c.obj</name>
      </input_file>
      <input_file id="fl-48">
         <path>C:\ti\ccs2001\ccs\tools\compiler\ti-cgt-armllvm_4.0.1.LTS\lib\armv6m-ti-none-eabi\c\</path>
         <kind>archive</kind>
         <file>libc.a</file>
         <name>sprintf.c.obj</name>
      </input_file>
      <input_file id="fl-49">
         <path>C:\ti\ccs2001\ccs\tools\compiler\ti-cgt-armllvm_4.0.1.LTS\lib\armv6m-ti-none-eabi\c\</path>
         <kind>archive</kind>
         <file>libc.a</file>
         <name>fflush.c.obj</name>
      </input_file>
      <input_file id="fl-4a">
         <path>C:\ti\ccs2001\ccs\tools\compiler\ti-cgt-armllvm_4.0.1.LTS\lib\armv6m-ti-none-eabi\c\</path>
         <kind>archive</kind>
         <file>libc.a</file>
         <name>aeabi_ctype.S.obj</name>
      </input_file>
      <input_file id="fl-4b">
         <path>C:\ti\ccs2001\ccs\tools\compiler\ti-cgt-armllvm_4.0.1.LTS\lib\armv6m-ti-none-eabi\c\</path>
         <kind>archive</kind>
         <file>libc.a</file>
         <name>exit.c.obj</name>
      </input_file>
      <input_file id="fl-4c">
         <path>C:\ti\ccs2001\ccs\tools\compiler\ti-cgt-armllvm_4.0.1.LTS\lib\armv6m-ti-none-eabi\c\</path>
         <kind>archive</kind>
         <file>libc.a</file>
         <name>args_main.c.obj</name>
      </input_file>
      <input_file id="fl-4d">
         <path>C:\ti\ccs2001\ccs\tools\compiler\ti-cgt-armllvm_4.0.1.LTS\lib\armv6m-ti-none-eabi\c\</path>
         <kind>archive</kind>
         <file>libc.a</file>
         <name>autoinit.c.obj</name>
      </input_file>
      <input_file id="fl-4e">
         <path>C:\ti\ccs2001\ccs\tools\compiler\ti-cgt-armllvm_4.0.1.LTS\lib\armv6m-ti-none-eabi\c\</path>
         <kind>archive</kind>
         <file>libc.a</file>
         <name>pre_init.c.obj</name>
      </input_file>
      <input_file id="fl-4f">
         <path>C:\ti\ccs2001\ccs\tools\compiler\ti-cgt-armllvm_4.0.1.LTS\lib\armv6m-ti-none-eabi\c\</path>
         <kind>archive</kind>
         <file>libc.a</file>
         <name>cpy_tbl.c.obj</name>
      </input_file>
      <input_file id="fl-e5">
         <path>C:\ti\ccs2001\ccs\tools\compiler\ti-cgt-armllvm_4.0.1.LTS\lib\armv6m-ti-none-eabi\c\</path>
         <kind>archive</kind>
         <file>libsysbm.a</file>
         <name>write.c.obj</name>
      </input_file>
      <input_file id="fl-e6">
         <path>C:\ti\ccs2001\ccs\tools\compiler\ti-cgt-armllvm_4.0.1.LTS\lib\armv6m-ti-none-eabi\c\</path>
         <kind>archive</kind>
         <file>libsysbm.a</file>
         <name>host_device.c.obj</name>
      </input_file>
      <input_file id="fl-e7">
         <path>C:\ti\ccs2001\ccs\tools\compiler\ti-cgt-armllvm_4.0.1.LTS\lib\armv6m-ti-none-eabi\c\</path>
         <kind>archive</kind>
         <file>libsysbm.a</file>
         <name>hostclose.c.obj</name>
      </input_file>
      <input_file id="fl-e8">
         <path>C:\ti\ccs2001\ccs\tools\compiler\ti-cgt-armllvm_4.0.1.LTS\lib\armv6m-ti-none-eabi\c\</path>
         <kind>archive</kind>
         <file>libsysbm.a</file>
         <name>hostlseek.c.obj</name>
      </input_file>
      <input_file id="fl-e9">
         <path>C:\ti\ccs2001\ccs\tools\compiler\ti-cgt-armllvm_4.0.1.LTS\lib\armv6m-ti-none-eabi\c\</path>
         <kind>archive</kind>
         <file>libsysbm.a</file>
         <name>hostopen.c.obj</name>
      </input_file>
      <input_file id="fl-ea">
         <path>C:\ti\ccs2001\ccs\tools\compiler\ti-cgt-armllvm_4.0.1.LTS\lib\armv6m-ti-none-eabi\c\</path>
         <kind>archive</kind>
         <file>libsysbm.a</file>
         <name>hostread.c.obj</name>
      </input_file>
      <input_file id="fl-eb">
         <path>C:\ti\ccs2001\ccs\tools\compiler\ti-cgt-armllvm_4.0.1.LTS\lib\armv6m-ti-none-eabi\c\</path>
         <kind>archive</kind>
         <file>libsysbm.a</file>
         <name>hostrename.c.obj</name>
      </input_file>
      <input_file id="fl-ec">
         <path>C:\ti\ccs2001\ccs\tools\compiler\ti-cgt-armllvm_4.0.1.LTS\lib\armv6m-ti-none-eabi\c\</path>
         <kind>archive</kind>
         <file>libsysbm.a</file>
         <name>hostunlink.c.obj</name>
      </input_file>
      <input_file id="fl-ed">
         <path>C:\ti\ccs2001\ccs\tools\compiler\ti-cgt-armllvm_4.0.1.LTS\lib\armv6m-ti-none-eabi\c\</path>
         <kind>archive</kind>
         <file>libsysbm.a</file>
         <name>hostwrite.c.obj</name>
      </input_file>
      <input_file id="fl-ee">
         <path>C:\ti\ccs2001\ccs\tools\compiler\ti-cgt-armllvm_4.0.1.LTS\lib\armv6m-ti-none-eabi\c\</path>
         <kind>archive</kind>
         <file>libsysbm.a</file>
         <name>trgmsg.c.obj</name>
      </input_file>
      <input_file id="fl-ef">
         <path>C:\ti\ccs2001\ccs\tools\compiler\ti-cgt-armllvm_4.0.1.LTS\lib\armv6m-ti-none-eabi\</path>
         <kind>archive</kind>
         <file>libclang_rt.builtins.a</file>
         <name>addsf3.S.obj</name>
      </input_file>
      <input_file id="fl-f0">
         <path>C:\ti\ccs2001\ccs\tools\compiler\ti-cgt-armllvm_4.0.1.LTS\lib\armv6m-ti-none-eabi\</path>
         <kind>archive</kind>
         <file>libclang_rt.builtins.a</file>
         <name>adddf3.S.obj</name>
      </input_file>
      <input_file id="fl-f1">
         <path>C:\ti\ccs2001\ccs\tools\compiler\ti-cgt-armllvm_4.0.1.LTS\lib\armv6m-ti-none-eabi\</path>
         <kind>archive</kind>
         <file>libclang_rt.builtins.a</file>
         <name>muldf3.S.obj</name>
      </input_file>
      <input_file id="fl-f2">
         <path>C:\ti\ccs2001\ccs\tools\compiler\ti-cgt-armllvm_4.0.1.LTS\lib\armv6m-ti-none-eabi\</path>
         <kind>archive</kind>
         <file>libclang_rt.builtins.a</file>
         <name>muldsi3.S.obj</name>
      </input_file>
      <input_file id="fl-f3">
         <path>C:\ti\ccs2001\ccs\tools\compiler\ti-cgt-armllvm_4.0.1.LTS\lib\armv6m-ti-none-eabi\</path>
         <kind>archive</kind>
         <file>libclang_rt.builtins.a</file>
         <name>mulsf3.S.obj</name>
      </input_file>
      <input_file id="fl-f4">
         <path>C:\ti\ccs2001\ccs\tools\compiler\ti-cgt-armllvm_4.0.1.LTS\lib\armv6m-ti-none-eabi\</path>
         <kind>archive</kind>
         <file>libclang_rt.builtins.a</file>
         <name>divsf3.S.obj</name>
      </input_file>
      <input_file id="fl-f5">
         <path>C:\ti\ccs2001\ccs\tools\compiler\ti-cgt-armllvm_4.0.1.LTS\lib\armv6m-ti-none-eabi\</path>
         <kind>archive</kind>
         <file>libclang_rt.builtins.a</file>
         <name>divdf3.S.obj</name>
      </input_file>
      <input_file id="fl-f6">
         <path>C:\ti\ccs2001\ccs\tools\compiler\ti-cgt-armllvm_4.0.1.LTS\lib\armv6m-ti-none-eabi\</path>
         <kind>archive</kind>
         <file>libclang_rt.builtins.a</file>
         <name>extendsfdf2.S.obj</name>
      </input_file>
      <input_file id="fl-f7">
         <path>C:\ti\ccs2001\ccs\tools\compiler\ti-cgt-armllvm_4.0.1.LTS\lib\armv6m-ti-none-eabi\</path>
         <kind>archive</kind>
         <file>libclang_rt.builtins.a</file>
         <name>fixdfsi.S.obj</name>
      </input_file>
      <input_file id="fl-f8">
         <path>C:\ti\ccs2001\ccs\tools\compiler\ti-cgt-armllvm_4.0.1.LTS\lib\armv6m-ti-none-eabi\</path>
         <kind>archive</kind>
         <file>libclang_rt.builtins.a</file>
         <name>fixsfsi.S.obj</name>
      </input_file>
      <input_file id="fl-f9">
         <path>C:\ti\ccs2001\ccs\tools\compiler\ti-cgt-armllvm_4.0.1.LTS\lib\armv6m-ti-none-eabi\</path>
         <kind>archive</kind>
         <file>libclang_rt.builtins.a</file>
         <name>fixunsdfsi.S.obj</name>
      </input_file>
      <input_file id="fl-fa">
         <path>C:\ti\ccs2001\ccs\tools\compiler\ti-cgt-armllvm_4.0.1.LTS\lib\armv6m-ti-none-eabi\</path>
         <kind>archive</kind>
         <file>libclang_rt.builtins.a</file>
         <name>floatsidf.S.obj</name>
      </input_file>
      <input_file id="fl-fb">
         <path>C:\ti\ccs2001\ccs\tools\compiler\ti-cgt-armllvm_4.0.1.LTS\lib\armv6m-ti-none-eabi\</path>
         <kind>archive</kind>
         <file>libclang_rt.builtins.a</file>
         <name>floatsisf.S.obj</name>
      </input_file>
      <input_file id="fl-fc">
         <path>C:\ti\ccs2001\ccs\tools\compiler\ti-cgt-armllvm_4.0.1.LTS\lib\armv6m-ti-none-eabi\</path>
         <kind>archive</kind>
         <file>libclang_rt.builtins.a</file>
         <name>floatunsisf.S.obj</name>
      </input_file>
      <input_file id="fl-fd">
         <path>C:\ti\ccs2001\ccs\tools\compiler\ti-cgt-armllvm_4.0.1.LTS\lib\armv6m-ti-none-eabi\</path>
         <kind>archive</kind>
         <file>libclang_rt.builtins.a</file>
         <name>muldi3.S.obj</name>
      </input_file>
      <input_file id="fl-fe">
         <path>C:\ti\ccs2001\ccs\tools\compiler\ti-cgt-armllvm_4.0.1.LTS\lib\armv6m-ti-none-eabi\</path>
         <kind>archive</kind>
         <file>libclang_rt.builtins.a</file>
         <name>truncdfsf2.S.obj</name>
      </input_file>
      <input_file id="fl-ff">
         <path>C:\ti\ccs2001\ccs\tools\compiler\ti-cgt-armllvm_4.0.1.LTS\lib\armv6m-ti-none-eabi\</path>
         <kind>archive</kind>
         <file>libclang_rt.builtins.a</file>
         <name>aeabi_dcmp.S.obj</name>
      </input_file>
      <input_file id="fl-100">
         <path>C:\ti\ccs2001\ccs\tools\compiler\ti-cgt-armllvm_4.0.1.LTS\lib\armv6m-ti-none-eabi\</path>
         <kind>archive</kind>
         <file>libclang_rt.builtins.a</file>
         <name>aeabi_idivmod.S.obj</name>
      </input_file>
      <input_file id="fl-101">
         <path>C:\ti\ccs2001\ccs\tools\compiler\ti-cgt-armllvm_4.0.1.LTS\lib\armv6m-ti-none-eabi\</path>
         <kind>archive</kind>
         <file>libclang_rt.builtins.a</file>
         <name>aeabi_memcpy.S.obj</name>
      </input_file>
      <input_file id="fl-102">
         <path>C:\ti\ccs2001\ccs\tools\compiler\ti-cgt-armllvm_4.0.1.LTS\lib\armv6m-ti-none-eabi\</path>
         <kind>archive</kind>
         <file>libclang_rt.builtins.a</file>
         <name>aeabi_memset.S.obj</name>
      </input_file>
      <input_file id="fl-103">
         <path>C:\ti\ccs2001\ccs\tools\compiler\ti-cgt-armllvm_4.0.1.LTS\lib\armv6m-ti-none-eabi\</path>
         <kind>archive</kind>
         <file>libclang_rt.builtins.a</file>
         <name>aeabi_uidivmod.S.obj</name>
      </input_file>
      <input_file id="fl-104">
         <path>C:\ti\ccs2001\ccs\tools\compiler\ti-cgt-armllvm_4.0.1.LTS\lib\armv6m-ti-none-eabi\</path>
         <kind>archive</kind>
         <file>libclang_rt.builtins.a</file>
         <name>aeabi_uldivmod.S.obj</name>
      </input_file>
      <input_file id="fl-105">
         <path>C:\ti\ccs2001\ccs\tools\compiler\ti-cgt-armllvm_4.0.1.LTS\lib\armv6m-ti-none-eabi\</path>
         <kind>archive</kind>
         <file>libclang_rt.builtins.a</file>
         <name>udivmoddi4.S.obj</name>
      </input_file>
      <input_file id="fl-106">
         <path>C:\ti\ccs2001\ccs\tools\compiler\ti-cgt-armllvm_4.0.1.LTS\lib\armv6m-ti-none-eabi\</path>
         <kind>archive</kind>
         <file>libclang_rt.builtins.a</file>
         <name>ashldi3.S.obj</name>
      </input_file>
      <input_file id="fl-107">
         <path>C:\ti\ccs2001\ccs\tools\compiler\ti-cgt-armllvm_4.0.1.LTS\lib\armv6m-ti-none-eabi\</path>
         <kind>archive</kind>
         <file>libclang_rt.builtins.a</file>
         <name>comparedf2.c.obj</name>
      </input_file>
      <input_file id="fl-108">
         <path>C:\ti\ccs2001\ccs\tools\compiler\ti-cgt-armllvm_4.0.1.LTS\lib\armv6m-ti-none-eabi\</path>
         <kind>archive</kind>
         <file>libclang_rt.builtins.a</file>
         <name>aeabi_div0.c.obj</name>
      </input_file>
      <input_file id="fl-109">
         <path>C:\ti\ccs2001\ccs\tools\compiler\ti-cgt-armllvm_4.0.1.LTS\lib\armv6m-ti-none-eabi\c\</path>
         <kind>archive</kind>
         <file>libc.a</file>
         <name>memcpy16.S.obj</name>
      </input_file>
      <input_file id="fl-10a">
         <path>C:\ti\ccs2001\ccs\tools\compiler\ti-cgt-armllvm_4.0.1.LTS\lib\armv6m-ti-none-eabi\c\</path>
         <kind>archive</kind>
         <file>libc.a</file>
         <name>memset16.S.obj</name>
      </input_file>
   </input_file_list>
   <object_component_list>
      <object_component id="oc-18">
         <name>.intvecs</name>
         <load_address>0x0</load_address>
         <readonly>true</readonly>
         <run_address>0x0</run_address>
         <size>0xc0</size>
         <alignment>0x4</alignment>
         <input_file_ref idref="fl-2"/>
      </object_component>
      <object_component id="oc-215">
         <name>.text:__TI_printfi_minimal</name>
         <load_address>0x35b0</load_address>
         <readonly>true</readonly>
         <executable>true</executable>
         <run_address>0x35b0</run_address>
         <size>0x284</size>
         <alignment>0x4</alignment>
         <input_file_ref idref="fl-35"/>
      </object_component>
      <object_component id="oc-c4">
         <name>.text.LCD_ShowChar</name>
         <load_address>0x3834</load_address>
         <readonly>true</readonly>
         <executable>true</executable>
         <run_address>0x3834</run_address>
         <size>0x214</size>
         <alignment>0x4</alignment>
         <input_file_ref idref="fl-6"/>
      </object_component>
      <object_component id="oc-c6">
         <name>.text.Calculate_and_Show</name>
         <load_address>0x3a48</load_address>
         <readonly>true</readonly>
         <executable>true</executable>
         <run_address>0x3a48</run_address>
         <size>0x1e0</size>
         <alignment>0x4</alignment>
         <input_file_ref idref="fl-a"/>
      </object_component>
      <object_component id="oc-e5">
         <name>.text.LCD_Init</name>
         <load_address>0x3c28</load_address>
         <readonly>true</readonly>
         <executable>true</executable>
         <run_address>0x3c28</run_address>
         <size>0x1c4</size>
         <alignment>0x4</alignment>
         <input_file_ref idref="fl-7"/>
      </object_component>
      <object_component id="oc-11e">
         <name>.text.adddf3_subdf3</name>
         <load_address>0x3dec</load_address>
         <readonly>true</readonly>
         <executable>true</executable>
         <run_address>0x3dec</run_address>
         <size>0x192</size>
         <alignment>0x4</alignment>
         <input_file_ref idref="fl-f0"/>
      </object_component>
      <object_component id="oc-161">
         <name>.text.LCD_GPIO_Init</name>
         <load_address>0x3f7e</load_address>
         <readonly>true</readonly>
         <executable>true</executable>
         <run_address>0x3f7e</run_address>
         <size>0x2</size>
         <alignment>0x2</alignment>
         <input_file_ref idref="fl-7"/>
      </object_component>
      <object_component id="oc-12a">
         <name>.text.Result_Calculate</name>
         <load_address>0x3f80</load_address>
         <readonly>true</readonly>
         <executable>true</executable>
         <run_address>0x3f80</run_address>
         <size>0x170</size>
         <alignment>0x4</alignment>
         <input_file_ref idref="fl-a"/>
      </object_component>
      <object_component id="oc-193">
         <name>.text.qsort</name>
         <load_address>0x40f0</load_address>
         <readonly>true</readonly>
         <executable>true</executable>
         <run_address>0x40f0</run_address>
         <size>0x134</size>
         <alignment>0x2</alignment>
         <input_file_ref idref="fl-3f"/>
      </object_component>
      <object_component id="oc-174">
         <name>.text.LCD_DrawLine</name>
         <load_address>0x4224</load_address>
         <readonly>true</readonly>
         <executable>true</executable>
         <run_address>0x4224</run_address>
         <size>0x128</size>
         <alignment>0x2</alignment>
         <input_file_ref idref="fl-6"/>
      </object_component>
      <object_component id="oc-140">
         <name>.text.LCD_ShowIntNum</name>
         <load_address>0x434c</load_address>
         <readonly>true</readonly>
         <executable>true</executable>
         <run_address>0x434c</run_address>
         <size>0x118</size>
         <alignment>0x2</alignment>
         <input_file_ref idref="fl-6"/>
      </object_component>
      <object_component id="oc-13f">
         <name>.text.LCD_ShowInt32Num</name>
         <load_address>0x4464</load_address>
         <readonly>true</readonly>
         <executable>true</executable>
         <run_address>0x4464</run_address>
         <size>0x114</size>
         <alignment>0x2</alignment>
         <input_file_ref idref="fl-6"/>
      </object_component>
      <object_component id="oc-230">
         <name>.text.aligned_alloc</name>
         <load_address>0x4578</load_address>
         <readonly>true</readonly>
         <executable>true</executable>
         <run_address>0x4578</run_address>
         <size>0x114</size>
         <alignment>0x4</alignment>
         <input_file_ref idref="fl-3e"/>
      </object_component>
      <object_component id="oc-122">
         <name>.text.__divdf3</name>
         <load_address>0x468c</load_address>
         <readonly>true</readonly>
         <executable>true</executable>
         <run_address>0x468c</run_address>
         <size>0x10c</size>
         <alignment>0x4</alignment>
         <input_file_ref idref="fl-f5"/>
      </object_component>
      <object_component id="oc-14b">
         <name>.text.SYSCFG_DL_GPIO_init</name>
         <load_address>0x4798</load_address>
         <readonly>true</readonly>
         <executable>true</executable>
         <run_address>0x4798</run_address>
         <size>0xec</size>
         <alignment>0x4</alignment>
         <input_file_ref idref="fl-1"/>
      </object_component>
      <object_component id="oc-1e3">
         <name>.text.DL_Timer_initTimerMode</name>
         <load_address>0x4884</load_address>
         <readonly>true</readonly>
         <executable>true</executable>
         <run_address>0x4884</run_address>
         <size>0xe8</size>
         <alignment>0x4</alignment>
         <input_file_ref idref="fl-1d"/>
      </object_component>
      <object_component id="oc-1a3">
         <name>.text.free</name>
         <load_address>0x496c</load_address>
         <readonly>true</readonly>
         <executable>true</executable>
         <run_address>0x496c</run_address>
         <size>0xe8</size>
         <alignment>0x4</alignment>
         <input_file_ref idref="fl-3e"/>
      </object_component>
      <object_component id="oc-12f">
         <name>.text.__muldf3</name>
         <load_address>0x4a54</load_address>
         <readonly>true</readonly>
         <executable>true</executable>
         <run_address>0x4a54</run_address>
         <size>0xe4</size>
         <alignment>0x4</alignment>
         <input_file_ref idref="fl-f1"/>
      </object_component>
      <object_component id="oc-1d5">
         <name>.text.DL_SYSCTL_configSYSPLL</name>
         <load_address>0x4b38</load_address>
         <readonly>true</readonly>
         <executable>true</executable>
         <run_address>0x4b38</run_address>
         <size>0xdc</size>
         <alignment>0x4</alignment>
         <input_file_ref idref="fl-1f"/>
      </object_component>
      <object_component id="oc-19b">
         <name>.text</name>
         <load_address>0x4c14</load_address>
         <readonly>true</readonly>
         <executable>true</executable>
         <run_address>0x4c14</run_address>
         <size>0xd8</size>
         <alignment>0x4</alignment>
         <input_file_ref idref="fl-ef"/>
      </object_component>
      <object_component id="oc-ee">
         <name>.text.Show_UI</name>
         <load_address>0x4cec</load_address>
         <readonly>true</readonly>
         <executable>true</executable>
         <run_address>0x4cec</run_address>
         <size>0xc0</size>
         <alignment>0x4</alignment>
         <input_file_ref idref="fl-9"/>
      </object_component>
      <object_component id="oc-16f">
         <name>.text.SendDataPll</name>
         <load_address>0x4dac</load_address>
         <readonly>true</readonly>
         <executable>true</executable>
         <run_address>0x4dac</run_address>
         <size>0xbc</size>
         <alignment>0x4</alignment>
         <input_file_ref idref="fl-4"/>
      </object_component>
      <object_component id="oc-3f">
         <name>.text.GROUP1_IRQHandler</name>
         <load_address>0x4e68</load_address>
         <readonly>true</readonly>
         <executable>true</executable>
         <run_address>0x4e68</run_address>
         <size>0xa4</size>
         <alignment>0x4</alignment>
         <input_file_ref idref="fl-a"/>
      </object_component>
      <object_component id="oc-c5">
         <name>.text.Find_TriggerPoint</name>
         <load_address>0x4f0c</load_address>
         <readonly>true</readonly>
         <executable>true</executable>
         <run_address>0x4f0c</run_address>
         <size>0xa0</size>
         <alignment>0x4</alignment>
         <input_file_ref idref="fl-a"/>
      </object_component>
      <object_component id="oc-9c">
         <name>.text.Calculate_First</name>
         <load_address>0x4fac</load_address>
         <readonly>true</readonly>
         <executable>true</executable>
         <run_address>0x4fac</run_address>
         <size>0x9c</size>
         <alignment>0x4</alignment>
         <input_file_ref idref="fl-a"/>
      </object_component>
      <object_component id="oc-150">
         <name>.text.SYSCFG_DL_ADC_SQU_init</name>
         <load_address>0x5048</load_address>
         <readonly>true</readonly>
         <executable>true</executable>
         <run_address>0x5048</run_address>
         <size>0x90</size>
         <alignment>0x4</alignment>
         <input_file_ref idref="fl-1"/>
      </object_component>
      <object_component id="oc-9d">
         <name>.text.Calculate_Second</name>
         <load_address>0x50d8</load_address>
         <readonly>true</readonly>
         <executable>true</executable>
         <run_address>0x50d8</run_address>
         <size>0x88</size>
         <alignment>0x4</alignment>
         <input_file_ref idref="fl-a"/>
      </object_component>
      <object_component id="oc-8e">
         <name>.text.LCD_Fill</name>
         <load_address>0x5160</load_address>
         <readonly>true</readonly>
         <executable>true</executable>
         <run_address>0x5160</run_address>
         <size>0x84</size>
         <alignment>0x2</alignment>
         <input_file_ref idref="fl-6"/>
      </object_component>
      <object_component id="oc-1db">
         <name>.text.__NVIC_SetPriority</name>
         <load_address>0x51e4</load_address>
         <readonly>true</readonly>
         <executable>true</executable>
         <run_address>0x51e4</run_address>
         <size>0x84</size>
         <alignment>0x4</alignment>
         <input_file_ref idref="fl-1"/>
      </object_component>
      <object_component id="oc-13b">
         <name>.text.__divsf3</name>
         <load_address>0x5268</load_address>
         <readonly>true</readonly>
         <executable>true</executable>
         <run_address>0x5268</run_address>
         <size>0x82</size>
         <alignment>0x4</alignment>
         <input_file_ref idref="fl-f4"/>
      </object_component>
      <object_component id="oc-187">
         <name>.text.__aeabi_idiv0</name>
         <load_address>0x52ea</load_address>
         <readonly>true</readonly>
         <executable>true</executable>
         <run_address>0x52ea</run_address>
         <size>0x2</size>
         <alignment>0x2</alignment>
         <input_file_ref idref="fl-108"/>
      </object_component>
      <object_component id="oc-1c">
         <name>.text:decompress:lzss</name>
         <load_address>0x52ec</load_address>
         <readonly>true</readonly>
         <executable>true</executable>
         <run_address>0x52ec</run_address>
         <size>0x7c</size>
         <alignment>0x4</alignment>
         <input_file_ref idref="fl-43"/>
      </object_component>
      <object_component id="oc-93">
         <name>.text.LCD_ShowString</name>
         <load_address>0x5368</load_address>
         <readonly>true</readonly>
         <executable>true</executable>
         <run_address>0x5368</run_address>
         <size>0x7a</size>
         <alignment>0x2</alignment>
         <input_file_ref idref="fl-6"/>
      </object_component>
      <object_component id="oc-21d">
         <name>.text._nop</name>
         <load_address>0x53e2</load_address>
         <readonly>true</readonly>
         <executable>true</executable>
         <run_address>0x53e2</run_address>
         <size>0x2</size>
         <alignment>0x2</alignment>
         <input_file_ref idref="fl-38"/>
      </object_component>
      <object_component id="oc-14a">
         <name>.text.SYSCFG_DL_initPower</name>
         <load_address>0x53e4</load_address>
         <readonly>true</readonly>
         <executable>true</executable>
         <run_address>0x53e4</run_address>
         <size>0x78</size>
         <alignment>0x4</alignment>
         <input_file_ref idref="fl-1"/>
      </object_component>
      <object_component id="oc-4b">
         <name>.text.ADC1_IRQHandler</name>
         <load_address>0x545c</load_address>
         <readonly>true</readonly>
         <executable>true</executable>
         <run_address>0x545c</run_address>
         <size>0x4</size>
         <alignment>0x2</alignment>
         <input_file_ref idref="fl-3"/>
      </object_component>
      <object_component id="oc-126">
         <name>.text.__truncdfsf2</name>
         <load_address>0x5460</load_address>
         <readonly>true</readonly>
         <executable>true</executable>
         <run_address>0x5460</run_address>
         <size>0x74</size>
         <alignment>0x10</alignment>
         <input_file_ref idref="fl-fe"/>
      </object_component>
      <object_component id="oc-b9">
         <name>.text.delay_us</name>
         <load_address>0x54d4</load_address>
         <readonly>true</readonly>
         <executable>true</executable>
         <run_address>0x54d4</run_address>
         <size>0x74</size>
         <alignment>0x4</alignment>
         <input_file_ref idref="fl-5"/>
      </object_component>
      <object_component id="oc-1cf">
         <name>.text.DL_SYSCTL_setHFCLKSourceHFXTParams</name>
         <load_address>0x5548</load_address>
         <readonly>true</readonly>
         <executable>true</executable>
         <run_address>0x5548</run_address>
         <size>0x64</size>
         <alignment>0x4</alignment>
         <input_file_ref idref="fl-1f"/>
      </object_component>
      <object_component id="oc-ae">
         <name>.text.main</name>
         <load_address>0x55ac</load_address>
         <readonly>true</readonly>
         <executable>true</executable>
         <run_address>0x55ac</run_address>
         <size>0x64</size>
         <alignment>0x4</alignment>
         <input_file_ref idref="fl-3"/>
      </object_component>
      <object_component id="oc-27b">
         <name>.text.split</name>
         <load_address>0x5610</load_address>
         <readonly>true</readonly>
         <executable>true</executable>
         <run_address>0x5610</run_address>
         <size>0x64</size>
         <alignment>0x4</alignment>
         <input_file_ref idref="fl-3e"/>
      </object_component>
      <object_component id="oc-14c">
         <name>.text.SYSCFG_DL_SYSCTL_init</name>
         <load_address>0x5674</load_address>
         <readonly>true</readonly>
         <executable>true</executable>
         <run_address>0x5674</run_address>
         <size>0x60</size>
         <alignment>0x4</alignment>
         <input_file_ref idref="fl-1"/>
      </object_component>
      <object_component id="oc-df">
         <name>.text.printf</name>
         <load_address>0x56d4</load_address>
         <readonly>true</readonly>
         <executable>true</executable>
         <run_address>0x56d4</run_address>
         <size>0x5c</size>
         <alignment>0x4</alignment>
         <input_file_ref idref="fl-34"/>
      </object_component>
      <object_component id="oc-e6">
         <name>.text.ADC_Init</name>
         <load_address>0x5730</load_address>
         <readonly>true</readonly>
         <executable>true</executable>
         <run_address>0x5730</run_address>
         <size>0x58</size>
         <alignment>0x4</alignment>
         <input_file_ref idref="fl-8"/>
      </object_component>
      <object_component id="oc-bc">
         <name>.text.LCD_Address_Set</name>
         <load_address>0x5788</load_address>
         <readonly>true</readonly>
         <executable>true</executable>
         <run_address>0x5788</run_address>
         <size>0x52</size>
         <alignment>0x2</alignment>
         <input_file_ref idref="fl-7"/>
      </object_component>
      <object_component id="oc-226">
         <name>.text.fputs</name>
         <load_address>0x57dc</load_address>
         <readonly>true</readonly>
         <executable>true</executable>
         <run_address>0x57dc</run_address>
         <size>0x50</size>
         <alignment>0x4</alignment>
         <input_file_ref idref="fl-5"/>
      </object_component>
      <object_component id="oc-207">
         <name>.text.DL_ADC12_initSingleSample</name>
         <load_address>0x582c</load_address>
         <readonly>true</readonly>
         <executable>true</executable>
         <run_address>0x582c</run_address>
         <size>0x4c</size>
         <alignment>0x4</alignment>
         <input_file_ref idref="fl-1"/>
      </object_component>
      <object_component id="oc-24a">
         <name>.text.DL_DMA_initChannel</name>
         <load_address>0x5878</load_address>
         <readonly>true</readonly>
         <executable>true</executable>
         <run_address>0x5878</run_address>
         <size>0x4c</size>
         <alignment>0x4</alignment>
         <input_file_ref idref="fl-1b"/>
      </object_component>
      <object_component id="oc-1f1">
         <name>.text.DL_UART_setBaudRateDivisor</name>
         <load_address>0x58c4</load_address>
         <readonly>true</readonly>
         <executable>true</executable>
         <run_address>0x58c4</run_address>
         <size>0x4c</size>
         <alignment>0x4</alignment>
         <input_file_ref idref="fl-1"/>
      </object_component>
      <object_component id="oc-208">
         <name>.text.DL_ADC12_configConversionMem</name>
         <load_address>0x5910</load_address>
         <readonly>true</readonly>
         <executable>true</executable>
         <run_address>0x5910</run_address>
         <size>0x4a</size>
         <alignment>0x2</alignment>
         <input_file_ref idref="fl-1"/>
      </object_component>
      <object_component id="oc-1ef">
         <name>.text.DL_UART_init</name>
         <load_address>0x595c</load_address>
         <readonly>true</readonly>
         <executable>true</executable>
         <run_address>0x595c</run_address>
         <size>0x48</size>
         <alignment>0x4</alignment>
         <input_file_ref idref="fl-1e"/>
      </object_component>
      <object_component id="oc-46">
         <name>.text.ADC0_IRQHandler</name>
         <load_address>0x59a4</load_address>
         <readonly>true</readonly>
         <executable>true</executable>
         <run_address>0x59a4</run_address>
         <size>0x44</size>
         <alignment>0x4</alignment>
         <input_file_ref idref="fl-8"/>
      </object_component>
      <object_component id="oc-1fb">
         <name>.text.DL_SPI_init</name>
         <load_address>0x59e8</load_address>
         <readonly>true</readonly>
         <executable>true</executable>
         <run_address>0x59e8</run_address>
         <size>0x44</size>
         <alignment>0x4</alignment>
         <input_file_ref idref="fl-1c"/>
      </object_component>
      <object_component id="oc-1da">
         <name>.text.DL_SYSCTL_switchMCLKfromSYSOSCtoHSCLK</name>
         <load_address>0x5a2c</load_address>
         <readonly>true</readonly>
         <executable>true</executable>
         <run_address>0x5a2c</run_address>
         <size>0x44</size>
         <alignment>0x4</alignment>
         <input_file_ref idref="fl-1f"/>
      </object_component>
      <object_component id="oc-10f">
         <name>.text.LCD_Writ_Bus</name>
         <load_address>0x5a70</load_address>
         <readonly>true</readonly>
         <executable>true</executable>
         <run_address>0x5a70</run_address>
         <size>0x44</size>
         <alignment>0x4</alignment>
         <input_file_ref idref="fl-7"/>
      </object_component>
      <object_component id="oc-14d">
         <name>.text.SYSCFG_DL_TIMER_ADC_init</name>
         <load_address>0x5ab4</load_address>
         <readonly>true</readonly>
         <executable>true</executable>
         <run_address>0x5ab4</run_address>
         <size>0x44</size>
         <alignment>0x4</alignment>
         <input_file_ref idref="fl-1"/>
      </object_component>
      <object_component id="oc-133">
         <name>.text.__fixunsdfsi</name>
         <load_address>0x5af8</load_address>
         <readonly>true</readonly>
         <executable>true</executable>
         <run_address>0x5af8</run_address>
         <size>0x42</size>
         <alignment>0x4</alignment>
         <input_file_ref idref="fl-f9"/>
      </object_component>
      <object_component id="oc-201">
         <name>.text.DL_ADC12_setClockConfig</name>
         <load_address>0x5b3c</load_address>
         <readonly>true</readonly>
         <executable>true</executable>
         <run_address>0x5b3c</run_address>
         <size>0x40</size>
         <alignment>0x4</alignment>
         <input_file_ref idref="fl-19"/>
      </object_component>
      <object_component id="oc-14f">
         <name>.text.SYSCFG_DL_SPI_LCD_init</name>
         <load_address>0x5b7c</load_address>
         <readonly>true</readonly>
         <executable>true</executable>
         <run_address>0x5b7c</run_address>
         <size>0x40</size>
         <alignment>0x4</alignment>
         <input_file_ref idref="fl-1"/>
      </object_component>
      <object_component id="oc-14e">
         <name>.text.SYSCFG_DL_UART_0_init</name>
         <load_address>0x5bbc</load_address>
         <readonly>true</readonly>
         <executable>true</executable>
         <run_address>0x5bbc</run_address>
         <size>0x40</size>
         <alignment>0x4</alignment>
         <input_file_ref idref="fl-1"/>
      </object_component>
      <object_component id="oc-d9">
         <name>.text.SYSCFG_DL_init</name>
         <load_address>0x5bfc</load_address>
         <readonly>true</readonly>
         <executable>true</executable>
         <run_address>0x5bfc</run_address>
         <size>0x40</size>
         <alignment>0x4</alignment>
         <input_file_ref idref="fl-1"/>
      </object_component>
      <object_component id="oc-110">
         <name>.text.__aeabi_uidivmod</name>
         <load_address>0x5c3c</load_address>
         <readonly>true</readonly>
         <executable>true</executable>
         <run_address>0x5c3c</run_address>
         <size>0x40</size>
         <alignment>0x4</alignment>
         <input_file_ref idref="fl-103"/>
      </object_component>
      <object_component id="oc-12b">
         <name>.text.__extendsfdf2</name>
         <load_address>0x5c7c</load_address>
         <readonly>true</readonly>
         <executable>true</executable>
         <run_address>0x5c7c</run_address>
         <size>0x40</size>
         <alignment>0x4</alignment>
         <input_file_ref idref="fl-f6"/>
      </object_component>
      <object_component id="oc-e8">
         <name>.text.InitADF4002</name>
         <load_address>0x5cbc</load_address>
         <readonly>true</readonly>
         <executable>true</executable>
         <run_address>0x5cbc</run_address>
         <size>0x3c</size>
         <alignment>0x4</alignment>
         <input_file_ref idref="fl-4"/>
      </object_component>
      <object_component id="oc-137">
         <name>.text.__floatsisf</name>
         <load_address>0x5cf8</load_address>
         <readonly>true</readonly>
         <executable>true</executable>
         <run_address>0x5cf8</run_address>
         <size>0x3c</size>
         <alignment>0x4</alignment>
         <input_file_ref idref="fl-fb"/>
      </object_component>
      <object_component id="oc-fa">
         <name>.text:__TI_auto_init_nobinit_nopinit</name>
         <load_address>0x5d34</load_address>
         <readonly>true</readonly>
         <executable>true</executable>
         <run_address>0x5d34</run_address>
         <size>0x3c</size>
         <alignment>0x4</alignment>
         <input_file_ref idref="fl-4d"/>
      </object_component>
      <object_component id="oc-1a6">
         <name>.text.__muldsi3</name>
         <load_address>0x5d70</load_address>
         <readonly>true</readonly>
         <executable>true</executable>
         <run_address>0x5d70</run_address>
         <size>0x3a</size>
         <alignment>0x4</alignment>
         <input_file_ref idref="fl-f2"/>
      </object_component>
      <object_component id="oc-1e6">
         <name>.text.DL_Timer_setPublisherChanID</name>
         <load_address>0x5dac</load_address>
         <readonly>true</readonly>
         <executable>true</executable>
         <run_address>0x5dac</run_address>
         <size>0x38</size>
         <alignment>0x4</alignment>
         <input_file_ref idref="fl-1"/>
      </object_component>
      <object_component id="oc-229">
         <name>.text.Delay</name>
         <load_address>0x5de4</load_address>
         <readonly>true</readonly>
         <executable>true</executable>
         <run_address>0x5de4</run_address>
         <size>0x38</size>
         <alignment>0x2</alignment>
         <input_file_ref idref="fl-4"/>
      </object_component>
      <object_component id="oc-19f">
         <name>.text.__fixsfsi</name>
         <load_address>0x5e1c</load_address>
         <readonly>true</readonly>
         <executable>true</executable>
         <run_address>0x5e1c</run_address>
         <size>0x38</size>
         <alignment>0x4</alignment>
         <input_file_ref idref="fl-f8"/>
      </object_component>
      <object_component id="oc-c7">
         <name>.text.Adjust_LoadValue</name>
         <load_address>0x5e54</load_address>
         <readonly>true</readonly>
         <executable>true</executable>
         <run_address>0x5e54</run_address>
         <size>0x34</size>
         <alignment>0x4</alignment>
         <input_file_ref idref="fl-a"/>
      </object_component>
      <object_component id="oc-1c2">
         <name>.text.DL_GPIO_initDigitalInputFeatures</name>
         <load_address>0x5e88</load_address>
         <readonly>true</readonly>
         <executable>true</executable>
         <run_address>0x5e88</run_address>
         <size>0x34</size>
         <alignment>0x4</alignment>
         <input_file_ref idref="fl-1"/>
      </object_component>
      <object_component id="oc-ed">
         <name>.text.NDivideTest</name>
         <load_address>0x5ebc</load_address>
         <readonly>true</readonly>
         <executable>true</executable>
         <run_address>0x5ebc</run_address>
         <size>0x34</size>
         <alignment>0x4</alignment>
         <input_file_ref idref="fl-4"/>
      </object_component>
      <object_component id="oc-168">
         <name>.text.DL_DMA_setTransferSize</name>
         <load_address>0x5ef0</load_address>
         <readonly>true</readonly>
         <executable>true</executable>
         <run_address>0x5ef0</run_address>
         <size>0x30</size>
         <alignment>0x4</alignment>
         <input_file_ref idref="fl-8"/>
      </object_component>
      <object_component id="oc-249">
         <name>.text.DL_DMA_setTransferSize</name>
         <load_address>0x5f20</load_address>
         <readonly>true</readonly>
         <executable>true</executable>
         <run_address>0x5f20</run_address>
         <size>0x30</size>
         <alignment>0x4</alignment>
         <input_file_ref idref="fl-1"/>
      </object_component>
      <object_component id="oc-1c1">
         <name>.text.DL_GPIO_initDigitalOutputFeatures</name>
         <load_address>0x5f50</load_address>
         <readonly>true</readonly>
         <executable>true</executable>
         <run_address>0x5f50</run_address>
         <size>0x30</size>
         <alignment>0x4</alignment>
         <input_file_ref idref="fl-1"/>
      </object_component>
      <object_component id="oc-1fd">
         <name>.text.DL_SPI_setFIFOThreshold</name>
         <load_address>0x5f80</load_address>
         <readonly>true</readonly>
         <executable>true</executable>
         <run_address>0x5f80</run_address>
         <size>0x30</size>
         <alignment>0x4</alignment>
         <input_file_ref idref="fl-1"/>
      </object_component>
      <object_component id="oc-10c">
         <name>.text.LCD_WR_REG</name>
         <load_address>0x5fb0</load_address>
         <readonly>true</readonly>
         <executable>true</executable>
         <run_address>0x5fb0</run_address>
         <size>0x30</size>
         <alignment>0x4</alignment>
         <input_file_ref idref="fl-7"/>
      </object_component>
      <object_component id="oc-1ae">
         <name>.text.mypow</name>
         <load_address>0x5fe0</load_address>
         <readonly>true</readonly>
         <executable>true</executable>
         <run_address>0x5fe0</run_address>
         <size>0x30</size>
         <alignment>0x2</alignment>
         <input_file_ref idref="fl-6"/>
      </object_component>
      <object_component id="oc-20b">
         <name>.text.DL_ADC12_setDMASamplesCnt</name>
         <load_address>0x6010</load_address>
         <readonly>true</readonly>
         <executable>true</executable>
         <run_address>0x6010</run_address>
         <size>0x2c</size>
         <alignment>0x4</alignment>
         <input_file_ref idref="fl-1"/>
      </object_component>
      <object_component id="oc-114">
         <name>.text.LCD_DrawPoint</name>
         <load_address>0x603c</load_address>
         <readonly>true</readonly>
         <executable>true</executable>
         <run_address>0x603c</run_address>
         <size>0x2c</size>
         <alignment>0x2</alignment>
         <input_file_ref idref="fl-6"/>
      </object_component>
      <object_component id="oc-212">
         <name>.text.SYSCFG_DL_DMA_CH0_init</name>
         <load_address>0x6068</load_address>
         <readonly>true</readonly>
         <executable>true</executable>
         <run_address>0x6068</run_address>
         <size>0x2c</size>
         <alignment>0x4</alignment>
         <input_file_ref idref="fl-1"/>
      </object_component>
      <object_component id="oc-16a">
         <name>.text.__NVIC_ClearPendingIRQ</name>
         <load_address>0x6094</load_address>
         <readonly>true</readonly>
         <executable>true</executable>
         <run_address>0x6094</run_address>
         <size>0x2c</size>
         <alignment>0x4</alignment>
         <input_file_ref idref="fl-8"/>
      </object_component>
      <object_component id="oc-16c">
         <name>.text.__NVIC_ClearPendingIRQ</name>
         <load_address>0x60c0</load_address>
         <readonly>true</readonly>
         <executable>true</executable>
         <run_address>0x60c0</run_address>
         <size>0x2c</size>
         <alignment>0x4</alignment>
         <input_file_ref idref="fl-a"/>
      </object_component>
      <object_component id="oc-16b">
         <name>.text.__NVIC_EnableIRQ</name>
         <load_address>0x60ec</load_address>
         <readonly>true</readonly>
         <executable>true</executable>
         <run_address>0x60ec</run_address>
         <size>0x2c</size>
         <alignment>0x4</alignment>
         <input_file_ref idref="fl-8"/>
      </object_component>
      <object_component id="oc-16d">
         <name>.text.__NVIC_EnableIRQ</name>
         <load_address>0x6118</load_address>
         <readonly>true</readonly>
         <executable>true</executable>
         <run_address>0x6118</run_address>
         <size>0x2c</size>
         <alignment>0x4</alignment>
         <input_file_ref idref="fl-a"/>
      </object_component>
      <object_component id="oc-11a">
         <name>.text.__floatsidf</name>
         <load_address>0x6144</load_address>
         <readonly>true</readonly>
         <executable>true</executable>
         <run_address>0x6144</run_address>
         <size>0x2c</size>
         <alignment>0x4</alignment>
         <input_file_ref idref="fl-fa"/>
      </object_component>
      <object_component id="oc-23e">
         <name>.text.DL_Common_updateReg</name>
         <load_address>0x6170</load_address>
         <readonly>true</readonly>
         <executable>true</executable>
         <run_address>0x6170</run_address>
         <size>0x28</size>
         <alignment>0x2</alignment>
         <input_file_ref idref="fl-1"/>
      </object_component>
      <object_component id="oc-167">
         <name>.text.DL_DMA_setDestAddr</name>
         <load_address>0x6198</load_address>
         <readonly>true</readonly>
         <executable>true</executable>
         <run_address>0x6198</run_address>
         <size>0x28</size>
         <alignment>0x4</alignment>
         <input_file_ref idref="fl-8"/>
      </object_component>
      <object_component id="oc-166">
         <name>.text.DL_DMA_setSrcAddr</name>
         <load_address>0x61c0</load_address>
         <readonly>true</readonly>
         <executable>true</executable>
         <run_address>0x61c0</run_address>
         <size>0x28</size>
         <alignment>0x4</alignment>
         <input_file_ref idref="fl-8"/>
      </object_component>
      <object_component id="oc-213">
         <name>.text.DL_SYSTICK_init</name>
         <load_address>0x61e8</load_address>
         <readonly>true</readonly>
         <executable>true</executable>
         <run_address>0x61e8</run_address>
         <size>0x28</size>
         <alignment>0x4</alignment>
         <input_file_ref idref="fl-1"/>
      </object_component>
      <object_component id="oc-1e5">
         <name>.text.DL_Timer_enableEvent</name>
         <load_address>0x6210</load_address>
         <readonly>true</readonly>
         <executable>true</executable>
         <run_address>0x6210</run_address>
         <size>0x28</size>
         <alignment>0x4</alignment>
         <input_file_ref idref="fl-1"/>
      </object_component>
      <object_component id="oc-197">
         <name>.text.__floatunsisf</name>
         <load_address>0x6238</load_address>
         <readonly>true</readonly>
         <executable>true</executable>
         <run_address>0x6238</run_address>
         <size>0x28</size>
         <alignment>0x4</alignment>
         <input_file_ref idref="fl-fc"/>
      </object_component>
      <object_component id="oc-239">
         <name>.text.free_list_insert</name>
         <load_address>0x6260</load_address>
         <readonly>true</readonly>
         <executable>true</executable>
         <run_address>0x6260</run_address>
         <size>0x28</size>
         <alignment>0x4</alignment>
         <input_file_ref idref="fl-3e"/>
      </object_component>
      <object_component id="oc-79">
         <name>.text:_c_int00_noargs</name>
         <load_address>0x6288</load_address>
         <readonly>true</readonly>
         <executable>true</executable>
         <run_address>0x6288</run_address>
         <size>0x28</size>
         <alignment>0x4</alignment>
         <input_file_ref idref="fl-44"/>
      </object_component>
      <object_component id="oc-169">
         <name>.text.DL_DMA_enableChannel</name>
         <load_address>0x62b0</load_address>
         <readonly>true</readonly>
         <executable>true</executable>
         <run_address>0x62b0</run_address>
         <size>0x26</size>
         <alignment>0x2</alignment>
         <input_file_ref idref="fl-8"/>
      </object_component>
      <object_component id="oc-1fc">
         <name>.text.DL_SPI_setBitRateSerialClockDivider</name>
         <load_address>0x62d8</load_address>
         <readonly>true</readonly>
         <executable>true</executable>
         <run_address>0x62d8</run_address>
         <size>0x24</size>
         <alignment>0x4</alignment>
         <input_file_ref idref="fl-1"/>
      </object_component>
      <object_component id="oc-251">
         <name>.text.memccpy</name>
         <load_address>0x62fc</load_address>
         <readonly>true</readonly>
         <executable>true</executable>
         <run_address>0x62fc</run_address>
         <size>0x22</size>
         <alignment>0x2</alignment>
         <input_file_ref idref="fl-3d"/>
      </object_component>
      <object_component id="oc-1c0">
         <name>.text.DL_GPIO_initPeripheralInputFunction</name>
         <load_address>0x6320</load_address>
         <readonly>true</readonly>
         <executable>true</executable>
         <run_address>0x6320</run_address>
         <size>0x20</size>
         <alignment>0x4</alignment>
         <input_file_ref idref="fl-1"/>
      </object_component>
      <object_component id="oc-1cb">
         <name>.text.DL_SYSCTL_setFlashWaitState</name>
         <load_address>0x6340</load_address>
         <readonly>true</readonly>
         <executable>true</executable>
         <run_address>0x6340</run_address>
         <size>0x20</size>
         <alignment>0x4</alignment>
         <input_file_ref idref="fl-1"/>
      </object_component>
      <object_component id="oc-1d9">
         <name>.text.DL_SYSCTL_setMFPCLKSource</name>
         <load_address>0x6360</load_address>
         <readonly>true</readonly>
         <executable>true</executable>
         <run_address>0x6360</run_address>
         <size>0x20</size>
         <alignment>0x4</alignment>
         <input_file_ref idref="fl-1"/>
      </object_component>
      <object_component id="oc-27a">
         <name>.text.DL_UART_transmitDataBlocking</name>
         <load_address>0x6380</load_address>
         <readonly>true</readonly>
         <executable>true</executable>
         <run_address>0x6380</run_address>
         <size>0x20</size>
         <alignment>0x4</alignment>
         <input_file_ref idref="fl-1e"/>
      </object_component>
      <object_component id="oc-209">
         <name>.text.DL_ADC12_setPowerDownMode</name>
         <load_address>0x63a0</load_address>
         <readonly>true</readonly>
         <executable>true</executable>
         <run_address>0x63a0</run_address>
         <size>0x1e</size>
         <alignment>0x2</alignment>
         <input_file_ref idref="fl-1"/>
      </object_component>
      <object_component id="oc-1f0">
         <name>.text.DL_UART_setOversampling</name>
         <load_address>0x63be</load_address>
         <readonly>true</readonly>
         <executable>true</executable>
         <run_address>0x63be</run_address>
         <size>0x1e</size>
         <alignment>0x2</alignment>
         <input_file_ref idref="fl-1"/>
      </object_component>
      <object_component id="oc-c1">
         <name>.text.LCD_WR_DATA</name>
         <load_address>0x63dc</load_address>
         <readonly>true</readonly>
         <executable>true</executable>
         <run_address>0x63dc</run_address>
         <size>0x1e</size>
         <alignment>0x2</alignment>
         <input_file_ref idref="fl-7"/>
      </object_component>
      <object_component id="oc-20e">
         <name>.text.DL_ADC12_clearInterruptStatus</name>
         <load_address>0x63fc</load_address>
         <readonly>true</readonly>
         <executable>true</executable>
         <run_address>0x63fc</run_address>
         <size>0x1c</size>
         <alignment>0x4</alignment>
         <input_file_ref idref="fl-1"/>
      </object_component>
      <object_component id="oc-20a">
         <name>.text.DL_ADC12_enableDMA</name>
         <load_address>0x6418</load_address>
         <readonly>true</readonly>
         <executable>true</executable>
         <run_address>0x6418</run_address>
         <size>0x1c</size>
         <alignment>0x4</alignment>
         <input_file_ref idref="fl-1"/>
      </object_component>
      <object_component id="oc-20c">
         <name>.text.DL_ADC12_enableDMATrigger</name>
         <load_address>0x6434</load_address>
         <readonly>true</readonly>
         <executable>true</executable>
         <run_address>0x6434</run_address>
         <size>0x1c</size>
         <alignment>0x4</alignment>
         <input_file_ref idref="fl-1"/>
      </object_component>
      <object_component id="oc-20f">
         <name>.text.DL_ADC12_enableInterrupt</name>
         <load_address>0x6450</load_address>
         <readonly>true</readonly>
         <executable>true</executable>
         <run_address>0x6450</run_address>
         <size>0x1c</size>
         <alignment>0x4</alignment>
         <input_file_ref idref="fl-1"/>
      </object_component>
      <object_component id="oc-1c7">
         <name>.text.DL_GPIO_clearInterruptStatus</name>
         <load_address>0x646c</load_address>
         <readonly>true</readonly>
         <executable>true</executable>
         <run_address>0x646c</run_address>
         <size>0x1c</size>
         <alignment>0x4</alignment>
         <input_file_ref idref="fl-1"/>
      </object_component>
      <object_component id="oc-1c8">
         <name>.text.DL_GPIO_enableInterrupt</name>
         <load_address>0x6488</load_address>
         <readonly>true</readonly>
         <executable>true</executable>
         <run_address>0x6488</run_address>
         <size>0x1c</size>
         <alignment>0x4</alignment>
         <input_file_ref idref="fl-1"/>
      </object_component>
      <object_component id="oc-1bf">
         <name>.text.DL_GPIO_initPeripheralOutputFunction</name>
         <load_address>0x64a4</load_address>
         <readonly>true</readonly>
         <executable>true</executable>
         <run_address>0x64a4</run_address>
         <size>0x1c</size>
         <alignment>0x4</alignment>
         <input_file_ref idref="fl-1"/>
      </object_component>
      <object_component id="oc-87">
         <name>.text.DL_Interrupt_getPendingGroup</name>
         <load_address>0x64c0</load_address>
         <readonly>true</readonly>
         <executable>true</executable>
         <run_address>0x64c0</run_address>
         <size>0x1c</size>
         <alignment>0x4</alignment>
         <input_file_ref idref="fl-a"/>
      </object_component>
      <object_component id="oc-1cc">
         <name>.text.DL_SYSCTL_setSYSOSCFreq</name>
         <load_address>0x64dc</load_address>
         <readonly>true</readonly>
         <executable>true</executable>
         <run_address>0x64dc</run_address>
         <size>0x1c</size>
         <alignment>0x4</alignment>
         <input_file_ref idref="fl-1"/>
      </object_component>
      <object_component id="oc-1d6">
         <name>.text.DL_SYSCTL_setULPCLKDivider</name>
         <load_address>0x64f8</load_address>
         <readonly>true</readonly>
         <executable>true</executable>
         <run_address>0x64f8</run_address>
         <size>0x1c</size>
         <alignment>0x4</alignment>
         <input_file_ref idref="fl-1"/>
      </object_component>
      <object_component id="oc-1dd">
         <name>.text.DL_Timer_setClockConfig</name>
         <load_address>0x6514</load_address>
         <readonly>true</readonly>
         <executable>true</executable>
         <run_address>0x6514</run_address>
         <size>0x1c</size>
         <alignment>0x4</alignment>
         <input_file_ref idref="fl-1d"/>
      </object_component>
      <object_component id="oc-227">
         <name>.text.fputc</name>
         <load_address>0x6530</load_address>
         <readonly>true</readonly>
         <executable>true</executable>
         <run_address>0x6530</run_address>
         <size>0x1c</size>
         <alignment>0x4</alignment>
         <input_file_ref idref="fl-5"/>
      </object_component>
      <object_component id="oc-237">
         <name>.text.free_list_remove</name>
         <load_address>0x654c</load_address>
         <readonly>true</readonly>
         <executable>true</executable>
         <run_address>0x654c</run_address>
         <size>0x1c</size>
         <alignment>0x4</alignment>
         <input_file_ref idref="fl-3e"/>
      </object_component>
      <object_component id="oc-20d">
         <name>.text.DL_ADC12_setSubscriberChanID</name>
         <load_address>0x6568</load_address>
         <readonly>true</readonly>
         <executable>true</executable>
         <run_address>0x6568</run_address>
         <size>0x1a</size>
         <alignment>0x2</alignment>
         <input_file_ref idref="fl-1"/>
      </object_component>
      <object_component id="oc-1b9">
         <name>.text.DL_ADC12_enablePower</name>
         <load_address>0x6584</load_address>
         <readonly>true</readonly>
         <executable>true</executable>
         <run_address>0x6584</run_address>
         <size>0x18</size>
         <alignment>0x4</alignment>
         <input_file_ref idref="fl-1"/>
      </object_component>
      <object_component id="oc-1b4">
         <name>.text.DL_ADC12_reset</name>
         <load_address>0x659c</load_address>
         <readonly>true</readonly>
         <executable>true</executable>
         <run_address>0x659c</run_address>
         <size>0x18</size>
         <alignment>0x4</alignment>
         <input_file_ref idref="fl-1"/>
      </object_component>
      <object_component id="oc-1c5">
         <name>.text.DL_GPIO_enableOutput</name>
         <load_address>0x65b4</load_address>
         <readonly>true</readonly>
         <executable>true</executable>
         <run_address>0x65b4</run_address>
         <size>0x18</size>
         <alignment>0x4</alignment>
         <input_file_ref idref="fl-1"/>
      </object_component>
      <object_component id="oc-1b5">
         <name>.text.DL_GPIO_enablePower</name>
         <load_address>0x65cc</load_address>
         <readonly>true</readonly>
         <executable>true</executable>
         <run_address>0x65cc</run_address>
         <size>0x18</size>
         <alignment>0x4</alignment>
         <input_file_ref idref="fl-1"/>
      </object_component>
      <object_component id="oc-1c3">
         <name>.text.DL_GPIO_initDigitalOutput</name>
         <load_address>0x65e4</load_address>
         <readonly>true</readonly>
         <executable>true</executable>
         <run_address>0x65e4</run_address>
         <size>0x18</size>
         <alignment>0x4</alignment>
         <input_file_ref idref="fl-1"/>
      </object_component>
      <object_component id="oc-1be">
         <name>.text.DL_GPIO_initPeripheralAnalogFunction</name>
         <load_address>0x65fc</load_address>
         <readonly>true</readonly>
         <executable>true</executable>
         <run_address>0x65fc</run_address>
         <size>0x18</size>
         <alignment>0x4</alignment>
         <input_file_ref idref="fl-1"/>
      </object_component>
      <object_component id="oc-1b0">
         <name>.text.DL_GPIO_reset</name>
         <load_address>0x6614</load_address>
         <readonly>true</readonly>
         <executable>true</executable>
         <run_address>0x6614</run_address>
         <size>0x18</size>
         <alignment>0x4</alignment>
         <input_file_ref idref="fl-1"/>
      </object_component>
      <object_component id="oc-228">
         <name>.text.DL_GPIO_setPins</name>
         <load_address>0x662c</load_address>
         <readonly>true</readonly>
         <executable>true</executable>
         <run_address>0x662c</run_address>
         <size>0x18</size>
         <alignment>0x4</alignment>
         <input_file_ref idref="fl-4"/>
      </object_component>
      <object_component id="oc-164">
         <name>.text.DL_GPIO_setPins</name>
         <load_address>0x6644</load_address>
         <readonly>true</readonly>
         <executable>true</executable>
         <run_address>0x6644</run_address>
         <size>0x18</size>
         <alignment>0x4</alignment>
         <input_file_ref idref="fl-7"/>
      </object_component>
      <object_component id="oc-de">
         <name>.text.DL_GPIO_setPins</name>
         <load_address>0x665c</load_address>
         <readonly>true</readonly>
         <executable>true</executable>
         <run_address>0x665c</run_address>
         <size>0x18</size>
         <alignment>0x4</alignment>
         <input_file_ref idref="fl-3"/>
      </object_component>
      <object_component id="oc-1c9">
         <name>.text.DL_GPIO_setPins</name>
         <load_address>0x6674</load_address>
         <readonly>true</readonly>
         <executable>true</executable>
         <run_address>0x6674</run_address>
         <size>0x18</size>
         <alignment>0x4</alignment>
         <input_file_ref idref="fl-1"/>
      </object_component>
      <object_component id="oc-1c6">
         <name>.text.DL_GPIO_setUpperPinsPolarity</name>
         <load_address>0x668c</load_address>
         <readonly>true</readonly>
         <executable>true</executable>
         <run_address>0x668c</run_address>
         <size>0x18</size>
         <alignment>0x2</alignment>
         <input_file_ref idref="fl-1"/>
      </object_component>
      <object_component id="oc-1fe">
         <name>.text.DL_SPI_enable</name>
         <load_address>0x66a4</load_address>
         <readonly>true</readonly>
         <executable>true</executable>
         <run_address>0x66a4</run_address>
         <size>0x18</size>
         <alignment>0x4</alignment>
         <input_file_ref idref="fl-1"/>
      </object_component>
      <object_component id="oc-1b8">
         <name>.text.DL_SPI_enablePower</name>
         <load_address>0x66bc</load_address>
         <readonly>true</readonly>
         <executable>true</executable>
         <run_address>0x66bc</run_address>
         <size>0x18</size>
         <alignment>0x4</alignment>
         <input_file_ref idref="fl-1"/>
      </object_component>
      <object_component id="oc-186">
         <name>.text.DL_SPI_isBusy</name>
         <load_address>0x66d4</load_address>
         <readonly>true</readonly>
         <executable>true</executable>
         <run_address>0x66d4</run_address>
         <size>0x18</size>
         <alignment>0x4</alignment>
         <input_file_ref idref="fl-7"/>
      </object_component>
      <object_component id="oc-1b3">
         <name>.text.DL_SPI_reset</name>
         <load_address>0x66ec</load_address>
         <readonly>true</readonly>
         <executable>true</executable>
         <run_address>0x66ec</run_address>
         <size>0x18</size>
         <alignment>0x4</alignment>
         <input_file_ref idref="fl-1"/>
      </object_component>
      <object_component id="oc-1ca">
         <name>.text.DL_SYSCTL_setBORThreshold</name>
         <load_address>0x6704</load_address>
         <readonly>true</readonly>
         <executable>true</executable>
         <run_address>0x6704</run_address>
         <size>0x18</size>
         <alignment>0x4</alignment>
         <input_file_ref idref="fl-1"/>
      </object_component>
      <object_component id="oc-1b6">
         <name>.text.DL_Timer_enablePower</name>
         <load_address>0x671c</load_address>
         <readonly>true</readonly>
         <executable>true</executable>
         <run_address>0x671c</run_address>
         <size>0x18</size>
         <alignment>0x4</alignment>
         <input_file_ref idref="fl-1"/>
      </object_component>
      <object_component id="oc-1b1">
         <name>.text.DL_Timer_reset</name>
         <load_address>0x6734</load_address>
         <readonly>true</readonly>
         <executable>true</executable>
         <run_address>0x6734</run_address>
         <size>0x18</size>
         <alignment>0x4</alignment>
         <input_file_ref idref="fl-1"/>
      </object_component>
      <object_component id="oc-94">
         <name>.text.DL_Timer_setLoadValue</name>
         <load_address>0x674c</load_address>
         <readonly>true</readonly>
         <executable>true</executable>
         <run_address>0x674c</run_address>
         <size>0x18</size>
         <alignment>0x4</alignment>
         <input_file_ref idref="fl-a"/>
      </object_component>
      <object_component id="oc-95">
         <name>.text.DL_Timer_startCounter</name>
         <load_address>0x6764</load_address>
         <readonly>true</readonly>
         <executable>true</executable>
         <run_address>0x6764</run_address>
         <size>0x18</size>
         <alignment>0x4</alignment>
         <input_file_ref idref="fl-a"/>
      </object_component>
      <object_component id="oc-9b">
         <name>.text.DL_Timer_stopCounter</name>
         <load_address>0x677c</load_address>
         <readonly>true</readonly>
         <executable>true</executable>
         <run_address>0x677c</run_address>
         <size>0x18</size>
         <alignment>0x4</alignment>
         <input_file_ref idref="fl-8"/>
      </object_component>
      <object_component id="oc-1b7">
         <name>.text.DL_UART_enablePower</name>
         <load_address>0x6794</load_address>
         <readonly>true</readonly>
         <executable>true</executable>
         <run_address>0x6794</run_address>
         <size>0x18</size>
         <alignment>0x4</alignment>
         <input_file_ref idref="fl-1"/>
      </object_component>
      <object_component id="oc-1b2">
         <name>.text.DL_UART_reset</name>
         <load_address>0x67ac</load_address>
         <readonly>true</readonly>
         <executable>true</executable>
         <run_address>0x67ac</run_address>
         <size>0x18</size>
         <alignment>0x4</alignment>
         <input_file_ref idref="fl-1"/>
      </object_component>
      <object_component id="oc-163">
         <name>.text.delayLCD_ms</name>
         <load_address>0x67c4</load_address>
         <readonly>true</readonly>
         <executable>true</executable>
         <run_address>0x67c4</run_address>
         <size>0x18</size>
         <alignment>0x4</alignment>
         <input_file_ref idref="fl-7"/>
      </object_component>
      <object_component id="oc-210">
         <name>.text.DL_ADC12_enableConversions</name>
         <load_address>0x67dc</load_address>
         <readonly>true</readonly>
         <executable>true</executable>
         <run_address>0x67dc</run_address>
         <size>0x16</size>
         <alignment>0x2</alignment>
         <input_file_ref idref="fl-1"/>
      </object_component>
      <object_component id="oc-88">
         <name>.text.DL_GPIO_readPins</name>
         <load_address>0x67f2</load_address>
         <readonly>true</readonly>
         <executable>true</executable>
         <run_address>0x67f2</run_address>
         <size>0x16</size>
         <alignment>0x2</alignment>
         <input_file_ref idref="fl-a"/>
      </object_component>
      <object_component id="oc-185">
         <name>.text.DL_SPI_transmitData8</name>
         <load_address>0x6808</load_address>
         <readonly>true</readonly>
         <executable>true</executable>
         <run_address>0x6808</run_address>
         <size>0x16</size>
         <alignment>0x2</alignment>
         <input_file_ref idref="fl-7"/>
      </object_component>
      <object_component id="oc-1f2">
         <name>.text.DL_UART_enable</name>
         <load_address>0x681e</load_address>
         <readonly>true</readonly>
         <executable>true</executable>
         <run_address>0x681e</run_address>
         <size>0x16</size>
         <alignment>0x2</alignment>
         <input_file_ref idref="fl-1"/>
      </object_component>
      <object_component id="oc-e7">
         <name>.text.Key_Init</name>
         <load_address>0x6834</load_address>
         <readonly>true</readonly>
         <executable>true</executable>
         <run_address>0x6834</run_address>
         <size>0x16</size>
         <alignment>0x2</alignment>
         <input_file_ref idref="fl-a"/>
      </object_component>
      <object_component id="oc-89">
         <name>.text.delay_ms</name>
         <load_address>0x684a</load_address>
         <readonly>true</readonly>
         <executable>true</executable>
         <run_address>0x684a</run_address>
         <size>0x16</size>
         <alignment>0x2</alignment>
         <input_file_ref idref="fl-5"/>
      </object_component>
      <object_component id="oc-16e">
         <name>.text.DL_GPIO_clearPins</name>
         <load_address>0x6860</load_address>
         <readonly>true</readonly>
         <executable>true</executable>
         <run_address>0x6860</run_address>
         <size>0x14</size>
         <alignment>0x2</alignment>
         <input_file_ref idref="fl-4"/>
      </object_component>
      <object_component id="oc-162">
         <name>.text.DL_GPIO_clearPins</name>
         <load_address>0x6874</load_address>
         <readonly>true</readonly>
         <executable>true</executable>
         <run_address>0x6874</run_address>
         <size>0x14</size>
         <alignment>0x2</alignment>
         <input_file_ref idref="fl-7"/>
      </object_component>
      <object_component id="oc-1c4">
         <name>.text.DL_GPIO_clearPins</name>
         <load_address>0x6888</load_address>
         <readonly>true</readonly>
         <executable>true</executable>
         <run_address>0x6888</run_address>
         <size>0x14</size>
         <alignment>0x2</alignment>
[...]
      <symbol id="sm-203">
         <name>LCD_DrawLine</name>
         <value>0x4225</value>
         <object_component_ref idref="oc-174"/>
      </symbol>
      <symbol id="sm-204">
         <name>LCD_ShowChar</name>
         <value>0x3835</value>
         <object_component_ref idref="oc-c4"/>
      </symbol>
      <symbol id="sm-205">
         <name>ascii_3216</name>
         <value>0xc0</value>
         <object_component_ref idref="oc-115"/>
      </symbol>
      <symbol id="sm-206">
         <name>ascii_2412</name>
         <value>0x1880</value>
         <object_component_ref idref="oc-116"/>
      </symbol>
      <symbol id="sm-207">
         <name>ascii_1608</name>
         <value>0x2a50</value>
         <object_component_ref idref="oc-117"/>
      </symbol>
      <symbol id="sm-208">
         <name>ascii_1206</name>
         <value>0x3040</value>
         <object_component_ref idref="oc-118"/>
      </symbol>
      <symbol id="sm-209">
         <name>LCD_ShowString</name>
         <value>0x5369</value>
         <object_component_ref idref="oc-93"/>
      </symbol>
      <symbol id="sm-20a">
         <name>mypow</name>
         <value>0x5fe1</value>
         <object_component_ref idref="oc-1ae"/>
      </symbol>
      <symbol id="sm-20b">
         <name>LCD_ShowIntNum</name>
         <value>0x434d</value>
         <object_component_ref idref="oc-140"/>
      </symbol>
      <symbol id="sm-20c">
         <name>LCD_ShowInt32Num</name>
         <value>0x4465</value>
         <object_component_ref idref="oc-13f"/>
      </symbol>
      <symbol id="sm-235">
         <name>LCD_GPIO_Init</name>
         <value>0x3f7f</value>
         <object_component_ref idref="oc-161"/>
      </symbol>
      <symbol id="sm-236">
         <name>LCD_Writ_Bus</name>
         <value>0x5a71</value>
         <object_component_ref idref="oc-10f"/>
      </symbol>
      <symbol id="sm-237">
         <name>LCD_WR_DATA8</name>
         <value>0x68d9</value>
         <object_component_ref idref="oc-165"/>
      </symbol>
      <symbol id="sm-238">
         <name>LCD_WR_DATA</name>
         <value>0x63dd</value>
         <object_component_ref idref="oc-c1"/>
      </symbol>
      <symbol id="sm-239">
         <name>LCD_WR_REG</name>
         <value>0x5fb1</value>
         <object_component_ref idref="oc-10c"/>
      </symbol>
      <symbol id="sm-23a">
         <name>LCD_Address_Set</name>
         <value>0x5789</value>
         <object_component_ref idref="oc-bc"/>
      </symbol>
      <symbol id="sm-23b">
         <name>delayLCD_ms</name>
         <value>0x67c5</value>
         <object_component_ref idref="oc-163"/>
      </symbol>
      <symbol id="sm-23c">
         <name>LCD_Init</name>
         <value>0x3c29</value>
         <object_component_ref idref="oc-e5"/>
      </symbol>
      <symbol id="sm-267">
         <name>ADC_Init</name>
         <value>0x5731</value>
         <object_component_ref idref="oc-e6"/>
      </symbol>
      <symbol id="sm-268">
         <name>ADC0_IRQHandler</name>
         <value>0x59a5</value>
         <object_component_ref idref="oc-46"/>
      </symbol>
      <symbol id="sm-276">
         <name>Show_UI</name>
         <value>0x4ced</value>
         <object_component_ref idref="oc-ee"/>
      </symbol>
      <symbol id="sm-2af">
         <name>Key_Init</name>
         <value>0x6835</value>
         <object_component_ref idref="oc-e7"/>
      </symbol>
      <symbol id="sm-2b0">
         <name>compare</name>
         <value>0x68ed</value>
         <object_component_ref idref="oc-1a4"/>
      </symbol>
      <symbol id="sm-2b1">
         <name>Result_Calculate</name>
         <value>0x3f81</value>
         <object_component_ref idref="oc-12a"/>
      </symbol>
      <symbol id="sm-2b2">
         <name>Adjust_LoadValue</name>
         <value>0x5e55</value>
         <object_component_ref idref="oc-c7"/>
      </symbol>
      <symbol id="sm-2b3">
         <name>LoadValue_Index</name>
         <value>0x20201688</value>
         <object_component_ref idref="oc-c8"/>
      </symbol>
      <symbol id="sm-2b4">
         <name>LoadValue</name>
         <value>0x20201660</value>
         <object_component_ref idref="oc-97"/>
      </symbol>
      <symbol id="sm-2b5">
         <name>Calculate_First</name>
         <value>0x4fad</value>
         <object_component_ref idref="oc-9c"/>
      </symbol>
      <symbol id="sm-2b6">
         <name>Find_TriggerPoint</name>
         <value>0x4f0d</value>
         <object_component_ref idref="oc-c5"/>
      </symbol>
      <symbol id="sm-2b7">
         <name>Calculate_and_Show</name>
         <value>0x3a49</value>
         <object_component_ref idref="oc-c6"/>
      </symbol>
      <symbol id="sm-2b8">
         <name>Freq</name>
         <value>0x20201670</value>
         <object_component_ref idref="oc-c9"/>
      </symbol>
      <symbol id="sm-2b9">
         <name>IndexDiff_Final</name>
         <value>0x20201686</value>
         <object_component_ref idref="oc-ca"/>
      </symbol>
      <symbol id="sm-2ba">
         <name>StartIndex</name>
         <value>0x2020168a</value>
         <object_component_ref idref="oc-cb"/>
      </symbol>
      <symbol id="sm-2bb">
         <name>TriggerCount</name>
         <value>0x2020168c</value>
         <object_component_ref idref="oc-cc"/>
      </symbol>
      <symbol id="sm-2bc">
         <name>TriggerFlag</name>
         <value>0x2020168e</value>
         <object_component_ref idref="oc-cd"/>
      </symbol>
      <symbol id="sm-2bd">
         <name>TriggerIndex</name>
         <value>0x202010f0</value>
      </symbol>
      <symbol id="sm-2be">
         <name>IndexDiff</name>
         <value>0x202010a0</value>
      </symbol>
      <symbol id="sm-2bf">
         <name>Calculate_Second</name>
         <value>0x50d9</value>
         <object_component_ref idref="oc-9d"/>
      </symbol>
      <symbol id="sm-2c0">
         <name>GROUP1_IRQHandler</name>
         <value>0x4e69</value>
         <object_component_ref idref="oc-3f"/>
      </symbol>
      <symbol id="sm-2c1">
         <name>__TI_ATRegion0_src_addr</name>
         <value>0x0</value>
      </symbol>
      <symbol id="sm-2c2">
         <name>__TI_ATRegion0_trg_addr</name>
         <value>0x0</value>
      </symbol>
      <symbol id="sm-2c3">
         <name>__TI_ATRegion0_region_sz</name>
         <value>0x0</value>
      </symbol>
      <symbol id="sm-2c4">
         <name>__TI_ATRegion1_src_addr</name>
         <value>0x0</value>
      </symbol>
      <symbol id="sm-2c5">
         <name>__TI_ATRegion1_trg_addr</name>
         <value>0x0</value>
      </symbol>
      <symbol id="sm-2c6">
         <name>__TI_ATRegion1_region_sz</name>
         <value>0x0</value>
      </symbol>
      <symbol id="sm-2c7">
         <name>__TI_ATRegion2_src_addr</name>
         <value>0x0</value>
      </symbol>
      <symbol id="sm-2c8">
         <name>__TI_ATRegion2_trg_addr</name>
         <value>0x0</value>
      </symbol>
      <symbol id="sm-2c9">
         <name>__TI_ATRegion2_region_sz</name>
         <value>0x0</value>
      </symbol>
      <symbol id="sm-2d4">
         <name>DL_ADC12_setClockConfig</name>
         <value>0x5b3d</value>
         <object_component_ref idref="oc-201"/>
      </symbol>
      <symbol id="sm-2dd">
         <name>DL_Common_delayCycles</name>
         <value>0x6a0d</value>
         <object_component_ref idref="oc-1ba"/>
      </symbol>
      <symbol id="sm-2e7">
         <name>DL_DMA_initChannel</name>
         <value>0x5879</value>
         <object_component_ref idref="oc-24a"/>
      </symbol>
      <symbol id="sm-2f4">
         <name>DL_SPI_init</name>
         <value>0x59e9</value>
         <object_component_ref idref="oc-1fb"/>
      </symbol>
      <symbol id="sm-2f5">
         <name>DL_SPI_setClockConfig</name>
         <value>0x6913</value>
         <object_component_ref idref="oc-1f5"/>
      </symbol>
      <symbol id="sm-305">
         <name>DL_Timer_setClockConfig</name>
         <value>0x6515</value>
         <object_component_ref idref="oc-1dd"/>
      </symbol>
      <symbol id="sm-306">
         <name>DL_Timer_initTimerMode</name>
         <value>0x4885</value>
         <object_component_ref idref="oc-1e3"/>
      </symbol>
      <symbol id="sm-316">
         <name>DL_UART_init</name>
         <value>0x595d</value>
         <object_component_ref idref="oc-1ef"/>
      </symbol>
      <symbol id="sm-317">
         <name>DL_UART_setClockConfig</name>
         <value>0x6925</value>
         <object_component_ref idref="oc-1e9"/>
      </symbol>
      <symbol id="sm-318">
         <name>DL_UART_transmitDataBlocking</name>
         <value>0x6381</value>
         <object_component_ref idref="oc-27a"/>
      </symbol>
      <symbol id="sm-329">
         <name>DL_SYSCTL_configSYSPLL</name>
         <value>0x4b39</value>
         <object_component_ref idref="oc-1d5"/>
      </symbol>
      <symbol id="sm-32a">
         <name>DL_SYSCTL_switchMCLKfromSYSOSCtoHSCLK</name>
         <value>0x5a2d</value>
         <object_component_ref idref="oc-1da"/>
      </symbol>
      <symbol id="sm-32b">
         <name>DL_SYSCTL_setHFCLKSourceHFXTParams</name>
         <value>0x5549</value>
         <object_component_ref idref="oc-1cf"/>
      </symbol>
      <symbol id="sm-33c">
         <name>printf</name>
         <value>0x56d5</value>
         <object_component_ref idref="oc-df"/>
      </symbol>
      <symbol id="sm-352">
         <name>__TI_printfi_minimal</name>
         <value>0x35b1</value>
         <object_component_ref idref="oc-215"/>
      </symbol>
      <symbol id="sm-35d">
         <name>_nop</name>
         <value>0x53e3</value>
         <object_component_ref idref="oc-21d"/>
      </symbol>
      <symbol id="sm-35e">
         <name>_lock</name>
         <value>0x20201678</value>
         <object_component_ref idref="oc-158"/>
      </symbol>
      <symbol id="sm-35f">
         <name>_unlock</name>
         <value>0x2020167c</value>
         <object_component_ref idref="oc-15e"/>
      </symbol>
      <symbol id="sm-367">
         <name>_ftable</name>
         <value>0x20201570</value>
         <object_component_ref idref="oc-15a"/>
      </symbol>
      <symbol id="sm-370">
         <name>memccpy</name>
         <value>0x62fd</value>
         <object_component_ref idref="oc-251"/>
      </symbol>
      <symbol id="sm-393">
         <name>malloc</name>
         <value>0x6a01</value>
         <object_component_ref idref="oc-191"/>
      </symbol>
      <symbol id="sm-394">
         <name>aligned_alloc</name>
         <value>0x4579</value>
         <object_component_ref idref="oc-230"/>
      </symbol>
      <symbol id="sm-395">
         <name>free</name>
         <value>0x496d</value>
         <object_component_ref idref="oc-1a3"/>
      </symbol>
      <symbol id="sm-396">
         <name>_sys_memory</name>
         <value>0x20201170</value>
         <object_component_ref idref="oc-2f"/>
      </symbol>
      <symbol id="sm-397">
         <name>memalign</name>
         <value>0x4579</value>
         <object_component_ref idref="oc-230"/>
      </symbol>
      <symbol id="sm-3a0">
         <name>qsort</name>
         <value>0x40f1</value>
         <object_component_ref idref="oc-193"/>
      </symbol>
      <symbol id="sm-3a9">
         <name>strlen</name>
         <value>0x69d9</value>
         <object_component_ref idref="oc-276"/>
      </symbol>
      <symbol id="sm-3b3">
         <name>__TI_zero_init</name>
         <value>0x699d</value>
         <object_component_ref idref="oc-76"/>
      </symbol>
      <symbol id="sm-3bc">
         <name>__TI_decompress_none</name>
         <value>0x6949</value>
         <object_component_ref idref="oc-20"/>
      </symbol>
      <symbol id="sm-3c7">
         <name>__TI_decompress_lzss</name>
         <value>0x52ed</value>
         <object_component_ref idref="oc-1c"/>
      </symbol>
      <symbol id="sm-3d2">
         <name>_c_int00_noargs</name>
         <value>0x6289</value>
         <object_component_ref idref="oc-79"/>
      </symbol>
      <symbol id="sm-3d3">
         <name>__stack</name>
         <value>0x20207e00</value>
         <object_component_ref idref="oc-1a"/>
      </symbol>
      <symbol id="sm-3e2">
         <name>abort</name>
         <value>0x6aa9</value>
         <object_component_ref idref="oc-f3"/>
      </symbol>
      <symbol id="sm-3e3">
         <name>C$$EXIT</name>
         <value>0x6aa8</value>
         <object_component_ref idref="oc-f3"/>
      </symbol>
      <symbol id="sm-3ef">
         <name>__TI_auto_init_nobinit_nopinit</name>
         <value>0x5d35</value>
         <object_component_ref idref="oc-fa"/>
      </symbol>
      <symbol id="sm-3f7">
         <name>_system_pre_init</name>
         <value>0x6aa5</value>
         <object_component_ref idref="oc-aa"/>
      </symbol>
      <symbol id="sm-408">
         <name>__aeabi_fadd</name>
         <value>0x4c1f</value>
         <object_component_ref idref="oc-19b"/>
      </symbol>
      <symbol id="sm-409">
         <name>__addsf3</name>
         <value>0x4c1f</value>
         <object_component_ref idref="oc-19b"/>
      </symbol>
      <symbol id="sm-40a">
         <name>__aeabi_fsub</name>
         <value>0x4c15</value>
         <object_component_ref idref="oc-19b"/>
      </symbol>
      <symbol id="sm-40b">
         <name>__subsf3</name>
         <value>0x4c15</value>
         <object_component_ref idref="oc-19b"/>
      </symbol>
      <symbol id="sm-411">
         <name>__aeabi_dadd</name>
         <value>0x3df7</value>
         <object_component_ref idref="oc-11e"/>
      </symbol>
      <symbol id="sm-412">
         <name>__adddf3</name>
         <value>0x3df7</value>
         <object_component_ref idref="oc-11e"/>
      </symbol>
      <symbol id="sm-413">
         <name>__aeabi_dsub</name>
         <value>0x3ded</value>
         <object_component_ref idref="oc-11e"/>
      </symbol>
      <symbol id="sm-414">
         <name>__subdf3</name>
         <value>0x3ded</value>
         <object_component_ref idref="oc-11e"/>
      </symbol>
      <symbol id="sm-41a">
         <name>__aeabi_dmul</name>
         <value>0x4a55</value>
         <object_component_ref idref="oc-12f"/>
      </symbol>
      <symbol id="sm-41b">
         <name>__muldf3</name>
         <value>0x4a55</value>
         <object_component_ref idref="oc-12f"/>
      </symbol>
      <symbol id="sm-421">
         <name>__muldsi3</name>
         <value>0x5d71</value>
         <object_component_ref idref="oc-1a6"/>
      </symbol>
      <symbol id="sm-427">
         <name>__aeabi_fdiv</name>
         <value>0x5269</value>
         <object_component_ref idref="oc-13b"/>
      </symbol>
      <symbol id="sm-428">
         <name>__divsf3</name>
         <value>0x5269</value>
         <object_component_ref idref="oc-13b"/>
      </symbol>
      <symbol id="sm-42e">
         <name>__aeabi_ddiv</name>
         <value>0x468d</value>
         <object_component_ref idref="oc-122"/>
      </symbol>
      <symbol id="sm-42f">
         <name>__divdf3</name>
         <value>0x468d</value>
         <object_component_ref idref="oc-122"/>
      </symbol>
      <symbol id="sm-435">
         <name>__aeabi_f2d</name>
         <value>0x5c7d</value>
         <object_component_ref idref="oc-12b"/>
      </symbol>
      <symbol id="sm-436">
         <name>__extendsfdf2</name>
         <value>0x5c7d</value>
         <object_component_ref idref="oc-12b"/>
      </symbol>
      <symbol id="sm-43c">
         <name>__aeabi_f2iz</name>
         <value>0x5e1d</value>
         <object_component_ref idref="oc-19f"/>
      </symbol>
      <symbol id="sm-43d">
         <name>__fixsfsi</name>
         <value>0x5e1d</value>
         <object_component_ref idref="oc-19f"/>
      </symbol>
      <symbol id="sm-443">
         <name>__aeabi_d2uiz</name>
         <value>0x5af9</value>
         <object_component_ref idref="oc-133"/>
      </symbol>
      <symbol id="sm-444">
         <name>__fixunsdfsi</name>
         <value>0x5af9</value>
         <object_component_ref idref="oc-133"/>
      </symbol>
      <symbol id="sm-44a">
         <name>__aeabi_i2d</name>
         <value>0x6145</value>
         <object_component_ref idref="oc-11a"/>
      </symbol>
      <symbol id="sm-44b">
         <name>__floatsidf</name>
         <value>0x6145</value>
         <object_component_ref idref="oc-11a"/>
      </symbol>
      <symbol id="sm-451">
         <name>__aeabi_i2f</name>
         <value>0x5cf9</value>
         <object_component_ref idref="oc-137"/>
      </symbol>
      <symbol id="sm-452">
         <name>__floatsisf</name>
         <value>0x5cf9</value>
         <object_component_ref idref="oc-137"/>
      </symbol>
      <symbol id="sm-458">
         <name>__aeabi_ui2f</name>
         <value>0x6239</value>
         <object_component_ref idref="oc-197"/>
      </symbol>
      <symbol id="sm-459">
         <name>__floatunsisf</name>
         <value>0x6239</value>
         <object_component_ref idref="oc-197"/>
      </symbol>
      <symbol id="sm-460">
         <name>__aeabi_d2f</name>
         <value>0x5461</value>
         <object_component_ref idref="oc-126"/>
      </symbol>
      <symbol id="sm-461">
         <name>__truncdfsf2</name>
         <value>0x5461</value>
         <object_component_ref idref="oc-126"/>
      </symbol>
      <symbol id="sm-467">
         <name>__aeabi_memcpy</name>
         <value>0x6a21</value>
         <object_component_ref idref="oc-69"/>
      </symbol>
      <symbol id="sm-468">
         <name>__aeabi_memcpy4</name>
         <value>0x6a21</value>
         <object_component_ref idref="oc-69"/>
      </symbol>
      <symbol id="sm-469">
         <name>__aeabi_memcpy8</name>
         <value>0x6a21</value>
         <object_component_ref idref="oc-69"/>
      </symbol>
      <symbol id="sm-472">
         <name>__aeabi_memset</name>
         <value>0x69bd</value>
         <object_component_ref idref="oc-250"/>
      </symbol>
      <symbol id="sm-473">
         <name>__aeabi_memset4</name>
         <value>0x69bd</value>
         <object_component_ref idref="oc-250"/>
      </symbol>
      <symbol id="sm-474">
         <name>__aeabi_memset8</name>
         <value>0x69bd</value>
         <object_component_ref idref="oc-250"/>
      </symbol>
      <symbol id="sm-475">
         <name>__aeabi_memclr</name>
         <value>0x69f5</value>
         <object_component_ref idref="oc-a5"/>
      </symbol>
      <symbol id="sm-476">
         <name>__aeabi_memclr4</name>
         <value>0x69f5</value>
         <object_component_ref idref="oc-a5"/>
      </symbol>
      <symbol id="sm-477">
         <name>__aeabi_memclr8</name>
         <value>0x69f5</value>
         <object_component_ref idref="oc-a5"/>
      </symbol>
      <symbol id="sm-47d">
         <name>__aeabi_uidiv</name>
         <value>0x5c3d</value>
         <object_component_ref idref="oc-110"/>
      </symbol>
      <symbol id="sm-47e">
         <name>__aeabi_uidivmod</name>
         <value>0x5c3d</value>
         <object_component_ref idref="oc-110"/>
      </symbol>
      <symbol id="sm-489">
         <name>__aeabi_idiv0</name>
         <value>0x52eb</value>
         <object_component_ref idref="oc-187"/>
      </symbol>
      <symbol id="sm-492">
         <name>TI_memcpy_small</name>
         <value>0x6937</value>
         <object_component_ref idref="oc-cf"/>
      </symbol>
      <symbol id="sm-49b">
         <name>TI_memset_small</name>
         <value>0x69e7</value>
         <object_component_ref idref="oc-144"/>
      </symbol>
      <symbol id="sm-49c">
         <name>__TI_static_base__</name>
         <value>0x0</value>
      </symbol>
      <symbol id="sm-49f">
         <name>__mpu_init</name>
         <value>0x0</value>
      </symbol>
      <symbol id="sm-4a0">
         <name>_system_post_cinit</name>
         <value>0x0</value>
      </symbol>
   </symbol_table>
   <title>Link successful</title>
</link_info>
