<?xml version="1.0" encoding="ISO-8859-1" ?>
<link_info>
   <banner>TI ARM Clang Linker PC v4.0.1.LTS</banner>
   <copyright>Copyright (c) 1996-2018 Texas Instruments Incorporated</copyright>
   <command_line>C:\ti\ccs2001\ccs\tools\compiler\ti-cgt-armllvm_4.0.1.LTS\bin\tiarmlnk -IC:\ti\ccs2001\ccs\tools\compiler\ti-cgt-armllvm_4.0.1.LTS\lib -o ZC003_v1.3.0.out -mZC003_v1.3.0.map --heap_size=0x400 -iC:/ti/mspm0_sdk_2_03_00_07/source -iD:/unniversity/EIDC/ZC003/ZC003_v1.3.0 -iD:/unniversity/EIDC/ZC003/ZC003_v1.3.0/Debug/syscfg -iC:/ti/ccs2001/ccs/tools/compiler/ti-cgt-armllvm_4.0.1.LTS/lib --diag_wrap=off --display_error_number --warn_sections --xml_link_info=ZC003_v1.3.0_linkInfo.xml --rom_model ./ti_msp_dl_config.o ./startup_mspm0g350x_ticlang.o ./main.o ./BSP/adf4002.o ./BSP/delay.o ./BSP/lcd.o ./BSP/lcd_init.o ./User/ADC.o ./User/UI.o ./User/measure.o -l./device_linker.cmd -lC:/ti/mspm0_sdk_2_03_00_07/source/third_party/CMSIS/DSP/lib/ticlang/m0p/arm_cortexM0l_math.a -ldevice.cmd.genlibs -llibc.a --start-group -llibc++.a -llibc++abi.a -llibc.a -llibsys.a -llibsysbm.a -llibclang_rt.builtins.a -llibclang_rt.profile.a --end-group --cg_opt_level=0</command_line>
   <link_time>0x67f92b3c</link_time>
   <link_errors>0x0</link_errors>
   <output_file>D:\unniversity\EIDC\ZC003\ZC003_v1.3.0\Debug\ZC003_v1.3.0.out</output_file>
   <entry_point>
      <name>_c_int00_noargs</name>
      <address>0x2f55</address>
   </entry_point>
   <input_file_list>
      <input_file id="fl-1">
         <path>D:\unniversity\EIDC\ZC003\ZC003_v1.3.0\Debug\.\</path>
         <kind>object</kind>
         <file>ti_msp_dl_config.o</file>
         <name>ti_msp_dl_config.o</name>
      </input_file>
      <input_file id="fl-2">
         <path>D:\unniversity\EIDC\ZC003\ZC003_v1.3.0\Debug\.\</path>
         <kind>object</kind>
         <file>startup_mspm0g350x_ticlang.o</file>
         <name>startup_mspm0g350x_ticlang.o</name>
      </input_file>
      <input_file id="fl-3">
         <path>D:\unniversity\EIDC\ZC003\ZC003_v1.3.0\Debug\.\</path>
         <kind>object</kind>
         <file>main.o</file>
         <name>main.o</name>
      </input_file>
      <input_file id="fl-4">
         <path>D:\unniversity\EIDC\ZC003\ZC003_v1.3.0\Debug\.\BSP\</path>
         <kind>object</kind>
         <file>adf4002.o</file>
         <name>adf4002.o</name>
      </input_file>
      <input_file id="fl-5">
         <path>D:\unniversity\EIDC\ZC003\ZC003_v1.3.0\Debug\.\BSP\</path>
         <kind>object</kind>
         <file>delay.o</file>
         <name>delay.o</name>
      </input_file>
      <input_file id="fl-6">
         <path>D:\unniversity\EIDC\ZC003\ZC003_v1.3.0\Debug\.\BSP\</path>
         <kind>object</kind>
         <file>lcd.o</file>
         <name>lcd.o</name>
      </input_file>
      <input_file id="fl-7">
         <path>D:\unniversity\EIDC\ZC003\ZC003_v1.3.0\Debug\.\BSP\</path>
         <kind>object</kind>
         <file>lcd_init.o</file>
         <name>lcd_init.o</name>
      </input_file>
      <input_file id="fl-8">
         <path>D:\unniversity\EIDC\ZC003\ZC003_v1.3.0\Debug\.\User\</path>
         <kind>object</kind>
         <file>ADC.o</file>
         <name>ADC.o</name>
      </input_file>
      <input_file id="fl-9">
         <path>D:\unniversity\EIDC\ZC003\ZC003_v1.3.0\Debug\.\User\</path>
         <kind>object</kind>
         <file>UI.o</file>
         <name>UI.o</name>
      </input_file>
      <input_file id="fl-a">
         <path>D:\unniversity\EIDC\ZC003\ZC003_v1.3.0\Debug\.\User\</path>
         <kind>object</kind>
         <file>measure.o</file>
         <name>measure.o</name>
      </input_file>
      <input_file id="fl-18">
         <path>D:\unniversity\EIDC\ZC003\ZC003_v1.3.0\Debug\</path>
         <kind>object</kind>
         <file>&lt;internal&gt;</file>
         <name>&lt;internal&gt;</name>
      </input_file>
      <input_file id="fl-19">
         <path>C:\ti\mspm0_sdk_2_03_00_07\source\ti\driverlib\lib\ticlang\m0p\mspm0g1x0x_g3x0x\</path>
         <kind>archive</kind>
         <file>driverlib.a</file>
         <name>dl_adc12.o</name>
      </input_file>
      <input_file id="fl-1a">
         <path>C:\ti\mspm0_sdk_2_03_00_07\source\ti\driverlib\lib\ticlang\m0p\mspm0g1x0x_g3x0x\</path>
         <kind>archive</kind>
         <file>driverlib.a</file>
         <name>dl_common.o</name>
      </input_file>
      <input_file id="fl-1b">
         <path>C:\ti\mspm0_sdk_2_03_00_07\source\ti\driverlib\lib\ticlang\m0p\mspm0g1x0x_g3x0x\</path>
         <kind>archive</kind>
         <file>driverlib.a</file>
         <name>dl_dma.o</name>
      </input_file>
      <input_file id="fl-1c">
         <path>C:\ti\mspm0_sdk_2_03_00_07\source\ti\driverlib\lib\ticlang\m0p\mspm0g1x0x_g3x0x\</path>
         <kind>archive</kind>
         <file>driverlib.a</file>
         <name>dl_spi.o</name>
      </input_file>
      <input_file id="fl-1d">
         <path>C:\ti\mspm0_sdk_2_03_00_07\source\ti\driverlib\lib\ticlang\m0p\mspm0g1x0x_g3x0x\</path>
         <kind>archive</kind>
         <file>driverlib.a</file>
         <name>dl_timer.o</name>
      </input_file>
      <input_file id="fl-1e">
         <path>C:\ti\mspm0_sdk_2_03_00_07\source\ti\driverlib\lib\ticlang\m0p\mspm0g1x0x_g3x0x\</path>
         <kind>archive</kind>
         <file>driverlib.a</file>
         <name>dl_uart.o</name>
      </input_file>
      <input_file id="fl-1f">
         <path>C:\ti\mspm0_sdk_2_03_00_07\source\ti\driverlib\lib\ticlang\m0p\mspm0g1x0x_g3x0x\</path>
         <kind>archive</kind>
         <file>driverlib.a</file>
         <name>dl_sysctl_mspm0g1x0x_g3x0x.o</name>
      </input_file>
      <input_file id="fl-34">
         <path>C:\ti\ccs2001\ccs\tools\compiler\ti-cgt-armllvm_4.0.1.LTS\lib\armv6m-ti-none-eabi\c\</path>
         <kind>archive</kind>
         <file>libc.a</file>
         <name>printf.c.obj</name>
      </input_file>
      <input_file id="fl-35">
         <path>C:\ti\ccs2001\ccs\tools\compiler\ti-cgt-armllvm_4.0.1.LTS\lib\armv6m-ti-none-eabi\c\</path>
         <kind>archive</kind>
         <file>libc.a</file>
         <name>_printfi.c.obj</name>
      </input_file>
      <input_file id="fl-36">
         <path>C:\ti\ccs2001\ccs\tools\compiler\ti-cgt-armllvm_4.0.1.LTS\lib\armv6m-ti-none-eabi\c\</path>
         <kind>archive</kind>
         <file>libc.a</file>
         <name>wcslen.c.obj</name>
      </input_file>
      <input_file id="fl-37">
         <path>C:\ti\ccs2001\ccs\tools\compiler\ti-cgt-armllvm_4.0.1.LTS\lib\armv6m-ti-none-eabi\c\</path>
         <kind>archive</kind>
         <file>libc.a</file>
         <name>aeabi_portable.c.obj</name>
      </input_file>
      <input_file id="fl-38">
         <path>C:\ti\ccs2001\ccs\tools\compiler\ti-cgt-armllvm_4.0.1.LTS\lib\armv6m-ti-none-eabi\c\</path>
         <kind>archive</kind>
         <file>libc.a</file>
         <name>_lock.c.obj</name>
      </input_file>
      <input_file id="fl-39">
         <path>C:\ti\ccs2001\ccs\tools\compiler\ti-cgt-armllvm_4.0.1.LTS\lib\armv6m-ti-none-eabi\c\</path>
         <kind>archive</kind>
         <file>libc.a</file>
         <name>_ltoa.c.obj</name>
      </input_file>
      <input_file id="fl-3a">
         <path>C:\ti\ccs2001\ccs\tools\compiler\ti-cgt-armllvm_4.0.1.LTS\lib\armv6m-ti-none-eabi\c\</path>
         <kind>archive</kind>
         <file>libc.a</file>
         <name>assert.c.obj</name>
      </input_file>
      <input_file id="fl-3b">
         <path>C:\ti\ccs2001\ccs\tools\compiler\ti-cgt-armllvm_4.0.1.LTS\lib\armv6m-ti-none-eabi\c\</path>
         <kind>archive</kind>
         <file>libc.a</file>
         <name>atoi.c.obj</name>
      </input_file>
      <input_file id="fl-3c">
         <path>C:\ti\ccs2001\ccs\tools\compiler\ti-cgt-armllvm_4.0.1.LTS\lib\armv6m-ti-none-eabi\c\</path>
         <kind>archive</kind>
         <file>libc.a</file>
         <name>defs.c.obj</name>
      </input_file>
      <input_file id="fl-3d">
         <path>C:\ti\ccs2001\ccs\tools\compiler\ti-cgt-armllvm_4.0.1.LTS\lib\armv6m-ti-none-eabi\c\</path>
         <kind>archive</kind>
         <file>libc.a</file>
         <name>memccpy.c.obj</name>
      </input_file>
      <input_file id="fl-3e">
         <path>C:\ti\ccs2001\ccs\tools\compiler\ti-cgt-armllvm_4.0.1.LTS\lib\armv6m-ti-none-eabi\c\</path>
         <kind>archive</kind>
         <file>libc.a</file>
         <name>memory.c.obj</name>
      </input_file>
      <input_file id="fl-3f">
         <path>C:\ti\ccs2001\ccs\tools\compiler\ti-cgt-armllvm_4.0.1.LTS\lib\armv6m-ti-none-eabi\c\</path>
         <kind>archive</kind>
         <file>libc.a</file>
         <name>qsort.c.obj</name>
      </input_file>
      <input_file id="fl-40">
         <path>C:\ti\ccs2001\ccs\tools\compiler\ti-cgt-armllvm_4.0.1.LTS\lib\armv6m-ti-none-eabi\c\</path>
         <kind>archive</kind>
         <file>libc.a</file>
         <name>strlen.c.obj</name>
      </input_file>
      <input_file id="fl-41">
         <path>C:\ti\ccs2001\ccs\tools\compiler\ti-cgt-armllvm_4.0.1.LTS\lib\armv6m-ti-none-eabi\c\</path>
         <kind>archive</kind>
         <file>libc.a</file>
         <name>copy_zero_init.c.obj</name>
      </input_file>
      <input_file id="fl-42">
         <path>C:\ti\ccs2001\ccs\tools\compiler\ti-cgt-armllvm_4.0.1.LTS\lib\armv6m-ti-none-eabi\c\</path>
         <kind>archive</kind>
         <file>libc.a</file>
         <name>copy_decompress_none.c.obj</name>
      </input_file>
      <input_file id="fl-43">
         <path>C:\ti\ccs2001\ccs\tools\compiler\ti-cgt-armllvm_4.0.1.LTS\lib\armv6m-ti-none-eabi\c\</path>
         <kind>archive</kind>
         <file>libc.a</file>
         <name>copy_decompress_lzss.c.obj</name>
      </input_file>
      <input_file id="fl-44">
         <path>C:\ti\ccs2001\ccs\tools\compiler\ti-cgt-armllvm_4.0.1.LTS\lib\armv6m-ti-none-eabi\c\</path>
         <kind>archive</kind>
         <file>libc.a</file>
         <name>boot_cortex_m.c.obj</name>
      </input_file>
      <input_file id="fl-45">
         <path>C:\ti\ccs2001\ccs\tools\compiler\ti-cgt-armllvm_4.0.1.LTS\lib\armv6m-ti-none-eabi\c\</path>
         <kind>archive</kind>
         <file>libc.a</file>
         <name>mathacl_init.c.obj</name>
      </input_file>
      <input_file id="fl-46">
         <path>C:\ti\ccs2001\ccs\tools\compiler\ti-cgt-armllvm_4.0.1.LTS\lib\armv6m-ti-none-eabi\c\</path>
         <kind>archive</kind>
         <file>libc.a</file>
         <name>s_frexp.c.obj</name>
      </input_file>
      <input_file id="fl-47">
         <path>C:\ti\ccs2001\ccs\tools\compiler\ti-cgt-armllvm_4.0.1.LTS\lib\armv6m-ti-none-eabi\c\</path>
         <kind>archive</kind>
         <file>libc.a</file>
         <name>s_scalbn.c.obj</name>
      </input_file>
      <input_file id="fl-48">
         <path>C:\ti\ccs2001\ccs\tools\compiler\ti-cgt-armllvm_4.0.1.LTS\lib\armv6m-ti-none-eabi\c\</path>
         <kind>archive</kind>
         <file>libc.a</file>
         <name>sprintf.c.obj</name>
      </input_file>
      <input_file id="fl-49">
         <path>C:\ti\ccs2001\ccs\tools\compiler\ti-cgt-armllvm_4.0.1.LTS\lib\armv6m-ti-none-eabi\c\</path>
         <kind>archive</kind>
         <file>libc.a</file>
         <name>fflush.c.obj</name>
      </input_file>
      <input_file id="fl-4a">
         <path>C:\ti\ccs2001\ccs\tools\compiler\ti-cgt-armllvm_4.0.1.LTS\lib\armv6m-ti-none-eabi\c\</path>
         <kind>archive</kind>
         <file>libc.a</file>
         <name>aeabi_ctype.S.obj</name>
      </input_file>
      <input_file id="fl-4b">
         <path>C:\ti\ccs2001\ccs\tools\compiler\ti-cgt-armllvm_4.0.1.LTS\lib\armv6m-ti-none-eabi\c\</path>
         <kind>archive</kind>
         <file>libc.a</file>
         <name>exit.c.obj</name>
      </input_file>
      <input_file id="fl-4c">
         <path>C:\ti\ccs2001\ccs\tools\compiler\ti-cgt-armllvm_4.0.1.LTS\lib\armv6m-ti-none-eabi\c\</path>
         <kind>archive</kind>
         <file>libc.a</file>
         <name>args_main.c.obj</name>
      </input_file>
      <input_file id="fl-4d">
         <path>C:\ti\ccs2001\ccs\tools\compiler\ti-cgt-armllvm_4.0.1.LTS\lib\armv6m-ti-none-eabi\c\</path>
         <kind>archive</kind>
         <file>libc.a</file>
         <name>autoinit.c.obj</name>
      </input_file>
      <input_file id="fl-4e">
         <path>C:\ti\ccs2001\ccs\tools\compiler\ti-cgt-armllvm_4.0.1.LTS\lib\armv6m-ti-none-eabi\c\</path>
         <kind>archive</kind>
         <file>libc.a</file>
         <name>pre_init.c.obj</name>
      </input_file>
      <input_file id="fl-4f">
         <path>C:\ti\ccs2001\ccs\tools\compiler\ti-cgt-armllvm_4.0.1.LTS\lib\armv6m-ti-none-eabi\c\</path>
         <kind>archive</kind>
         <file>libc.a</file>
         <name>cpy_tbl.c.obj</name>
      </input_file>
      <input_file id="fl-e5">
         <path>C:\ti\ccs2001\ccs\tools\compiler\ti-cgt-armllvm_4.0.1.LTS\lib\armv6m-ti-none-eabi\c\</path>
         <kind>archive</kind>
         <file>libsysbm.a</file>
         <name>write.c.obj</name>
      </input_file>
      <input_file id="fl-e6">
         <path>C:\ti\ccs2001\ccs\tools\compiler\ti-cgt-armllvm_4.0.1.LTS\lib\armv6m-ti-none-eabi\c\</path>
         <kind>archive</kind>
         <file>libsysbm.a</file>
         <name>host_device.c.obj</name>
      </input_file>
      <input_file id="fl-e7">
         <path>C:\ti\ccs2001\ccs\tools\compiler\ti-cgt-armllvm_4.0.1.LTS\lib\armv6m-ti-none-eabi\c\</path>
         <kind>archive</kind>
         <file>libsysbm.a</file>
         <name>hostclose.c.obj</name>
      </input_file>
      <input_file id="fl-e8">
         <path>C:\ti\ccs2001\ccs\tools\compiler\ti-cgt-armllvm_4.0.1.LTS\lib\armv6m-ti-none-eabi\c\</path>
         <kind>archive</kind>
         <file>libsysbm.a</file>
         <name>hostlseek.c.obj</name>
      </input_file>
      <input_file id="fl-e9">
         <path>C:\ti\ccs2001\ccs\tools\compiler\ti-cgt-armllvm_4.0.1.LTS\lib\armv6m-ti-none-eabi\c\</path>
         <kind>archive</kind>
         <file>libsysbm.a</file>
         <name>hostopen.c.obj</name>
      </input_file>
      <input_file id="fl-ea">
         <path>C:\ti\ccs2001\ccs\tools\compiler\ti-cgt-armllvm_4.0.1.LTS\lib\armv6m-ti-none-eabi\c\</path>
         <kind>archive</kind>
         <file>libsysbm.a</file>
         <name>hostread.c.obj</name>
      </input_file>
      <input_file id="fl-eb">
         <path>C:\ti\ccs2001\ccs\tools\compiler\ti-cgt-armllvm_4.0.1.LTS\lib\armv6m-ti-none-eabi\c\</path>
         <kind>archive</kind>
         <file>libsysbm.a</file>
         <name>hostrename.c.obj</name>
      </input_file>
      <input_file id="fl-ec">
         <path>C:\ti\ccs2001\ccs\tools\compiler\ti-cgt-armllvm_4.0.1.LTS\lib\armv6m-ti-none-eabi\c\</path>
         <kind>archive</kind>
         <file>libsysbm.a</file>
         <name>hostunlink.c.obj</name>
      </input_file>
      <input_file id="fl-ed">
         <path>C:\ti\ccs2001\ccs\tools\compiler\ti-cgt-armllvm_4.0.1.LTS\lib\armv6m-ti-none-eabi\c\</path>
         <kind>archive</kind>
         <file>libsysbm.a</file>
         <name>hostwrite.c.obj</name>
      </input_file>
      <input_file id="fl-ee">
         <path>C:\ti\ccs2001\ccs\tools\compiler\ti-cgt-armllvm_4.0.1.LTS\lib\armv6m-ti-none-eabi\c\</path>
         <kind>archive</kind>
         <file>libsysbm.a</file>
         <name>trgmsg.c.obj</name>
      </input_file>
      <input_file id="fl-ef">
         <path>C:\ti\ccs2001\ccs\tools\compiler\ti-cgt-armllvm_4.0.1.LTS\lib\armv6m-ti-none-eabi\</path>
         <kind>archive</kind>
         <file>libclang_rt.builtins.a</file>
         <name>addsf3.S.obj</name>
      </input_file>
      <input_file id="fl-f0">
         <path>C:\ti\ccs2001\ccs\tools\compiler\ti-cgt-armllvm_4.0.1.LTS\lib\armv6m-ti-none-eabi\</path>
         <kind>archive</kind>
         <file>libclang_rt.builtins.a</file>
         <name>adddf3.S.obj</name>
      </input_file>
      <input_file id="fl-f1">
         <path>C:\ti\ccs2001\ccs\tools\compiler\ti-cgt-armllvm_4.0.1.LTS\lib\armv6m-ti-none-eabi\</path>
         <kind>archive</kind>
         <file>libclang_rt.builtins.a</file>
         <name>muldf3.S.obj</name>
      </input_file>
      <input_file id="fl-f2">
         <path>C:\ti\ccs2001\ccs\tools\compiler\ti-cgt-armllvm_4.0.1.LTS\lib\armv6m-ti-none-eabi\</path>
         <kind>archive</kind>
         <file>libclang_rt.builtins.a</file>
         <name>muldsi3.S.obj</name>
      </input_file>
      <input_file id="fl-f3">
         <path>C:\ti\ccs2001\ccs\tools\compiler\ti-cgt-armllvm_4.0.1.LTS\lib\armv6m-ti-none-eabi\</path>
         <kind>archive</kind>
         <file>libclang_rt.builtins.a</file>
         <name>mulsf3.S.obj</name>
      </input_file>
      <input_file id="fl-f4">
         <path>C:\ti\ccs2001\ccs\tools\compiler\ti-cgt-armllvm_4.0.1.LTS\lib\armv6m-ti-none-eabi\</path>
         <kind>archive</kind>
         <file>libclang_rt.builtins.a</file>
         <name>divsf3.S.obj</name>
      </input_file>
      <input_file id="fl-f5">
         <path>C:\ti\ccs2001\ccs\tools\compiler\ti-cgt-armllvm_4.0.1.LTS\lib\armv6m-ti-none-eabi\</path>
         <kind>archive</kind>
         <file>libclang_rt.builtins.a</file>
         <name>divdf3.S.obj</name>
      </input_file>
      <input_file id="fl-f6">
         <path>C:\ti\ccs2001\ccs\tools\compiler\ti-cgt-armllvm_4.0.1.LTS\lib\armv6m-ti-none-eabi\</path>
         <kind>archive</kind>
         <file>libclang_rt.builtins.a</file>
         <name>extendsfdf2.S.obj</name>
      </input_file>
      <input_file id="fl-f7">
         <path>C:\ti\ccs2001\ccs\tools\compiler\ti-cgt-armllvm_4.0.1.LTS\lib\armv6m-ti-none-eabi\</path>
         <kind>archive</kind>
         <file>libclang_rt.builtins.a</file>
         <name>fixdfsi.S.obj</name>
      </input_file>
      <input_file id="fl-f8">
         <path>C:\ti\ccs2001\ccs\tools\compiler\ti-cgt-armllvm_4.0.1.LTS\lib\armv6m-ti-none-eabi\</path>
         <kind>archive</kind>
         <file>libclang_rt.builtins.a</file>
         <name>fixsfsi.S.obj</name>
      </input_file>
      <input_file id="fl-f9">
         <path>C:\ti\ccs2001\ccs\tools\compiler\ti-cgt-armllvm_4.0.1.LTS\lib\armv6m-ti-none-eabi\</path>
         <kind>archive</kind>
         <file>libclang_rt.builtins.a</file>
         <name>fixunsdfsi.S.obj</name>
      </input_file>
      <input_file id="fl-fa">
         <path>C:\ti\ccs2001\ccs\tools\compiler\ti-cgt-armllvm_4.0.1.LTS\lib\armv6m-ti-none-eabi\</path>
         <kind>archive</kind>
         <file>libclang_rt.builtins.a</file>
         <name>floatsidf.S.obj</name>
      </input_file>
      <input_file id="fl-fb">
         <path>C:\ti\ccs2001\ccs\tools\compiler\ti-cgt-armllvm_4.0.1.LTS\lib\armv6m-ti-none-eabi\</path>
         <kind>archive</kind>
         <file>libclang_rt.builtins.a</file>
         <name>floatsisf.S.obj</name>
      </input_file>
      <input_file id="fl-fc">
         <path>C:\ti\ccs2001\ccs\tools\compiler\ti-cgt-armllvm_4.0.1.LTS\lib\armv6m-ti-none-eabi\</path>
         <kind>archive</kind>
         <file>libclang_rt.builtins.a</file>
         <name>floatunsisf.S.obj</name>
      </input_file>
      <input_file id="fl-fd">
         <path>C:\ti\ccs2001\ccs\tools\compiler\ti-cgt-armllvm_4.0.1.LTS\lib\armv6m-ti-none-eabi\</path>
         <kind>archive</kind>
         <file>libclang_rt.builtins.a</file>
         <name>muldi3.S.obj</name>
      </input_file>
      <input_file id="fl-fe">
         <path>C:\ti\ccs2001\ccs\tools\compiler\ti-cgt-armllvm_4.0.1.LTS\lib\armv6m-ti-none-eabi\</path>
         <kind>archive</kind>
         <file>libclang_rt.builtins.a</file>
         <name>truncdfsf2.S.obj</name>
      </input_file>
      <input_file id="fl-ff">
         <path>C:\ti\ccs2001\ccs\tools\compiler\ti-cgt-armllvm_4.0.1.LTS\lib\armv6m-ti-none-eabi\</path>
         <kind>archive</kind>
         <file>libclang_rt.builtins.a</file>
         <name>aeabi_dcmp.S.obj</name>
      </input_file>
      <input_file id="fl-100">
         <path>C:\ti\ccs2001\ccs\tools\compiler\ti-cgt-armllvm_4.0.1.LTS\lib\armv6m-ti-none-eabi\</path>
         <kind>archive</kind>
         <file>libclang_rt.builtins.a</file>
         <name>aeabi_idivmod.S.obj</name>
      </input_file>
      <input_file id="fl-101">
         <path>C:\ti\ccs2001\ccs\tools\compiler\ti-cgt-armllvm_4.0.1.LTS\lib\armv6m-ti-none-eabi\</path>
         <kind>archive</kind>
         <file>libclang_rt.builtins.a</file>
         <name>aeabi_memcpy.S.obj</name>
      </input_file>
      <input_file id="fl-102">
         <path>C:\ti\ccs2001\ccs\tools\compiler\ti-cgt-armllvm_4.0.1.LTS\lib\armv6m-ti-none-eabi\</path>
         <kind>archive</kind>
         <file>libclang_rt.builtins.a</file>
         <name>aeabi_memset.S.obj</name>
      </input_file>
      <input_file id="fl-103">
         <path>C:\ti\ccs2001\ccs\tools\compiler\ti-cgt-armllvm_4.0.1.LTS\lib\armv6m-ti-none-eabi\</path>
         <kind>archive</kind>
         <file>libclang_rt.builtins.a</file>
         <name>aeabi_uidivmod.S.obj</name>
      </input_file>
      <input_file id="fl-104">
         <path>C:\ti\ccs2001\ccs\tools\compiler\ti-cgt-armllvm_4.0.1.LTS\lib\armv6m-ti-none-eabi\</path>
         <kind>archive</kind>
         <file>libclang_rt.builtins.a</file>
         <name>aeabi_uldivmod.S.obj</name>
      </input_file>
      <input_file id="fl-105">
         <path>C:\ti\ccs2001\ccs\tools\compiler\ti-cgt-armllvm_4.0.1.LTS\lib\armv6m-ti-none-eabi\</path>
         <kind>archive</kind>
         <file>libclang_rt.builtins.a</file>
         <name>udivmoddi4.S.obj</name>
      </input_file>
      <input_file id="fl-106">
         <path>C:\ti\ccs2001\ccs\tools\compiler\ti-cgt-armllvm_4.0.1.LTS\lib\armv6m-ti-none-eabi\</path>
         <kind>archive</kind>
         <file>libclang_rt.builtins.a</file>
         <name>ashldi3.S.obj</name>
      </input_file>
      <input_file id="fl-107">
         <path>C:\ti\ccs2001\ccs\tools\compiler\ti-cgt-armllvm_4.0.1.LTS\lib\armv6m-ti-none-eabi\</path>
         <kind>archive</kind>
         <file>libclang_rt.builtins.a</file>
         <name>comparedf2.c.obj</name>
      </input_file>
      <input_file id="fl-108">
         <path>C:\ti\ccs2001\ccs\tools\compiler\ti-cgt-armllvm_4.0.1.LTS\lib\armv6m-ti-none-eabi\</path>
         <kind>archive</kind>
         <file>libclang_rt.builtins.a</file>
         <name>aeabi_div0.c.obj</name>
      </input_file>
      <input_file id="fl-109">
         <path>C:\ti\ccs2001\ccs\tools\compiler\ti-cgt-armllvm_4.0.1.LTS\lib\armv6m-ti-none-eabi\c\</path>
         <kind>archive</kind>
         <file>libc.a</file>
         <name>memcpy16.S.obj</name>
      </input_file>
      <input_file id="fl-10a">
         <path>C:\ti\ccs2001\ccs\tools\compiler\ti-cgt-armllvm_4.0.1.LTS\lib\armv6m-ti-none-eabi\c\</path>
         <kind>archive</kind>
         <file>libc.a</file>
         <name>memset16.S.obj</name>
      </input_file>
   </input_file_list>
   <object_component_list>
      <object_component id="oc-18">
         <name>.intvecs</name>
         <load_address>0x0</load_address>
         <readonly>true</readonly>
         <run_address>0x0</run_address>
         <size>0xc0</size>
         <alignment>0x4</alignment>
         <input_file_ref idref="fl-2"/>
      </object_component>
      <object_component id="oc-216">
         <name>.text:__TI_printfi_minimal</name>
         <load_address>0xc0</load_address>
         <readonly>true</readonly>
         <executable>true</executable>
         <run_address>0xc0</run_address>
         <size>0x284</size>
         <alignment>0x4</alignment>
         <input_file_ref idref="fl-35"/>
      </object_component>
      <object_component id="oc-c5">
         <name>.text.LCD_ShowChar</name>
         <load_address>0x344</load_address>
         <readonly>true</readonly>
         <executable>true</executable>
         <run_address>0x344</run_address>
         <size>0x214</size>
         <alignment>0x4</alignment>
         <input_file_ref idref="fl-6"/>
      </object_component>
      <object_component id="oc-e8">
         <name>.text.LCD_Init</name>
         <load_address>0x558</load_address>
         <readonly>true</readonly>
         <executable>true</executable>
         <run_address>0x558</run_address>
         <size>0x1c4</size>
         <alignment>0x4</alignment>
         <input_file_ref idref="fl-7"/>
      </object_component>
      <object_component id="oc-122">
         <name>.text.adddf3_subdf3</name>
         <load_address>0x71c</load_address>
         <readonly>true</readonly>
         <executable>true</executable>
         <run_address>0x71c</run_address>
         <size>0x192</size>
         <alignment>0x4</alignment>
         <input_file_ref idref="fl-f0"/>
      </object_component>
      <object_component id="oc-164">
         <name>.text.LCD_GPIO_Init</name>
         <load_address>0x8ae</load_address>
         <readonly>true</readonly>
         <executable>true</executable>
         <run_address>0x8ae</run_address>
         <size>0x2</size>
         <alignment>0x2</alignment>
         <input_file_ref idref="fl-7"/>
      </object_component>
      <object_component id="oc-12e">
         <name>.text.Result_Calculate</name>
         <load_address>0x8b0</load_address>
         <readonly>true</readonly>
         <executable>true</executable>
         <run_address>0x8b0</run_address>
         <size>0x170</size>
         <alignment>0x4</alignment>
         <input_file_ref idref="fl-a"/>
      </object_component>
      <object_component id="oc-9d">
         <name>.text.Calculate_First</name>
         <load_address>0xa20</load_address>
         <readonly>true</readonly>
         <executable>true</executable>
         <run_address>0xa20</run_address>
         <size>0x138</size>
         <alignment>0x4</alignment>
         <input_file_ref idref="fl-a"/>
      </object_component>
      <object_component id="oc-195">
         <name>.text.qsort</name>
         <load_address>0xb58</load_address>
         <readonly>true</readonly>
         <executable>true</executable>
         <run_address>0xb58</run_address>
         <size>0x134</size>
         <alignment>0x2</alignment>
         <input_file_ref idref="fl-3f"/>
      </object_component>
      <object_component id="oc-c7">
         <name>.text.Calculate_and_Show</name>
         <load_address>0xc8c</load_address>
         <readonly>true</readonly>
         <executable>true</executable>
         <run_address>0xc8c</run_address>
         <size>0x12c</size>
         <alignment>0x4</alignment>
         <input_file_ref idref="fl-a"/>
      </object_component>
      <object_component id="oc-177">
         <name>.text.LCD_DrawLine</name>
         <load_address>0xdb8</load_address>
         <readonly>true</readonly>
         <executable>true</executable>
         <run_address>0xdb8</run_address>
         <size>0x128</size>
         <alignment>0x2</alignment>
         <input_file_ref idref="fl-6"/>
      </object_component>
      <object_component id="oc-c6">
         <name>.text.Find_TriggerPoint</name>
         <load_address>0xee0</load_address>
         <readonly>true</readonly>
         <executable>true</executable>
         <run_address>0xee0</run_address>
         <size>0x124</size>
         <alignment>0x4</alignment>
         <input_file_ref idref="fl-a"/>
      </object_component>
      <object_component id="oc-c8">
         <name>.text.LCD_ShowResult</name>
         <load_address>0x1004</load_address>
         <readonly>true</readonly>
         <executable>true</executable>
         <run_address>0x1004</run_address>
         <size>0x118</size>
         <alignment>0x4</alignment>
         <input_file_ref idref="fl-a"/>
      </object_component>
      <object_component id="oc-140">
         <name>.text.LCD_ShowInt32Num</name>
         <load_address>0x111c</load_address>
         <readonly>true</readonly>
         <executable>true</executable>
         <run_address>0x111c</run_address>
         <size>0x114</size>
         <alignment>0x2</alignment>
         <input_file_ref idref="fl-6"/>
      </object_component>
      <object_component id="oc-231">
         <name>.text.aligned_alloc</name>
         <load_address>0x1230</load_address>
         <readonly>true</readonly>
         <executable>true</executable>
         <run_address>0x1230</run_address>
         <size>0x114</size>
         <alignment>0x4</alignment>
         <input_file_ref idref="fl-3e"/>
      </object_component>
      <object_component id="oc-126">
         <name>.text.__divdf3</name>
         <load_address>0x1344</load_address>
         <readonly>true</readonly>
         <executable>true</executable>
         <run_address>0x1344</run_address>
         <size>0x10c</size>
         <alignment>0x4</alignment>
         <input_file_ref idref="fl-f5"/>
      </object_component>
      <object_component id="oc-9e">
         <name>.text.Calculate_Second</name>
         <load_address>0x1450</load_address>
         <readonly>true</readonly>
         <executable>true</executable>
         <run_address>0x1450</run_address>
         <size>0x104</size>
         <alignment>0x4</alignment>
         <input_file_ref idref="fl-a"/>
      </object_component>
      <object_component id="oc-14b">
         <name>.text.SYSCFG_DL_GPIO_init</name>
         <load_address>0x1554</load_address>
         <readonly>true</readonly>
         <executable>true</executable>
         <run_address>0x1554</run_address>
         <size>0xec</size>
         <alignment>0x4</alignment>
         <input_file_ref idref="fl-1"/>
      </object_component>
      <object_component id="oc-1e0">
         <name>.text.DL_Timer_initTimerMode</name>
         <load_address>0x1640</load_address>
         <readonly>true</readonly>
         <executable>true</executable>
         <run_address>0x1640</run_address>
         <size>0xe8</size>
         <alignment>0x4</alignment>
         <input_file_ref idref="fl-1d"/>
      </object_component>
      <object_component id="oc-1a5">
         <name>.text.free</name>
         <load_address>0x1728</load_address>
         <readonly>true</readonly>
         <executable>true</executable>
         <run_address>0x1728</run_address>
         <size>0xe8</size>
         <alignment>0x4</alignment>
         <input_file_ref idref="fl-3e"/>
      </object_component>
      <object_component id="oc-1d2">
         <name>.text.DL_SYSCTL_configSYSPLL</name>
         <load_address>0x1810</load_address>
         <readonly>true</readonly>
         <executable>true</executable>
         <run_address>0x1810</run_address>
         <size>0xdc</size>
         <alignment>0x4</alignment>
         <input_file_ref idref="fl-1f"/>
      </object_component>
      <object_component id="oc-19d">
         <name>.text</name>
         <load_address>0x18ec</load_address>
         <readonly>true</readonly>
         <executable>true</executable>
         <run_address>0x18ec</run_address>
         <size>0xd8</size>
         <alignment>0x4</alignment>
         <input_file_ref idref="fl-ef"/>
      </object_component>
      <object_component id="oc-3f">
         <name>.text.GROUP1_IRQHandler</name>
         <load_address>0x19c4</load_address>
         <readonly>true</readonly>
         <executable>true</executable>
         <run_address>0x19c4</run_address>
         <size>0xc0</size>
         <alignment>0x4</alignment>
         <input_file_ref idref="fl-a"/>
      </object_component>
      <object_component id="oc-172">
         <name>.text.SendDataPll</name>
         <load_address>0x1a84</load_address>
         <readonly>true</readonly>
         <executable>true</executable>
         <run_address>0x1a84</run_address>
         <size>0xbc</size>
         <alignment>0x4</alignment>
         <input_file_ref idref="fl-4"/>
      </object_component>
      <object_component id="oc-f1">
         <name>.text.Show_UI</name>
         <load_address>0x1b40</load_address>
         <readonly>true</readonly>
         <executable>true</executable>
         <run_address>0x1b40</run_address>
         <size>0xa4</size>
         <alignment>0x4</alignment>
         <input_file_ref idref="fl-9"/>
      </object_component>
      <object_component id="oc-e9">
         <name>.text.ADC_Init</name>
         <load_address>0x1be4</load_address>
         <readonly>true</readonly>
         <executable>true</executable>
         <run_address>0x1be4</run_address>
         <size>0xa0</size>
         <alignment>0x4</alignment>
         <input_file_ref idref="fl-8"/>
      </object_component>
      <object_component id="oc-14a">
         <name>.text.SYSCFG_DL_initPower</name>
         <load_address>0x1c84</load_address>
         <readonly>true</readonly>
         <executable>true</executable>
         <run_address>0x1c84</run_address>
         <size>0x9c</size>
         <alignment>0x4</alignment>
         <input_file_ref idref="fl-1"/>
      </object_component>
      <object_component id="oc-152">
         <name>.text.SYSCFG_DL_ADC_SQU2_init</name>
         <load_address>0x1d20</load_address>
         <readonly>true</readonly>
         <executable>true</executable>
         <run_address>0x1d20</run_address>
         <size>0x94</size>
         <alignment>0x4</alignment>
         <input_file_ref idref="fl-1"/>
      </object_component>
      <object_component id="oc-151">
         <name>.text.SYSCFG_DL_ADC_SQU_init</name>
         <load_address>0x1db4</load_address>
         <readonly>true</readonly>
         <executable>true</executable>
         <run_address>0x1db4</run_address>
         <size>0x90</size>
         <alignment>0x4</alignment>
         <input_file_ref idref="fl-1"/>
      </object_component>
      <object_component id="oc-8e">
         <name>.text.LCD_Fill</name>
         <load_address>0x1e44</load_address>
         <readonly>true</readonly>
         <executable>true</executable>
         <run_address>0x1e44</run_address>
         <size>0x84</size>
         <alignment>0x2</alignment>
         <input_file_ref idref="fl-6"/>
      </object_component>
      <object_component id="oc-1d8">
         <name>.text.__NVIC_SetPriority</name>
         <load_address>0x1ec8</load_address>
         <readonly>true</readonly>
         <executable>true</executable>
         <run_address>0x1ec8</run_address>
         <size>0x84</size>
         <alignment>0x4</alignment>
         <input_file_ref idref="fl-1"/>
      </object_component>
      <object_component id="oc-133">
         <name>.text.__divsf3</name>
         <load_address>0x1f4c</load_address>
         <readonly>true</readonly>
         <executable>true</executable>
         <run_address>0x1f4c</run_address>
         <size>0x82</size>
         <alignment>0x4</alignment>
         <input_file_ref idref="fl-f4"/>
      </object_component>
      <object_component id="oc-189">
         <name>.text.__aeabi_idiv0</name>
         <load_address>0x1fce</load_address>
         <readonly>true</readonly>
         <executable>true</executable>
         <run_address>0x1fce</run_address>
         <size>0x2</size>
         <alignment>0x2</alignment>
         <input_file_ref idref="fl-108"/>
      </object_component>
      <object_component id="oc-1c">
         <name>.text:decompress:lzss</name>
         <load_address>0x1fd0</load_address>
         <readonly>true</readonly>
         <executable>true</executable>
         <run_address>0x1fd0</run_address>
         <size>0x7c</size>
         <alignment>0x4</alignment>
         <input_file_ref idref="fl-43"/>
      </object_component>
      <object_component id="oc-93">
         <name>.text.LCD_ShowString</name>
         <load_address>0x204c</load_address>
         <readonly>true</readonly>
         <executable>true</executable>
         <run_address>0x204c</run_address>
         <size>0x7a</size>
         <alignment>0x2</alignment>
         <input_file_ref idref="fl-6"/>
      </object_component>
      <object_component id="oc-1b7">
         <name>.text.DL_Common_delayCycles</name>
         <load_address>0x20c6</load_address>
         <readonly>true</readonly>
         <executable>true</executable>
         <run_address>0x20c6</run_address>
         <size>0xa</size>
         <alignment>0x2</alignment>
         <input_file_ref idref="fl-1a"/>
      </object_component>
      <object_component id="oc-12a">
         <name>.text.__truncdfsf2</name>
         <load_address>0x20d0</load_address>
         <readonly>true</readonly>
         <executable>true</executable>
         <run_address>0x20d0</run_address>
         <size>0x74</size>
         <alignment>0x10</alignment>
         <input_file_ref idref="fl-fe"/>
      </object_component>
      <object_component id="oc-ba">
         <name>.text.delay_us</name>
         <load_address>0x2144</load_address>
         <readonly>true</readonly>
         <executable>true</executable>
         <run_address>0x2144</run_address>
         <size>0x74</size>
         <alignment>0x4</alignment>
         <input_file_ref idref="fl-5"/>
      </object_component>
      <object_component id="oc-c9">
         <name>.text.Adjust_LoadValue</name>
         <load_address>0x21b8</load_address>
         <readonly>true</readonly>
         <executable>true</executable>
         <run_address>0x21b8</run_address>
         <size>0x68</size>
         <alignment>0x4</alignment>
         <input_file_ref idref="fl-a"/>
      </object_component>
      <object_component id="oc-1cc">
         <name>.text.DL_SYSCTL_setHFCLKSourceHFXTParams</name>
         <load_address>0x2220</load_address>
         <readonly>true</readonly>
         <executable>true</executable>
         <run_address>0x2220</run_address>
         <size>0x64</size>
         <alignment>0x4</alignment>
         <input_file_ref idref="fl-1f"/>
      </object_component>
      <object_component id="oc-af">
         <name>.text.main</name>
         <load_address>0x2284</load_address>
         <readonly>true</readonly>
         <executable>true</executable>
         <run_address>0x2284</run_address>
         <size>0x64</size>
         <alignment>0x4</alignment>
         <input_file_ref idref="fl-3"/>
      </object_component>
      <object_component id="oc-27c">
         <name>.text.split</name>
         <load_address>0x22e8</load_address>
         <readonly>true</readonly>
         <executable>true</executable>
         <run_address>0x22e8</run_address>
         <size>0x64</size>
         <alignment>0x4</alignment>
         <input_file_ref idref="fl-3e"/>
      </object_component>
      <object_component id="oc-14c">
         <name>.text.SYSCFG_DL_SYSCTL_init</name>
         <load_address>0x234c</load_address>
         <readonly>true</readonly>
         <executable>true</executable>
         <run_address>0x234c</run_address>
         <size>0x60</size>
         <alignment>0x4</alignment>
         <input_file_ref idref="fl-1"/>
      </object_component>
      <object_component id="oc-e2">
         <name>.text.printf</name>
         <load_address>0x23ac</load_address>
         <readonly>true</readonly>
         <executable>true</executable>
         <run_address>0x23ac</run_address>
         <size>0x5c</size>
         <alignment>0x4</alignment>
         <input_file_ref idref="fl-34"/>
      </object_component>
      <object_component id="oc-bd">
         <name>.text.LCD_Address_Set</name>
         <load_address>0x2408</load_address>
         <readonly>true</readonly>
         <executable>true</executable>
         <run_address>0x2408</run_address>
         <size>0x52</size>
         <alignment>0x2</alignment>
         <input_file_ref idref="fl-7"/>
      </object_component>
      <object_component id="oc-21e">
         <name>.text._nop</name>
         <load_address>0x245a</load_address>
         <readonly>true</readonly>
         <executable>true</executable>
         <run_address>0x245a</run_address>
         <size>0x2</size>
         <alignment>0x2</alignment>
         <input_file_ref idref="fl-38"/>
      </object_component>
      <object_component id="oc-dc">
         <name>.text.SYSCFG_DL_init</name>
         <load_address>0x245c</load_address>
         <readonly>true</readonly>
         <executable>true</executable>
         <run_address>0x245c</run_address>
         <size>0x50</size>
         <alignment>0x4</alignment>
         <input_file_ref idref="fl-1"/>
      </object_component>
      <object_component id="oc-227">
         <name>.text.fputs</name>
         <load_address>0x24ac</load_address>
         <readonly>true</readonly>
         <executable>true</executable>
         <run_address>0x24ac</run_address>
         <size>0x50</size>
         <alignment>0x4</alignment>
         <input_file_ref idref="fl-5"/>
      </object_component>
      <object_component id="oc-206">
         <name>.text.DL_ADC12_initSingleSample</name>
         <load_address>0x24fc</load_address>
         <readonly>true</readonly>
         <executable>true</executable>
         <run_address>0x24fc</run_address>
         <size>0x4c</size>
         <alignment>0x4</alignment>
         <input_file_ref idref="fl-1"/>
      </object_component>
      <object_component id="oc-24a">
         <name>.text.DL_DMA_initChannel</name>
         <load_address>0x2548</load_address>
         <readonly>true</readonly>
         <executable>true</executable>
         <run_address>0x2548</run_address>
         <size>0x4c</size>
         <alignment>0x4</alignment>
         <input_file_ref idref="fl-1b"/>
      </object_component>
      <object_component id="oc-1f0">
         <name>.text.DL_UART_setBaudRateDivisor</name>
         <load_address>0x2594</load_address>
         <readonly>true</readonly>
         <executable>true</executable>
         <run_address>0x2594</run_address>
         <size>0x4c</size>
         <alignment>0x4</alignment>
         <input_file_ref idref="fl-1"/>
      </object_component>
      <object_component id="oc-207">
         <name>.text.DL_ADC12_configConversionMem</name>
         <load_address>0x25e0</load_address>
         <readonly>true</readonly>
         <executable>true</executable>
         <run_address>0x25e0</run_address>
         <size>0x4a</size>
         <alignment>0x2</alignment>
         <input_file_ref idref="fl-1"/>
      </object_component>
      <object_component id="oc-1ee">
         <name>.text.DL_UART_init</name>
         <load_address>0x262c</load_address>
         <readonly>true</readonly>
         <executable>true</executable>
         <run_address>0x262c</run_address>
         <size>0x48</size>
         <alignment>0x4</alignment>
         <input_file_ref idref="fl-1e"/>
      </object_component>
      <object_component id="oc-4b">
         <name>.text.ADC1_IRQHandler</name>
         <load_address>0x2674</load_address>
         <readonly>true</readonly>
         <executable>true</executable>
         <run_address>0x2674</run_address>
         <size>0x44</size>
         <alignment>0x4</alignment>
         <input_file_ref idref="fl-8"/>
      </object_component>
      <object_component id="oc-1fa">
         <name>.text.DL_SPI_init</name>
         <load_address>0x26b8</load_address>
         <readonly>true</readonly>
         <executable>true</executable>
         <run_address>0x26b8</run_address>
         <size>0x44</size>
         <alignment>0x4</alignment>
         <input_file_ref idref="fl-1c"/>
      </object_component>
      <object_component id="oc-1d7">
         <name>.text.DL_SYSCTL_switchMCLKfromSYSOSCtoHSCLK</name>
         <load_address>0x26fc</load_address>
         <readonly>true</readonly>
         <executable>true</executable>
         <run_address>0x26fc</run_address>
         <size>0x44</size>
         <alignment>0x4</alignment>
         <input_file_ref idref="fl-1f"/>
      </object_component>
      <object_component id="oc-112">
         <name>.text.LCD_Writ_Bus</name>
         <load_address>0x2740</load_address>
         <readonly>true</readonly>
         <executable>true</executable>
         <run_address>0x2740</run_address>
         <size>0x44</size>
         <alignment>0x4</alignment>
         <input_file_ref idref="fl-7"/>
      </object_component>
      <object_component id="oc-14e">
         <name>.text.SYSCFG_DL_TIMER_ADC2_init</name>
         <load_address>0x2784</load_address>
         <readonly>true</readonly>
         <executable>true</executable>
         <run_address>0x2784</run_address>
         <size>0x44</size>
         <alignment>0x4</alignment>
         <input_file_ref idref="fl-1"/>
      </object_component>
      <object_component id="oc-14d">
         <name>.text.SYSCFG_DL_TIMER_ADC_init</name>
         <load_address>0x27c8</load_address>
         <readonly>true</readonly>
         <executable>true</executable>
         <run_address>0x27c8</run_address>
         <size>0x44</size>
         <alignment>0x4</alignment>
         <input_file_ref idref="fl-1"/>
      </object_component>
      <object_component id="oc-13b">
         <name>.text.__fixunsdfsi</name>
         <load_address>0x280c</load_address>
         <readonly>true</readonly>
         <executable>true</executable>
         <run_address>0x280c</run_address>
         <size>0x42</size>
         <alignment>0x4</alignment>
         <input_file_ref idref="fl-f9"/>
      </object_component>
      <object_component id="oc-46">
         <name>.text.ADC0_IRQHandler</name>
         <load_address>0x2850</load_address>
         <readonly>true</readonly>
         <executable>true</executable>
         <run_address>0x2850</run_address>
         <size>0x40</size>
         <alignment>0x4</alignment>
         <input_file_ref idref="fl-8"/>
      </object_component>
      <object_component id="oc-200">
         <name>.text.DL_ADC12_setClockConfig</name>
         <load_address>0x2890</load_address>
         <readonly>true</readonly>
         <executable>true</executable>
         <run_address>0x2890</run_address>
         <size>0x40</size>
         <alignment>0x4</alignment>
         <input_file_ref idref="fl-19"/>
      </object_component>
      <object_component id="oc-150">
         <name>.text.SYSCFG_DL_SPI_LCD_init</name>
         <load_address>0x28d0</load_address>
         <readonly>true</readonly>
         <executable>true</executable>
         <run_address>0x28d0</run_address>
         <size>0x40</size>
         <alignment>0x4</alignment>
         <input_file_ref idref="fl-1"/>
      </object_component>
      <object_component id="oc-14f">
         <name>.text.SYSCFG_DL_UART_0_init</name>
         <load_address>0x2910</load_address>
         <readonly>true</readonly>
         <executable>true</executable>
         <run_address>0x2910</run_address>
         <size>0x40</size>
         <alignment>0x4</alignment>
         <input_file_ref idref="fl-1"/>
      </object_component>
      <object_component id="oc-113">
         <name>.text.__aeabi_uidivmod</name>
         <load_address>0x2950</load_address>
         <readonly>true</readonly>
         <executable>true</executable>
         <run_address>0x2950</run_address>
         <size>0x40</size>
         <alignment>0x4</alignment>
         <input_file_ref idref="fl-103"/>
      </object_component>
      <object_component id="oc-137">
         <name>.text.__extendsfdf2</name>
         <load_address>0x2990</load_address>
         <readonly>true</readonly>
         <executable>true</executable>
         <run_address>0x2990</run_address>
         <size>0x40</size>
         <alignment>0x4</alignment>
         <input_file_ref idref="fl-f6"/>
      </object_component>
      <object_component id="oc-eb">
         <name>.text.InitADF4002</name>
         <load_address>0x29d0</load_address>
         <readonly>true</readonly>
         <executable>true</executable>
         <run_address>0x29d0</run_address>
         <size>0x3c</size>
         <alignment>0x4</alignment>
         <input_file_ref idref="fl-4"/>
      </object_component>
      <object_component id="oc-12f">
         <name>.text.__floatsisf</name>
         <load_address>0x2a0c</load_address>
         <readonly>true</readonly>
         <executable>true</executable>
         <run_address>0x2a0c</run_address>
         <size>0x3c</size>
         <alignment>0x4</alignment>
         <input_file_ref idref="fl-fb"/>
      </object_component>
      <object_component id="oc-fd">
         <name>.text:__TI_auto_init_nobinit_nopinit</name>
         <load_address>0x2a48</load_address>
         <readonly>true</readonly>
         <executable>true</executable>
         <run_address>0x2a48</run_address>
         <size>0x3c</size>
         <alignment>0x4</alignment>
         <input_file_ref idref="fl-4d"/>
      </object_component>
      <object_component id="oc-1e3">
         <name>.text.DL_Timer_setPublisherChanID</name>
         <load_address>0x2a84</load_address>
         <readonly>true</readonly>
         <executable>true</executable>
         <run_address>0x2a84</run_address>
         <size>0x38</size>
         <alignment>0x4</alignment>
         <input_file_ref idref="fl-1"/>
      </object_component>
      <object_component id="oc-22a">
         <name>.text.Delay</name>
         <load_address>0x2abc</load_address>
         <readonly>true</readonly>
         <executable>true</executable>
         <run_address>0x2abc</run_address>
         <size>0x38</size>
         <alignment>0x2</alignment>
         <input_file_ref idref="fl-4"/>
      </object_component>
      <object_component id="oc-1a1">
         <name>.text.__fixsfsi</name>
         <load_address>0x2af4</load_address>
         <readonly>true</readonly>
         <executable>true</executable>
         <run_address>0x2af4</run_address>
         <size>0x38</size>
         <alignment>0x4</alignment>
         <input_file_ref idref="fl-f8"/>
      </object_component>
      <object_component id="oc-1bf">
         <name>.text.DL_GPIO_initDigitalInputFeatures</name>
         <load_address>0x2b2c</load_address>
         <readonly>true</readonly>
         <executable>true</executable>
         <run_address>0x2b2c</run_address>
         <size>0x34</size>
         <alignment>0x4</alignment>
         <input_file_ref idref="fl-1"/>
      </object_component>
      <object_component id="oc-f0">
         <name>.text.NDivideTest</name>
         <load_address>0x2b60</load_address>
         <readonly>true</readonly>
         <executable>true</executable>
         <run_address>0x2b60</run_address>
         <size>0x34</size>
         <alignment>0x4</alignment>
         <input_file_ref idref="fl-4"/>
      </object_component>
      <object_component id="oc-16b">
         <name>.text.DL_DMA_setTransferSize</name>
         <load_address>0x2b94</load_address>
         <readonly>true</readonly>
         <executable>true</executable>
         <run_address>0x2b94</run_address>
         <size>0x30</size>
         <alignment>0x4</alignment>
         <input_file_ref idref="fl-8"/>
      </object_component>
      <object_component id="oc-249">
         <name>.text.DL_DMA_setTransferSize</name>
         <load_address>0x2bc4</load_address>
         <readonly>true</readonly>
         <executable>true</executable>
         <run_address>0x2bc4</run_address>
         <size>0x30</size>
         <alignment>0x4</alignment>
         <input_file_ref idref="fl-1"/>
      </object_component>
      <object_component id="oc-1be">
         <name>.text.DL_GPIO_initDigitalOutputFeatures</name>
         <load_address>0x2bf4</load_address>
         <readonly>true</readonly>
         <executable>true</executable>
         <run_address>0x2bf4</run_address>
         <size>0x30</size>
         <alignment>0x4</alignment>
         <input_file_ref idref="fl-1"/>
      </object_component>
      <object_component id="oc-1fc">
         <name>.text.DL_SPI_setFIFOThreshold</name>
         <load_address>0x2c24</load_address>
         <readonly>true</readonly>
         <executable>true</executable>
         <run_address>0x2c24</run_address>
         <size>0x30</size>
         <alignment>0x4</alignment>
         <input_file_ref idref="fl-1"/>
      </object_component>
      <object_component id="oc-10f">
         <name>.text.LCD_WR_REG</name>
         <load_address>0x2c54</load_address>
         <readonly>true</readonly>
         <executable>true</executable>
         <run_address>0x2c54</run_address>
         <size>0x30</size>
         <alignment>0x4</alignment>
         <input_file_ref idref="fl-7"/>
      </object_component>
      <object_component id="oc-1ab">
         <name>.text.mypow</name>
         <load_address>0x2c84</load_address>
         <readonly>true</readonly>
         <executable>true</executable>
         <run_address>0x2c84</run_address>
         <size>0x30</size>
         <alignment>0x2</alignment>
         <input_file_ref idref="fl-6"/>
      </object_component>
      <object_component id="oc-20a">
         <name>.text.DL_ADC12_setDMASamplesCnt</name>
         <load_address>0x2cb4</load_address>
         <readonly>true</readonly>
         <executable>true</executable>
         <run_address>0x2cb4</run_address>
         <size>0x2c</size>
         <alignment>0x4</alignment>
         <input_file_ref idref="fl-1"/>
      </object_component>
      <object_component id="oc-117">
         <name>.text.LCD_DrawPoint</name>
         <load_address>0x2ce0</load_address>
         <readonly>true</readonly>
         <executable>true</executable>
         <run_address>0x2ce0</run_address>
         <size>0x2c</size>
         <alignment>0x2</alignment>
         <input_file_ref idref="fl-6"/>
      </object_component>
      <object_component id="oc-212">
         <name>.text.SYSCFG_DL_DMA_CH0_init</name>
         <load_address>0x2d0c</load_address>
         <readonly>true</readonly>
         <executable>true</executable>
         <run_address>0x2d0c</run_address>
         <size>0x2c</size>
         <alignment>0x4</alignment>
         <input_file_ref idref="fl-1"/>
      </object_component>
      <object_component id="oc-16d">
         <name>.text.__NVIC_ClearPendingIRQ</name>
         <load_address>0x2d38</load_address>
         <readonly>true</readonly>
         <executable>true</executable>
         <run_address>0x2d38</run_address>
         <size>0x2c</size>
         <alignment>0x4</alignment>
         <input_file_ref idref="fl-8"/>
      </object_component>
      <object_component id="oc-16f">
         <name>.text.__NVIC_ClearPendingIRQ</name>
         <load_address>0x2d64</load_address>
         <readonly>true</readonly>
         <executable>true</executable>
         <run_address>0x2d64</run_address>
         <size>0x2c</size>
         <alignment>0x4</alignment>
         <input_file_ref idref="fl-a"/>
      </object_component>
      <object_component id="oc-16e">
         <name>.text.__NVIC_EnableIRQ</name>
         <load_address>0x2d90</load_address>
         <readonly>true</readonly>
         <executable>true</executable>
         <run_address>0x2d90</run_address>
         <size>0x2c</size>
         <alignment>0x4</alignment>
         <input_file_ref idref="fl-8"/>
      </object_component>
      <object_component id="oc-170">
         <name>.text.__NVIC_EnableIRQ</name>
         <load_address>0x2dbc</load_address>
         <readonly>true</readonly>
         <executable>true</executable>
         <run_address>0x2dbc</run_address>
         <size>0x2c</size>
         <alignment>0x4</alignment>
         <input_file_ref idref="fl-a"/>
      </object_component>
      <object_component id="oc-11e">
         <name>.text.__floatsidf</name>
         <load_address>0x2de8</load_address>
         <readonly>true</readonly>
         <executable>true</executable>
         <run_address>0x2de8</run_address>
         <size>0x2c</size>
         <alignment>0x4</alignment>
         <input_file_ref idref="fl-fa"/>
      </object_component>
      <object_component id="oc-23e">
         <name>.text.DL_Common_updateReg</name>
         <load_address>0x2e14</load_address>
         <readonly>true</readonly>
         <executable>true</executable>
         <run_address>0x2e14</run_address>
         <size>0x28</size>
         <alignment>0x2</alignment>
         <input_file_ref idref="fl-1"/>
      </object_component>
      <object_component id="oc-16a">
         <name>.text.DL_DMA_setDestAddr</name>
         <load_address>0x2e3c</load_address>
         <readonly>true</readonly>
         <executable>true</executable>
         <run_address>0x2e3c</run_address>
         <size>0x28</size>
         <alignment>0x4</alignment>
         <input_file_ref idref="fl-8"/>
      </object_component>
      <object_component id="oc-169">
         <name>.text.DL_DMA_setSrcAddr</name>
         <load_address>0x2e64</load_address>
         <readonly>true</readonly>
         <executable>true</executable>
         <run_address>0x2e64</run_address>
         <size>0x28</size>
         <alignment>0x4</alignment>
         <input_file_ref idref="fl-8"/>
      </object_component>
      <object_component id="oc-214">
         <name>.text.DL_SYSTICK_init</name>
         <load_address>0x2e8c</load_address>
         <readonly>true</readonly>
         <executable>true</executable>
         <run_address>0x2e8c</run_address>
         <size>0x28</size>
         <alignment>0x4</alignment>
         <input_file_ref idref="fl-1"/>
      </object_component>
      <object_component id="oc-1e2">
         <name>.text.DL_Timer_enableEvent</name>
         <load_address>0x2eb4</load_address>
         <readonly>true</readonly>
         <executable>true</executable>
         <run_address>0x2eb4</run_address>
         <size>0x28</size>
         <alignment>0x4</alignment>
         <input_file_ref idref="fl-1"/>
      </object_component>
      <object_component id="oc-213">
         <name>.text.SYSCFG_DL_DMA_CH1_init</name>
         <load_address>0x2edc</load_address>
         <readonly>true</readonly>
         <executable>true</executable>
         <run_address>0x2edc</run_address>
         <size>0x28</size>
         <alignment>0x4</alignment>
         <input_file_ref idref="fl-1"/>
      </object_component>
      <object_component id="oc-199">
         <name>.text.__floatunsisf</name>
         <load_address>0x2f04</load_address>
         <readonly>true</readonly>
         <executable>true</executable>
         <run_address>0x2f04</run_address>
         <size>0x28</size>
         <alignment>0x4</alignment>
         <input_file_ref idref="fl-fc"/>
      </object_component>
      <object_component id="oc-23a">
         <name>.text.free_list_insert</name>
         <load_address>0x2f2c</load_address>
         <readonly>true</readonly>
         <executable>true</executable>
         <run_address>0x2f2c</run_address>
         <size>0x28</size>
         <alignment>0x4</alignment>
         <input_file_ref idref="fl-3e"/>
      </object_component>
      <object_component id="oc-79">
         <name>.text:_c_int00_noargs</name>
         <load_address>0x2f54</load_address>
         <readonly>true</readonly>
         <executable>true</executable>
         <run_address>0x2f54</run_address>
         <size>0x28</size>
         <alignment>0x4</alignment>
         <input_file_ref idref="fl-44"/>
      </object_component>
      <object_component id="oc-16c">
         <name>.text.DL_DMA_enableChannel</name>
         <load_address>0x2f7c</load_address>
         <readonly>true</readonly>
         <executable>true</executable>
         <run_address>0x2f7c</run_address>
         <size>0x26</size>
         <alignment>0x2</alignment>
         <input_file_ref idref="fl-8"/>
      </object_component>
      <object_component id="oc-1fb">
         <name>.text.DL_SPI_setBitRateSerialClockDivider</name>
         <load_address>0x2fa4</load_address>
         <readonly>true</readonly>
         <executable>true</executable>
         <run_address>0x2fa4</run_address>
         <size>0x24</size>
         <alignment>0x4</alignment>
         <input_file_ref idref="fl-1"/>
      </object_component>
      <object_component id="oc-252">
         <name>.text.memccpy</name>
         <load_address>0x2fc8</load_address>
         <readonly>true</readonly>
         <executable>true</executable>
         <run_address>0x2fc8</run_address>
         <size>0x22</size>
         <alignment>0x2</alignment>
         <input_file_ref idref="fl-3d"/>
      </object_component>
      <object_component id="oc-1bd">
         <name>.text.DL_GPIO_initPeripheralInputFunction</name>
         <load_address>0x2fec</load_address>
         <readonly>true</readonly>
         <executable>true</executable>
         <run_address>0x2fec</run_address>
         <size>0x20</size>
         <alignment>0x4</alignment>
         <input_file_ref idref="fl-1"/>
      </object_component>
      <object_component id="oc-1c8">
         <name>.text.DL_SYSCTL_setFlashWaitState</name>
         <load_address>0x300c</load_address>
         <readonly>true</readonly>
         <executable>true</executable>
         <run_address>0x300c</run_address>
         <size>0x20</size>
         <alignment>0x4</alignment>
         <input_file_ref idref="fl-1"/>
      </object_component>
      <object_component id="oc-1d6">
         <name>.text.DL_SYSCTL_setMFPCLKSource</name>
         <load_address>0x302c</load_address>
         <readonly>true</readonly>
         <executable>true</executable>
         <run_address>0x302c</run_address>
         <size>0x20</size>
         <alignment>0x4</alignment>
         <input_file_ref idref="fl-1"/>
      </object_component>
      <object_component id="oc-27b">
         <name>.text.DL_UART_transmitDataBlocking</name>
         <load_address>0x304c</load_address>
         <readonly>true</readonly>
         <executable>true</executable>
         <run_address>0x304c</run_address>
         <size>0x20</size>
         <alignment>0x4</alignment>
         <input_file_ref idref="fl-1e"/>
      </object_component>
      <object_component id="oc-208">
         <name>.text.DL_ADC12_setPowerDownMode</name>
         <load_address>0x306c</load_address>
         <readonly>true</readonly>
         <executable>true</executable>
         <run_address>0x306c</run_address>
         <size>0x1e</size>
         <alignment>0x2</alignment>
         <input_file_ref idref="fl-1"/>
      </object_component>
      <object_component id="oc-1ef">
         <name>.text.DL_UART_setOversampling</name>
         <load_address>0x308a</load_address>
         <readonly>true</readonly>
         <executable>true</executable>
         <run_address>0x308a</run_address>
         <size>0x1e</size>
         <alignment>0x2</alignment>
         <input_file_ref idref="fl-1"/>
      </object_component>
      <object_component id="oc-c2">
         <name>.text.LCD_WR_DATA</name>
         <load_address>0x30a8</load_address>
         <readonly>true</readonly>
         <executable>true</executable>
         <run_address>0x30a8</run_address>
         <size>0x1e</size>
         <alignment>0x2</alignment>
         <input_file_ref idref="fl-7"/>
      </object_component>
      <object_component id="oc-20d">
         <name>.text.DL_ADC12_clearInterruptStatus</name>
         <load_address>0x30c8</load_address>
         <readonly>true</readonly>
         <executable>true</executable>
         <run_address>0x30c8</run_address>
         <size>0x1c</size>
         <alignment>0x4</alignment>
         <input_file_ref idref="fl-1"/>
      </object_component>
      <object_component id="oc-209">
         <name>.text.DL_ADC12_enableDMA</name>
         <load_address>0x30e4</load_address>
         <readonly>true</readonly>
         <executable>true</executable>
         <run_address>0x30e4</run_address>
         <size>0x1c</size>
         <alignment>0x4</alignment>
         <input_file_ref idref="fl-1"/>
      </object_component>
      <object_component id="oc-20b">
         <name>.text.DL_ADC12_enableDMATrigger</name>
         <load_address>0x3100</load_address>
         <readonly>true</readonly>
         <executable>true</executable>
         <run_address>0x3100</run_address>
         <size>0x1c</size>
         <alignment>0x4</alignment>
         <input_file_ref idref="fl-1"/>
      </object_component>
      <object_component id="oc-20e">
         <name>.text.DL_ADC12_enableInterrupt</name>
         <load_address>0x311c</load_address>
         <readonly>true</readonly>
         <executable>true</executable>
         <run_address>0x311c</run_address>
         <size>0x1c</size>
         <alignment>0x4</alignment>
         <input_file_ref idref="fl-1"/>
      </object_component>
      <object_component id="oc-1c4">
         <name>.text.DL_GPIO_clearInterruptStatus</name>
         <load_address>0x3138</load_address>
         <readonly>true</readonly>
         <executable>true</executable>
         <run_address>0x3138</run_address>
         <size>0x1c</size>
         <alignment>0x4</alignment>
         <input_file_ref idref="fl-1"/>
      </object_component>
      <object_component id="oc-1c5">
         <name>.text.DL_GPIO_enableInterrupt</name>
         <load_address>0x3154</load_address>
         <readonly>true</readonly>
         <executable>true</executable>
         <run_address>0x3154</run_address>
         <size>0x1c</size>
         <alignment>0x4</alignment>
         <input_file_ref idref="fl-1"/>
      </object_component>
      <object_component id="oc-1bc">
         <name>.text.DL_GPIO_initPeripheralOutputFunction</name>
         <load_address>0x3170</load_address>
         <readonly>true</readonly>
         <executable>true</executable>
         <run_address>0x3170</run_address>
         <size>0x1c</size>
         <alignment>0x4</alignment>
         <input_file_ref idref="fl-1"/>
      </object_component>
      <object_component id="oc-87">
         <name>.text.DL_Interrupt_getPendingGroup</name>
         <load_address>0x318c</load_address>
         <readonly>true</readonly>
         <executable>true</executable>
         <run_address>0x318c</run_address>
         <size>0x1c</size>
         <alignment>0x4</alignment>
         <input_file_ref idref="fl-a"/>
      </object_component>
      <object_component id="oc-1c9">
         <name>.text.DL_SYSCTL_setSYSOSCFreq</name>
         <load_address>0x31a8</load_address>
         <readonly>true</readonly>
         <executable>true</executable>
         <run_address>0x31a8</run_address>
         <size>0x1c</size>
         <alignment>0x4</alignment>
         <input_file_ref idref="fl-1"/>
      </object_component>
      <object_component id="oc-1d3">
         <name>.text.DL_SYSCTL_setULPCLKDivider</name>
         <load_address>0x31c4</load_address>
         <readonly>true</readonly>
         <executable>true</executable>
         <run_address>0x31c4</run_address>
         <size>0x1c</size>
         <alignment>0x4</alignment>
         <input_file_ref idref="fl-1"/>
      </object_component>
      <object_component id="oc-1da">
         <name>.text.DL_Timer_setClockConfig</name>
         <load_address>0x31e0</load_address>
         <readonly>true</readonly>
         <executable>true</executable>
         <run_address>0x31e0</run_address>
         <size>0x1c</size>
         <alignment>0x4</alignment>
         <input_file_ref idref="fl-1d"/>
      </object_component>
      <object_component id="oc-228">
         <name>.text.fputc</name>
         <load_address>0x31fc</load_address>
         <readonly>true</readonly>
         <executable>true</executable>
         <run_address>0x31fc</run_address>
         <size>0x1c</size>
         <alignment>0x4</alignment>
         <input_file_ref idref="fl-5"/>
      </object_component>
      <object_component id="oc-238">
         <name>.text.free_list_remove</name>
         <load_address>0x3218</load_address>
         <readonly>true</readonly>
         <executable>true</executable>
         <run_address>0x3218</run_address>
         <size>0x1c</size>
         <alignment>0x4</alignment>
         <input_file_ref idref="fl-3e"/>
      </object_component>
      <object_component id="oc-20c">
         <name>.text.DL_ADC12_setSubscriberChanID</name>
         <load_address>0x3234</load_address>
         <readonly>true</readonly>
         <executable>true</executable>
         <run_address>0x3234</run_address>
         <size>0x1a</size>
         <alignment>0x2</alignment>
         <input_file_ref idref="fl-1"/>
      </object_component>
      <object_component id="oc-1b6">
         <name>.text.DL_ADC12_enablePower</name>
         <load_address>0x3250</load_address>
         <readonly>true</readonly>
         <executable>true</executable>
         <run_address>0x3250</run_address>
         <size>0x18</size>
         <alignment>0x4</alignment>
         <input_file_ref idref="fl-1"/>
      </object_component>
      <object_component id="oc-1b1">
         <name>.text.DL_ADC12_reset</name>
         <load_address>0x3268</load_address>
         <readonly>true</readonly>
         <executable>true</executable>
         <run_address>0x3268</run_address>
         <size>0x18</size>
         <alignment>0x4</alignment>
         <input_file_ref idref="fl-1"/>
      </object_component>
      <object_component id="oc-1c2">
         <name>.text.DL_GPIO_enableOutput</name>
         <load_address>0x3280</load_address>
         <readonly>true</readonly>
         <executable>true</executable>
         <run_address>0x3280</run_address>
         <size>0x18</size>
         <alignment>0x4</alignment>
         <input_file_ref idref="fl-1"/>
      </object_component>
      <object_component id="oc-1b2">
         <name>.text.DL_GPIO_enablePower</name>
         <load_address>0x3298</load_address>
         <readonly>true</readonly>
         <executable>true</executable>
         <run_address>0x3298</run_address>
         <size>0x18</size>
         <alignment>0x4</alignment>
         <input_file_ref idref="fl-1"/>
      </object_component>
      <object_component id="oc-1c0">
         <name>.text.DL_GPIO_initDigitalOutput</name>
         <load_address>0x32b0</load_address>
         <readonly>true</readonly>
         <executable>true</executable>
         <run_address>0x32b0</run_address>
         <size>0x18</size>
         <alignment>0x4</alignment>
         <input_file_ref idref="fl-1"/>
      </object_component>
      <object_component id="oc-1bb">
         <name>.text.DL_GPIO_initPeripheralAnalogFunction</name>
         <load_address>0x32c8</load_address>
         <readonly>true</readonly>
         <executable>true</executable>
         <run_address>0x32c8</run_address>
         <size>0x18</size>
         <alignment>0x4</alignment>
         <input_file_ref idref="fl-1"/>
      </object_component>
      <object_component id="oc-1ad">
         <name>.text.DL_GPIO_reset</name>
         <load_address>0x32e0</load_address>
         <readonly>true</readonly>
         <executable>true</executable>
         <run_address>0x32e0</run_address>
         <size>0x18</size>
         <alignment>0x4</alignment>
         <input_file_ref idref="fl-1"/>
      </object_component>
      <object_component id="oc-229">
         <name>.text.DL_GPIO_setPins</name>
         <load_address>0x32f8</load_address>
         <readonly>true</readonly>
         <executable>true</executable>
         <run_address>0x32f8</run_address>
         <size>0x18</size>
         <alignment>0x4</alignment>
         <input_file_ref idref="fl-4"/>
      </object_component>
      <object_component id="oc-167">
         <name>.text.DL_GPIO_setPins</name>
         <load_address>0x3310</load_address>
         <readonly>true</readonly>
         <executable>true</executable>
         <run_address>0x3310</run_address>
         <size>0x18</size>
         <alignment>0x4</alignment>
         <input_file_ref idref="fl-7"/>
      </object_component>
      <object_component id="oc-e1">
         <name>.text.DL_GPIO_setPins</name>
         <load_address>0x3328</load_address>
         <readonly>true</readonly>
         <executable>true</executable>
         <run_address>0x3328</run_address>
         <size>0x18</size>
         <alignment>0x4</alignment>
         <input_file_ref idref="fl-3"/>
      </object_component>
      <object_component id="oc-1c6">
         <name>.text.DL_GPIO_setPins</name>
         <load_address>0x3340</load_address>
         <readonly>true</readonly>
         <executable>true</executable>
         <run_address>0x3340</run_address>
         <size>0x18</size>
         <alignment>0x4</alignment>
         <input_file_ref idref="fl-1"/>
      </object_component>
      <object_component id="oc-1c3">
         <name>.text.DL_GPIO_setUpperPinsPolarity</name>
         <load_address>0x3358</load_address>
         <readonly>true</readonly>
         <executable>true</executable>
         <run_address>0x3358</run_address>
         <size>0x18</size>
         <alignment>0x2</alignment>
         <input_file_ref idref="fl-1"/>
      </object_component>
      <object_component id="oc-1fd">
         <name>.text.DL_SPI_enable</name>
         <load_address>0x3370</load_address>
         <readonly>true</readonly>
         <executable>true</executable>
         <run_address>0x3370</run_address>
         <size>0x18</size>
         <alignment>0x4</alignment>
         <input_file_ref idref="fl-1"/>
      </object_component>
      <object_component id="oc-1b5">
         <name>.text.DL_SPI_enablePower</name>
         <load_address>0x3388</load_address>
         <readonly>true</readonly>
         <executable>true</executable>
         <run_address>0x3388</run_address>
         <size>0x18</size>
         <alignment>0x4</alignment>
         <input_file_ref idref="fl-1"/>
      </object_component>
      <object_component id="oc-188">
         <name>.text.DL_SPI_isBusy</name>
         <load_address>0x33a0</load_address>
         <readonly>true</readonly>
         <executable>true</executable>
         <run_address>0x33a0</run_address>
         <size>0x18</size>
         <alignment>0x4</alignment>
         <input_file_ref idref="fl-7"/>
      </object_component>
      <object_component id="oc-1b0">
         <name>.text.DL_SPI_reset</name>
         <load_address>0x33b8</load_address>
         <readonly>true</readonly>
         <executable>true</executable>
         <run_address>0x33b8</run_address>
         <size>0x18</size>
         <alignment>0x4</alignment>
         <input_file_ref idref="fl-1"/>
      </object_component>
      <object_component id="oc-1c7">
         <name>.text.DL_SYSCTL_setBORThreshold</name>
         <load_address>0x33d0</load_address>
         <readonly>true</readonly>
         <executable>true</executable>
         <run_address>0x33d0</run_address>
         <size>0x18</size>
         <alignment>0x4</alignment>
         <input_file_ref idref="fl-1"/>
      </object_component>
      <object_component id="oc-1b3">
         <name>.text.DL_Timer_enablePower</name>
         <load_address>0x33e8</load_address>
         <readonly>true</readonly>
         <executable>true</executable>
         <run_address>0x33e8</run_address>
         <size>0x18</size>
         <alignment>0x4</alignment>
         <input_file_ref idref="fl-1"/>
      </object_component>
      <object_component id="oc-1ae">
         <name>.text.DL_Timer_reset</name>
         <load_address>0x3400</load_address>
         <readonly>true</readonly>
         <executable>true</executable>
         <run_address>0x3400</run_address>
         <size>0x18</size>
         <alignment>0x4</alignment>
         <input_file_ref idref="fl-1"/>
      </object_component>
      <object_component id="oc-94">
         <name>.text.DL_Timer_setLoadValue</name>
         <load_address>0x3418</load_address>
         <readonly>true</readonly>
         <executable>true</executable>
         <run_address>0x3418</run_address>
         <size>0x18</size>
         <alignment>0x4</alignment>
         <input_file_ref idref="fl-a"/>
      </object_component>
      <object_component id="oc-95">
         <name>.text.DL_Timer_startCounter</name>
         <load_address>0x3430</load_address>
         <readonly>true</readonly>
         <executable>true</executable>
         <run_address>0x3430</run_address>
         <size>0x18</size>
         <alignment>0x4</alignment>
         <input_file_ref idref="fl-a"/>
      </object_component>
      <object_component id="oc-9c">
         <name>.text.DL_Timer_stopCounter</name>
         <load_address>0x3448</load_address>
         <readonly>true</readonly>
         <executable>true</executable>
         <run_address>0x3448</run_address>
         <size>0x18</size>
         <alignment>0x4</alignment>
         <input_file_ref idref="fl-8"/>
      </object_component>
      <object_component id="oc-1b4">
         <name>.text.DL_UART_enablePower</name>
         <load_address>0x3460</load_address>
         <readonly>true</readonly>
         <executable>true</executable>
         <run_address>0x3460</run_address>
         <size>0x18</size>
         <alignment>0x4</alignment>
         <input_file_ref idref="fl-1"/>
      </object_component>
      <object_component id="oc-1af">
         <name>.text.DL_UART_reset</name>
         <load_address>0x3478</load_address>
         <readonly>true</readonly>
         <executable>true</executable>
         <run_address>0x3478</run_address>
         <size>0x18</size>
         <alignment>0x4</alignment>
         <input_file_ref idref="fl-1"/>
      </object_component>
      <object_component id="oc-166">
         <name>.text.delayLCD_ms</name>
         <load_address>0x3490</load_address>
         <readonly>true</readonly>
         <executable>true</executable>
         <run_address>0x3490</run_address>
         <size>0x18</size>
         <alignment>0x4</alignment>
         <input_file_ref idref="fl-7"/>
      </object_component>
      <object_component id="oc-20f">
         <name>.text.DL_ADC12_enableConversions</name>
         <load_address>0x34a8</load_address>
         <readonly>true</readonly>
         <executable>true</executable>
         <run_address>0x34a8</run_address>
         <size>0x16</size>
         <alignment>0x2</alignment>
         <input_file_ref idref="fl-1"/>
      </object_component>
      <object_component id="oc-88">
         <name>.text.DL_GPIO_readPins</name>
         <load_address>0x34be</load_address>
         <readonly>true</readonly>
         <executable>true</executable>
         <run_address>0x34be</run_address>
         <size>0x16</size>
         <alignment>0x2</alignment>
         <input_file_ref idref="fl-a"/>
      </object_component>
      <object_component id="oc-187">
         <name>.text.DL_SPI_transmitData8</name>
         <load_address>0x34d4</load_address>
         <readonly>true</readonly>
         <executable>true</executable>
         <run_address>0x34d4</run_address>
         <size>0x16</size>
         <alignment>0x2</alignment>
         <input_file_ref idref="fl-7"/>
      </object_component>
      <object_component id="oc-1f1">
         <name>.text.DL_UART_enable</name>
         <load_address>0x34ea</load_address>
         <readonly>true</readonly>
         <executable>true</executable>
         <run_address>0x34ea</run_address>
         <size>0x16</size>
         <alignment>0x2</alignment>
         <input_file_ref idref="fl-1"/>
      </object_component>
      <object_component id="oc-ea">
         <name>.text.Key_Init</name>
         <load_address>0x3500</load_address>
         <readonly>true</readonly>
         <executable>true</executable>
         <run_address>0x3500</run_address>
         <size>0x16</size>
         <alignment>0x2</alignment>
         <input_file_ref idref="fl-a"/>
      </object_component>
      <object_component id="oc-89">
         <name>.text.delay_ms</name>
         <load_address>0x3516</load_address>
         <readonly>true</readonly>
         <executable>true</executable>
         <run_address>0x3516</run_address>
         <size>0x16</size>
         <alignment>0x2</alignment>
         <input_file_ref idref="fl-5"/>
      </object_component>
      <object_component id="oc-171">
         <name>.text.DL_GPIO_clearPins</name>
         <load_address>0x352c</load_address>
         <readonly>true</readonly>
         <executable>true</executable>
         <run_address>0x352c</run_address>
         <size>0x14</size>
[...]
      <symbol id="sm-215">
         <name>LCD_DrawPoint</name>
         <value>0x2ce1</value>
         <object_component_ref idref="oc-117"/>
      </symbol>
      <symbol id="sm-216">
         <name>LCD_DrawLine</name>
         <value>0xdb9</value>
         <object_component_ref idref="oc-177"/>
      </symbol>
      <symbol id="sm-217">
         <name>LCD_ShowChar</name>
         <value>0x345</value>
         <object_component_ref idref="oc-c5"/>
      </symbol>
      <symbol id="sm-218">
         <name>ascii_3216</name>
         <value>0x3770</value>
         <object_component_ref idref="oc-118"/>
      </symbol>
      <symbol id="sm-219">
         <name>ascii_2412</name>
         <value>0x4f30</value>
         <object_component_ref idref="oc-119"/>
      </symbol>
      <symbol id="sm-21a">
         <name>ascii_1608</name>
         <value>0x6100</value>
         <object_component_ref idref="oc-11a"/>
      </symbol>
      <symbol id="sm-21b">
         <name>ascii_1206</name>
         <value>0x66f0</value>
         <object_component_ref idref="oc-11b"/>
      </symbol>
      <symbol id="sm-21c">
         <name>LCD_ShowString</name>
         <value>0x204d</value>
         <object_component_ref idref="oc-93"/>
      </symbol>
      <symbol id="sm-21d">
         <name>mypow</name>
         <value>0x2c85</value>
         <object_component_ref idref="oc-1ab"/>
      </symbol>
      <symbol id="sm-21e">
         <name>LCD_ShowInt32Num</name>
         <value>0x111d</value>
         <object_component_ref idref="oc-140"/>
      </symbol>
      <symbol id="sm-247">
         <name>LCD_GPIO_Init</name>
         <value>0x8af</value>
         <object_component_ref idref="oc-164"/>
      </symbol>
      <symbol id="sm-248">
         <name>LCD_Writ_Bus</name>
         <value>0x2741</value>
         <object_component_ref idref="oc-112"/>
      </symbol>
      <symbol id="sm-249">
         <name>LCD_WR_DATA8</name>
         <value>0x35a5</value>
         <object_component_ref idref="oc-168"/>
      </symbol>
      <symbol id="sm-24a">
         <name>LCD_WR_DATA</name>
         <value>0x30a9</value>
         <object_component_ref idref="oc-c2"/>
      </symbol>
      <symbol id="sm-24b">
         <name>LCD_WR_REG</name>
         <value>0x2c55</value>
         <object_component_ref idref="oc-10f"/>
      </symbol>
      <symbol id="sm-24c">
         <name>LCD_Address_Set</name>
         <value>0x2409</value>
         <object_component_ref idref="oc-bd"/>
      </symbol>
      <symbol id="sm-24d">
         <name>delayLCD_ms</name>
         <value>0x3491</value>
         <object_component_ref idref="oc-166"/>
      </symbol>
      <symbol id="sm-24e">
         <name>LCD_Init</name>
         <value>0x559</value>
         <object_component_ref idref="oc-e8"/>
      </symbol>
      <symbol id="sm-27c">
         <name>ADC_Init</name>
         <value>0x1be5</value>
         <object_component_ref idref="oc-e9"/>
      </symbol>
      <symbol id="sm-27d">
         <name>ADC0_IRQHandler</name>
         <value>0x2851</value>
         <object_component_ref idref="oc-46"/>
      </symbol>
      <symbol id="sm-27e">
         <name>ADC1_IRQHandler</name>
         <value>0x2675</value>
         <object_component_ref idref="oc-4b"/>
      </symbol>
      <symbol id="sm-28b">
         <name>Show_UI</name>
         <value>0x1b41</value>
         <object_component_ref idref="oc-f1"/>
      </symbol>
      <symbol id="sm-2c7">
         <name>Key_Init</name>
         <value>0x3501</value>
         <object_component_ref idref="oc-ea"/>
      </symbol>
      <symbol id="sm-2c8">
         <name>compare</name>
         <value>0x35b9</value>
         <object_component_ref idref="oc-1a6"/>
      </symbol>
      <symbol id="sm-2c9">
         <name>Result_Calculate</name>
         <value>0x8b1</value>
         <object_component_ref idref="oc-12e"/>
      </symbol>
      <symbol id="sm-2ca">
         <name>Adjust_LoadValue</name>
         <value>0x21b9</value>
         <object_component_ref idref="oc-c9"/>
      </symbol>
      <symbol id="sm-2cb">
         <name>LoadValue_Index</name>
         <value>0x20202730</value>
         <object_component_ref idref="oc-ca"/>
      </symbol>
      <symbol id="sm-2cc">
         <name>LoadValue</name>
         <value>0x20202700</value>
         <object_component_ref idref="oc-98"/>
      </symbol>
      <symbol id="sm-2cd">
         <name>Calculate_First</name>
         <value>0xa21</value>
         <object_component_ref idref="oc-9d"/>
      </symbol>
      <symbol id="sm-2ce">
         <name>Find_TriggerPoint</name>
         <value>0xee1</value>
         <object_component_ref idref="oc-c6"/>
      </symbol>
      <symbol id="sm-2cf">
         <name>Calculate_and_Show</name>
         <value>0xc8d</value>
         <object_component_ref idref="oc-c7"/>
      </symbol>
      <symbol id="sm-2d0">
         <name>LCD_ShowResult</name>
         <value>0x1005</value>
         <object_component_ref idref="oc-c8"/>
      </symbol>
      <symbol id="sm-2d1">
         <name>IndexDiff_Final</name>
         <value>0x2020272e</value>
         <object_component_ref idref="oc-cb"/>
      </symbol>
      <symbol id="sm-2d2">
         <name>StartIndex</name>
         <value>0x20202732</value>
         <object_component_ref idref="oc-cc"/>
      </symbol>
      <symbol id="sm-2d3">
         <name>TriggerCount</name>
         <value>0x20202734</value>
         <object_component_ref idref="oc-cd"/>
      </symbol>
      <symbol id="sm-2d4">
         <name>TriggerFlag</name>
         <value>0x20202736</value>
         <object_component_ref idref="oc-ce"/>
      </symbol>
      <symbol id="sm-2d5">
         <name>Freq2</name>
         <value>0x20202710</value>
         <object_component_ref idref="oc-cf"/>
      </symbol>
      <symbol id="sm-2d6">
         <name>Freq</name>
         <value>0x20202714</value>
         <object_component_ref idref="oc-d0"/>
      </symbol>
      <symbol id="sm-2d7">
         <name>TriggerIndex</name>
         <value>0x20202190</value>
      </symbol>
      <symbol id="sm-2d8">
         <name>IndexDiff</name>
         <value>0x20202140</value>
      </symbol>
      <symbol id="sm-2d9">
         <name>Calculate_Second</name>
         <value>0x1451</value>
         <object_component_ref idref="oc-9e"/>
      </symbol>
      <symbol id="sm-2da">
         <name>GROUP1_IRQHandler</name>
         <value>0x19c5</value>
         <object_component_ref idref="oc-3f"/>
      </symbol>
      <symbol id="sm-2db">
         <name>__TI_ATRegion0_src_addr</name>
         <value>0x0</value>
      </symbol>
      <symbol id="sm-2dc">
         <name>__TI_ATRegion0_trg_addr</name>
         <value>0x0</value>
      </symbol>
      <symbol id="sm-2dd">
         <name>__TI_ATRegion0_region_sz</name>
         <value>0x0</value>
      </symbol>
      <symbol id="sm-2de">
         <name>__TI_ATRegion1_src_addr</name>
         <value>0x0</value>
      </symbol>
      <symbol id="sm-2df">
         <name>__TI_ATRegion1_trg_addr</name>
         <value>0x0</value>
      </symbol>
      <symbol id="sm-2e0">
         <name>__TI_ATRegion1_region_sz</name>
         <value>0x0</value>
      </symbol>
      <symbol id="sm-2e1">
         <name>__TI_ATRegion2_src_addr</name>
         <value>0x0</value>
      </symbol>
      <symbol id="sm-2e2">
         <name>__TI_ATRegion2_trg_addr</name>
         <value>0x0</value>
      </symbol>
      <symbol id="sm-2e3">
         <name>__TI_ATRegion2_region_sz</name>
         <value>0x0</value>
      </symbol>
      <symbol id="sm-2ee">
         <name>DL_ADC12_setClockConfig</name>
         <value>0x2891</value>
         <object_component_ref idref="oc-200"/>
      </symbol>
      <symbol id="sm-2f7">
         <name>DL_Common_delayCycles</name>
         <value>0x20c7</value>
         <object_component_ref idref="oc-1b7"/>
      </symbol>
      <symbol id="sm-301">
         <name>DL_DMA_initChannel</name>
         <value>0x2549</value>
         <object_component_ref idref="oc-24a"/>
      </symbol>
      <symbol id="sm-30e">
         <name>DL_SPI_init</name>
         <value>0x26b9</value>
         <object_component_ref idref="oc-1fa"/>
      </symbol>
      <symbol id="sm-30f">
         <name>DL_SPI_setClockConfig</name>
         <value>0x35df</value>
         <object_component_ref idref="oc-1f4"/>
      </symbol>
      <symbol id="sm-31f">
         <name>DL_Timer_setClockConfig</name>
         <value>0x31e1</value>
         <object_component_ref idref="oc-1da"/>
      </symbol>
      <symbol id="sm-320">
         <name>DL_Timer_initTimerMode</name>
         <value>0x1641</value>
         <object_component_ref idref="oc-1e0"/>
      </symbol>
      <symbol id="sm-330">
         <name>DL_UART_init</name>
         <value>0x262d</value>
         <object_component_ref idref="oc-1ee"/>
      </symbol>
      <symbol id="sm-331">
         <name>DL_UART_setClockConfig</name>
         <value>0x35f1</value>
         <object_component_ref idref="oc-1e8"/>
      </symbol>
      <symbol id="sm-332">
         <name>DL_UART_transmitDataBlocking</name>
         <value>0x304d</value>
         <object_component_ref idref="oc-27b"/>
      </symbol>
      <symbol id="sm-343">
         <name>DL_SYSCTL_configSYSPLL</name>
         <value>0x1811</value>
         <object_component_ref idref="oc-1d2"/>
      </symbol>
      <symbol id="sm-344">
         <name>DL_SYSCTL_switchMCLKfromSYSOSCtoHSCLK</name>
         <value>0x26fd</value>
         <object_component_ref idref="oc-1d7"/>
      </symbol>
      <symbol id="sm-345">
         <name>DL_SYSCTL_setHFCLKSourceHFXTParams</name>
         <value>0x2221</value>
         <object_component_ref idref="oc-1cc"/>
      </symbol>
      <symbol id="sm-356">
         <name>printf</name>
         <value>0x23ad</value>
         <object_component_ref idref="oc-e2"/>
      </symbol>
      <symbol id="sm-36c">
         <name>__TI_printfi_minimal</name>
         <value>0xc1</value>
         <object_component_ref idref="oc-216"/>
      </symbol>
      <symbol id="sm-377">
         <name>_nop</name>
         <value>0x245b</value>
         <object_component_ref idref="oc-21e"/>
      </symbol>
      <symbol id="sm-378">
         <name>_lock</name>
         <value>0x20202720</value>
         <object_component_ref idref="oc-15b"/>
      </symbol>
      <symbol id="sm-379">
         <name>_unlock</name>
         <value>0x20202724</value>
         <object_component_ref idref="oc-161"/>
      </symbol>
      <symbol id="sm-381">
         <name>_ftable</name>
         <value>0x20202610</value>
         <object_component_ref idref="oc-15d"/>
      </symbol>
      <symbol id="sm-38a">
         <name>memccpy</name>
         <value>0x2fc9</value>
         <object_component_ref idref="oc-252"/>
      </symbol>
      <symbol id="sm-3ad">
         <name>malloc</name>
         <value>0x36d9</value>
         <object_component_ref idref="oc-193"/>
      </symbol>
      <symbol id="sm-3ae">
         <name>aligned_alloc</name>
         <value>0x1231</value>
         <object_component_ref idref="oc-231"/>
      </symbol>
      <symbol id="sm-3af">
         <name>free</name>
         <value>0x1729</value>
         <object_component_ref idref="oc-1a5"/>
      </symbol>
      <symbol id="sm-3b0">
         <name>_sys_memory</name>
         <value>0x20202210</value>
         <object_component_ref idref="oc-2f"/>
      </symbol>
      <symbol id="sm-3b1">
         <name>memalign</name>
         <value>0x1231</value>
         <object_component_ref idref="oc-231"/>
      </symbol>
      <symbol id="sm-3ba">
         <name>qsort</name>
         <value>0xb59</value>
         <object_component_ref idref="oc-195"/>
      </symbol>
      <symbol id="sm-3c3">
         <name>strlen</name>
         <value>0x36a5</value>
         <object_component_ref idref="oc-277"/>
      </symbol>
      <symbol id="sm-3cd">
         <name>__TI_zero_init</name>
         <value>0x3669</value>
         <object_component_ref idref="oc-76"/>
      </symbol>
      <symbol id="sm-3d6">
         <name>__TI_decompress_none</name>
         <value>0x3615</value>
         <object_component_ref idref="oc-20"/>
      </symbol>
      <symbol id="sm-3e1">
         <name>__TI_decompress_lzss</name>
         <value>0x1fd1</value>
         <object_component_ref idref="oc-1c"/>
      </symbol>
      <symbol id="sm-3ec">
         <name>_c_int00_noargs</name>
         <value>0x2f55</value>
         <object_component_ref idref="oc-79"/>
      </symbol>
      <symbol id="sm-3ed">
         <name>__stack</name>
         <value>0x20207e00</value>
         <object_component_ref idref="oc-1a"/>
      </symbol>
      <symbol id="sm-3fc">
         <name>abort</name>
         <value>0x376d</value>
         <object_component_ref idref="oc-f6"/>
      </symbol>
      <symbol id="sm-3fd">
         <name>C$$EXIT</name>
         <value>0x376c</value>
         <object_component_ref idref="oc-f6"/>
      </symbol>
      <symbol id="sm-409">
         <name>__TI_auto_init_nobinit_nopinit</name>
         <value>0x2a49</value>
         <object_component_ref idref="oc-fd"/>
      </symbol>
      <symbol id="sm-411">
         <name>_system_pre_init</name>
         <value>0x3769</value>
         <object_component_ref idref="oc-ab"/>
      </symbol>
      <symbol id="sm-422">
         <name>__aeabi_fadd</name>
         <value>0x18f7</value>
         <object_component_ref idref="oc-19d"/>
      </symbol>
      <symbol id="sm-423">
         <name>__addsf3</name>
         <value>0x18f7</value>
         <object_component_ref idref="oc-19d"/>
      </symbol>
      <symbol id="sm-424">
         <name>__aeabi_fsub</name>
         <value>0x18ed</value>
         <object_component_ref idref="oc-19d"/>
      </symbol>
      <symbol id="sm-425">
         <name>__subsf3</name>
         <value>0x18ed</value>
         <object_component_ref idref="oc-19d"/>
      </symbol>
      <symbol id="sm-42b">
         <name>__aeabi_dadd</name>
         <value>0x727</value>
         <object_component_ref idref="oc-122"/>
      </symbol>
      <symbol id="sm-42c">
         <name>__adddf3</name>
         <value>0x727</value>
         <object_component_ref idref="oc-122"/>
      </symbol>
      <symbol id="sm-42d">
         <name>__aeabi_dsub</name>
         <value>0x71d</value>
         <object_component_ref idref="oc-122"/>
      </symbol>
      <symbol id="sm-42e">
         <name>__subdf3</name>
         <value>0x71d</value>
         <object_component_ref idref="oc-122"/>
      </symbol>
      <symbol id="sm-434">
         <name>__aeabi_fdiv</name>
         <value>0x1f4d</value>
         <object_component_ref idref="oc-133"/>
      </symbol>
      <symbol id="sm-435">
         <name>__divsf3</name>
         <value>0x1f4d</value>
         <object_component_ref idref="oc-133"/>
      </symbol>
      <symbol id="sm-43b">
         <name>__aeabi_ddiv</name>
         <value>0x1345</value>
         <object_component_ref idref="oc-126"/>
      </symbol>
      <symbol id="sm-43c">
         <name>__divdf3</name>
         <value>0x1345</value>
         <object_component_ref idref="oc-126"/>
      </symbol>
      <symbol id="sm-442">
         <name>__aeabi_f2d</name>
         <value>0x2991</value>
         <object_component_ref idref="oc-137"/>
      </symbol>
      <symbol id="sm-443">
         <name>__extendsfdf2</name>
         <value>0x2991</value>
         <object_component_ref idref="oc-137"/>
      </symbol>
      <symbol id="sm-449">
         <name>__aeabi_f2iz</name>
         <value>0x2af5</value>
         <object_component_ref idref="oc-1a1"/>
      </symbol>
      <symbol id="sm-44a">
         <name>__fixsfsi</name>
         <value>0x2af5</value>
         <object_component_ref idref="oc-1a1"/>
      </symbol>
      <symbol id="sm-450">
         <name>__aeabi_d2uiz</name>
         <value>0x280d</value>
         <object_component_ref idref="oc-13b"/>
      </symbol>
      <symbol id="sm-451">
         <name>__fixunsdfsi</name>
         <value>0x280d</value>
         <object_component_ref idref="oc-13b"/>
      </symbol>
      <symbol id="sm-457">
         <name>__aeabi_i2d</name>
         <value>0x2de9</value>
         <object_component_ref idref="oc-11e"/>
      </symbol>
      <symbol id="sm-458">
         <name>__floatsidf</name>
         <value>0x2de9</value>
         <object_component_ref idref="oc-11e"/>
      </symbol>
      <symbol id="sm-45e">
         <name>__aeabi_i2f</name>
         <value>0x2a0d</value>
         <object_component_ref idref="oc-12f"/>
      </symbol>
      <symbol id="sm-45f">
         <name>__floatsisf</name>
         <value>0x2a0d</value>
         <object_component_ref idref="oc-12f"/>
      </symbol>
      <symbol id="sm-465">
         <name>__aeabi_ui2f</name>
         <value>0x2f05</value>
         <object_component_ref idref="oc-199"/>
      </symbol>
      <symbol id="sm-466">
         <name>__floatunsisf</name>
         <value>0x2f05</value>
         <object_component_ref idref="oc-199"/>
      </symbol>
      <symbol id="sm-46d">
         <name>__aeabi_d2f</name>
         <value>0x20d1</value>
         <object_component_ref idref="oc-12a"/>
      </symbol>
      <symbol id="sm-46e">
         <name>__truncdfsf2</name>
         <value>0x20d1</value>
         <object_component_ref idref="oc-12a"/>
      </symbol>
      <symbol id="sm-474">
         <name>__aeabi_memcpy</name>
         <value>0x36e5</value>
         <object_component_ref idref="oc-69"/>
      </symbol>
      <symbol id="sm-475">
         <name>__aeabi_memcpy4</name>
         <value>0x36e5</value>
         <object_component_ref idref="oc-69"/>
      </symbol>
      <symbol id="sm-476">
         <name>__aeabi_memcpy8</name>
         <value>0x36e5</value>
         <object_component_ref idref="oc-69"/>
      </symbol>
      <symbol id="sm-47f">
         <name>__aeabi_memset</name>
         <value>0x3689</value>
         <object_component_ref idref="oc-251"/>
      </symbol>
      <symbol id="sm-480">
         <name>__aeabi_memset4</name>
         <value>0x3689</value>
         <object_component_ref idref="oc-251"/>
      </symbol>
      <symbol id="sm-481">
         <name>__aeabi_memset8</name>
         <value>0x3689</value>
         <object_component_ref idref="oc-251"/>
      </symbol>
      <symbol id="sm-482">
         <name>__aeabi_memclr</name>
         <value>0x36cd</value>
         <object_component_ref idref="oc-a6"/>
      </symbol>
      <symbol id="sm-483">
         <name>__aeabi_memclr4</name>
         <value>0x36cd</value>
         <object_component_ref idref="oc-a6"/>
      </symbol>
      <symbol id="sm-484">
         <name>__aeabi_memclr8</name>
         <value>0x36cd</value>
         <object_component_ref idref="oc-a6"/>
      </symbol>
      <symbol id="sm-48a">
         <name>__aeabi_uidiv</name>
         <value>0x2951</value>
         <object_component_ref idref="oc-113"/>
      </symbol>
      <symbol id="sm-48b">
         <name>__aeabi_uidivmod</name>
         <value>0x2951</value>
         <object_component_ref idref="oc-113"/>
      </symbol>
      <symbol id="sm-496">
         <name>__aeabi_idiv0</name>
         <value>0x1fcf</value>
         <object_component_ref idref="oc-189"/>
      </symbol>
      <symbol id="sm-49f">
         <name>TI_memcpy_small</name>
         <value>0x3603</value>
         <object_component_ref idref="oc-d2"/>
      </symbol>
      <symbol id="sm-4a8">
         <name>TI_memset_small</name>
         <value>0x36b3</value>
         <object_component_ref idref="oc-144"/>
      </symbol>
      <symbol id="sm-4a9">
         <name>__TI_static_base__</name>
         <value>0x0</value>
      </symbol>
      <symbol id="sm-4ac">
         <name>__mpu_init</name>
         <value>0x0</value>
      </symbol>
      <symbol id="sm-4ad">
         <name>_system_post_cinit</name>
         <value>0x0</value>
      </symbol>
   </symbol_table>
   <title>Link successful</title>
</link_info>
