<?xml version="1.0" encoding="ISO-8859-1" ?>
<link_info>
   <banner>TI ARM Clang Linker PC v4.0.1.LTS</banner>
   <copyright>Copyright (c) 1996-2018 Texas Instruments Incorporated</copyright>
   <command_line>C:\ti\ccs2001\ccs\tools\compiler\ti-cgt-armllvm_4.0.1.LTS\bin\tiarmlnk -IC:\ti\ccs2001\ccs\tools\compiler\ti-cgt-armllvm_4.0.1.LTS\lib -o ZC003_v0.3.0.out -mZC003_v0.3.0.map -iC:/ti/mspm0_sdk_2_03_00_07/source -iD:/unniversity/EIDC/ZC003/ZC003_v0.3.0 -iD:/unniversity/EIDC/ZC003/ZC003_v0.3.0/Debug/syscfg -iC:/ti/ccs2001/ccs/tools/compiler/ti-cgt-armllvm_4.0.1.LTS/lib --diag_wrap=off --display_error_number --warn_sections --xml_link_info=ZC003_v0.3.0_linkInfo.xml --rom_model ./ti_msp_dl_config.o ./startup_mspm0g350x_ticlang.o ./main.o ./BSP/delay.o ./BSP/lcd.o ./BSP/lcd_init.o ./User/ADC.o ./User/FFT.o ./User/measure.o -l./device_linker.cmd -lC:/ti/mspm0_sdk_2_03_00_07/source/third_party/CMSIS/DSP/lib/ticlang/m0p/arm_cortexM0l_math.a -ldevice.cmd.genlibs -llibc.a --start-group -llibc++.a -llibc++abi.a -llibc.a -llibsys.a -llibsysbm.a -llibclang_rt.builtins.a -llibclang_rt.profile.a --end-group --cg_opt_level=0</command_line>
   <link_time>0x67f23323</link_time>
   <link_errors>0x0</link_errors>
   <output_file>D:\unniversity\EIDC\ZC003\ZC003_v0.3.0\Debug\ZC003_v0.3.0.out</output_file>
   <entry_point>
      <name>_c_int00_noargs</name>
      <address>0xe171</address>
   </entry_point>
   <input_file_list>
      <input_file id="fl-1">
         <path>D:\unniversity\EIDC\ZC003\ZC003_v0.3.0\Debug\.\</path>
         <kind>object</kind>
         <file>ti_msp_dl_config.o</file>
         <name>ti_msp_dl_config.o</name>
      </input_file>
      <input_file id="fl-2">
         <path>D:\unniversity\EIDC\ZC003\ZC003_v0.3.0\Debug\.\</path>
         <kind>object</kind>
         <file>startup_mspm0g350x_ticlang.o</file>
         <name>startup_mspm0g350x_ticlang.o</name>
      </input_file>
      <input_file id="fl-3">
         <path>D:\unniversity\EIDC\ZC003\ZC003_v0.3.0\Debug\.\</path>
         <kind>object</kind>
         <file>main.o</file>
         <name>main.o</name>
      </input_file>
      <input_file id="fl-4">
         <path>D:\unniversity\EIDC\ZC003\ZC003_v0.3.0\Debug\.\BSP\</path>
         <kind>object</kind>
         <file>delay.o</file>
         <name>delay.o</name>
      </input_file>
      <input_file id="fl-5">
         <path>D:\unniversity\EIDC\ZC003\ZC003_v0.3.0\Debug\.\BSP\</path>
         <kind>object</kind>
         <file>lcd.o</file>
         <name>lcd.o</name>
      </input_file>
      <input_file id="fl-6">
         <path>D:\unniversity\EIDC\ZC003\ZC003_v0.3.0\Debug\.\BSP\</path>
         <kind>object</kind>
         <file>lcd_init.o</file>
         <name>lcd_init.o</name>
      </input_file>
      <input_file id="fl-7">
         <path>D:\unniversity\EIDC\ZC003\ZC003_v0.3.0\Debug\.\User\</path>
         <kind>object</kind>
         <file>ADC.o</file>
         <name>ADC.o</name>
      </input_file>
      <input_file id="fl-8">
         <path>D:\unniversity\EIDC\ZC003\ZC003_v0.3.0\Debug\.\User\</path>
         <kind>object</kind>
         <file>FFT.o</file>
         <name>FFT.o</name>
      </input_file>
      <input_file id="fl-9">
         <path>D:\unniversity\EIDC\ZC003\ZC003_v0.3.0\Debug\.\User\</path>
         <kind>object</kind>
         <file>measure.o</file>
         <name>measure.o</name>
      </input_file>
      <input_file id="fl-17">
         <path>D:\unniversity\EIDC\ZC003\ZC003_v0.3.0\Debug\</path>
         <kind>object</kind>
         <file>&lt;internal&gt;</file>
         <name>&lt;internal&gt;</name>
      </input_file>
      <input_file id="fl-18">
         <path>C:\ti\mspm0_sdk_2_03_00_07\source\third_party\CMSIS\DSP\lib\ticlang\m0p\</path>
         <kind>archive</kind>
         <file>arm_cortexM0l_math.a</file>
         <name>arm_cmplx_mag_f32.o</name>
      </input_file>
      <input_file id="fl-19">
         <path>C:\ti\mspm0_sdk_2_03_00_07\source\third_party\CMSIS\DSP\lib\ticlang\m0p\</path>
         <kind>archive</kind>
         <file>arm_cortexM0l_math.a</file>
         <name>arm_cfft_radix4_f32.o</name>
      </input_file>
      <input_file id="fl-1a">
         <path>C:\ti\mspm0_sdk_2_03_00_07\source\third_party\CMSIS\DSP\lib\ticlang\m0p\</path>
         <kind>archive</kind>
         <file>arm_cortexM0l_math.a</file>
         <name>arm_cfft_radix4_init_f32.o</name>
      </input_file>
      <input_file id="fl-1b">
         <path>C:\ti\mspm0_sdk_2_03_00_07\source\third_party\CMSIS\DSP\lib\ticlang\m0p\</path>
         <kind>archive</kind>
         <file>arm_cortexM0l_math.a</file>
         <name>arm_common_tables.o</name>
      </input_file>
      <input_file id="fl-1c">
         <path>C:\ti\mspm0_sdk_2_03_00_07\source\third_party\CMSIS\DSP\lib\ticlang\m0p\</path>
         <kind>archive</kind>
         <file>arm_cortexM0l_math.a</file>
         <name>arm_bitreversal.o</name>
      </input_file>
      <input_file id="fl-1d">
         <path>C:\ti\mspm0_sdk_2_03_00_07\source\ti\driverlib\lib\ticlang\m0p\mspm0g1x0x_g3x0x\</path>
         <kind>archive</kind>
         <file>driverlib.a</file>
         <name>dl_adc12.o</name>
      </input_file>
      <input_file id="fl-1e">
         <path>C:\ti\mspm0_sdk_2_03_00_07\source\ti\driverlib\lib\ticlang\m0p\mspm0g1x0x_g3x0x\</path>
         <kind>archive</kind>
         <file>driverlib.a</file>
         <name>dl_common.o</name>
      </input_file>
      <input_file id="fl-1f">
         <path>C:\ti\mspm0_sdk_2_03_00_07\source\ti\driverlib\lib\ticlang\m0p\mspm0g1x0x_g3x0x\</path>
         <kind>archive</kind>
         <file>driverlib.a</file>
         <name>dl_dma.o</name>
      </input_file>
      <input_file id="fl-20">
         <path>C:\ti\mspm0_sdk_2_03_00_07\source\ti\driverlib\lib\ticlang\m0p\mspm0g1x0x_g3x0x\</path>
         <kind>archive</kind>
         <file>driverlib.a</file>
         <name>dl_spi.o</name>
      </input_file>
      <input_file id="fl-21">
         <path>C:\ti\mspm0_sdk_2_03_00_07\source\ti\driverlib\lib\ticlang\m0p\mspm0g1x0x_g3x0x\</path>
         <kind>archive</kind>
         <file>driverlib.a</file>
         <name>dl_timer.o</name>
      </input_file>
      <input_file id="fl-22">
         <path>C:\ti\mspm0_sdk_2_03_00_07\source\ti\driverlib\lib\ticlang\m0p\mspm0g1x0x_g3x0x\</path>
         <kind>archive</kind>
         <file>driverlib.a</file>
         <name>dl_uart.o</name>
      </input_file>
      <input_file id="fl-23">
         <path>C:\ti\mspm0_sdk_2_03_00_07\source\ti\driverlib\lib\ticlang\m0p\mspm0g1x0x_g3x0x\</path>
         <kind>archive</kind>
         <file>driverlib.a</file>
         <name>dl_sysctl_mspm0g1x0x_g3x0x.o</name>
      </input_file>
      <input_file id="fl-38">
         <path>C:\ti\ccs2001\ccs\tools\compiler\ti-cgt-armllvm_4.0.1.LTS\lib\armv6m-ti-none-eabi\c\</path>
         <kind>archive</kind>
         <file>libc.a</file>
         <name>e_sqrtf.c.obj</name>
      </input_file>
      <input_file id="fl-39">
         <path>C:\ti\ccs2001\ccs\tools\compiler\ti-cgt-armllvm_4.0.1.LTS\lib\armv6m-ti-none-eabi\c\</path>
         <kind>archive</kind>
         <file>libc.a</file>
         <name>printf.c.obj</name>
      </input_file>
      <input_file id="fl-3a">
         <path>C:\ti\ccs2001\ccs\tools\compiler\ti-cgt-armllvm_4.0.1.LTS\lib\armv6m-ti-none-eabi\c\</path>
         <kind>archive</kind>
         <file>libc.a</file>
         <name>_printfi.c.obj</name>
      </input_file>
      <input_file id="fl-3b">
         <path>C:\ti\ccs2001\ccs\tools\compiler\ti-cgt-armllvm_4.0.1.LTS\lib\armv6m-ti-none-eabi\c\</path>
         <kind>archive</kind>
         <file>libc.a</file>
         <name>wcslen.c.obj</name>
      </input_file>
      <input_file id="fl-3c">
         <path>C:\ti\ccs2001\ccs\tools\compiler\ti-cgt-armllvm_4.0.1.LTS\lib\armv6m-ti-none-eabi\c\</path>
         <kind>archive</kind>
         <file>libc.a</file>
         <name>aeabi_portable.c.obj</name>
      </input_file>
      <input_file id="fl-3d">
         <path>C:\ti\ccs2001\ccs\tools\compiler\ti-cgt-armllvm_4.0.1.LTS\lib\armv6m-ti-none-eabi\c\</path>
         <kind>archive</kind>
         <file>libc.a</file>
         <name>_lock.c.obj</name>
      </input_file>
      <input_file id="fl-3e">
         <path>C:\ti\ccs2001\ccs\tools\compiler\ti-cgt-armllvm_4.0.1.LTS\lib\armv6m-ti-none-eabi\c\</path>
         <kind>archive</kind>
         <file>libc.a</file>
         <name>_ltoa.c.obj</name>
      </input_file>
      <input_file id="fl-3f">
         <path>C:\ti\ccs2001\ccs\tools\compiler\ti-cgt-armllvm_4.0.1.LTS\lib\armv6m-ti-none-eabi\c\</path>
         <kind>archive</kind>
         <file>libc.a</file>
         <name>assert.c.obj</name>
      </input_file>
      <input_file id="fl-40">
         <path>C:\ti\ccs2001\ccs\tools\compiler\ti-cgt-armllvm_4.0.1.LTS\lib\armv6m-ti-none-eabi\c\</path>
         <kind>archive</kind>
         <file>libc.a</file>
         <name>atoi.c.obj</name>
      </input_file>
      <input_file id="fl-41">
         <path>C:\ti\ccs2001\ccs\tools\compiler\ti-cgt-armllvm_4.0.1.LTS\lib\armv6m-ti-none-eabi\c\</path>
         <kind>archive</kind>
         <file>libc.a</file>
         <name>defs.c.obj</name>
      </input_file>
      <input_file id="fl-42">
         <path>C:\ti\ccs2001\ccs\tools\compiler\ti-cgt-armllvm_4.0.1.LTS\lib\armv6m-ti-none-eabi\c\</path>
         <kind>archive</kind>
         <file>libc.a</file>
         <name>memccpy.c.obj</name>
      </input_file>
      <input_file id="fl-43">
         <path>C:\ti\ccs2001\ccs\tools\compiler\ti-cgt-armllvm_4.0.1.LTS\lib\armv6m-ti-none-eabi\c\</path>
         <kind>archive</kind>
         <file>libc.a</file>
         <name>memory.c.obj</name>
      </input_file>
      <input_file id="fl-44">
         <path>C:\ti\ccs2001\ccs\tools\compiler\ti-cgt-armllvm_4.0.1.LTS\lib\armv6m-ti-none-eabi\c\</path>
         <kind>archive</kind>
         <file>libc.a</file>
         <name>strlen.c.obj</name>
      </input_file>
      <input_file id="fl-45">
         <path>C:\ti\ccs2001\ccs\tools\compiler\ti-cgt-armllvm_4.0.1.LTS\lib\armv6m-ti-none-eabi\c\</path>
         <kind>archive</kind>
         <file>libc.a</file>
         <name>copy_zero_init.c.obj</name>
      </input_file>
      <input_file id="fl-46">
         <path>C:\ti\ccs2001\ccs\tools\compiler\ti-cgt-armllvm_4.0.1.LTS\lib\armv6m-ti-none-eabi\c\</path>
         <kind>archive</kind>
         <file>libc.a</file>
         <name>copy_decompress_none.c.obj</name>
      </input_file>
      <input_file id="fl-47">
         <path>C:\ti\ccs2001\ccs\tools\compiler\ti-cgt-armllvm_4.0.1.LTS\lib\armv6m-ti-none-eabi\c\</path>
         <kind>archive</kind>
         <file>libc.a</file>
         <name>copy_decompress_lzss.c.obj</name>
      </input_file>
      <input_file id="fl-48">
         <path>C:\ti\ccs2001\ccs\tools\compiler\ti-cgt-armllvm_4.0.1.LTS\lib\armv6m-ti-none-eabi\c\</path>
         <kind>archive</kind>
         <file>libc.a</file>
         <name>boot_cortex_m.c.obj</name>
      </input_file>
      <input_file id="fl-49">
         <path>C:\ti\ccs2001\ccs\tools\compiler\ti-cgt-armllvm_4.0.1.LTS\lib\armv6m-ti-none-eabi\c\</path>
         <kind>archive</kind>
         <file>libc.a</file>
         <name>mathacl_init.c.obj</name>
      </input_file>
      <input_file id="fl-4a">
         <path>C:\ti\ccs2001\ccs\tools\compiler\ti-cgt-armllvm_4.0.1.LTS\lib\armv6m-ti-none-eabi\c\</path>
         <kind>archive</kind>
         <file>libc.a</file>
         <name>s_frexp.c.obj</name>
      </input_file>
      <input_file id="fl-4b">
         <path>C:\ti\ccs2001\ccs\tools\compiler\ti-cgt-armllvm_4.0.1.LTS\lib\armv6m-ti-none-eabi\c\</path>
         <kind>archive</kind>
         <file>libc.a</file>
         <name>s_scalbn.c.obj</name>
      </input_file>
      <input_file id="fl-4c">
         <path>C:\ti\ccs2001\ccs\tools\compiler\ti-cgt-armllvm_4.0.1.LTS\lib\armv6m-ti-none-eabi\c\</path>
         <kind>archive</kind>
         <file>libc.a</file>
         <name>sprintf.c.obj</name>
      </input_file>
      <input_file id="fl-4d">
         <path>C:\ti\ccs2001\ccs\tools\compiler\ti-cgt-armllvm_4.0.1.LTS\lib\armv6m-ti-none-eabi\c\</path>
         <kind>archive</kind>
         <file>libc.a</file>
         <name>fflush.c.obj</name>
      </input_file>
      <input_file id="fl-4e">
         <path>C:\ti\ccs2001\ccs\tools\compiler\ti-cgt-armllvm_4.0.1.LTS\lib\armv6m-ti-none-eabi\c\</path>
         <kind>archive</kind>
         <file>libc.a</file>
         <name>aeabi_ctype.S.obj</name>
      </input_file>
      <input_file id="fl-4f">
         <path>C:\ti\ccs2001\ccs\tools\compiler\ti-cgt-armllvm_4.0.1.LTS\lib\armv6m-ti-none-eabi\c\</path>
         <kind>archive</kind>
         <file>libc.a</file>
         <name>exit.c.obj</name>
      </input_file>
      <input_file id="fl-50">
         <path>C:\ti\ccs2001\ccs\tools\compiler\ti-cgt-armllvm_4.0.1.LTS\lib\armv6m-ti-none-eabi\c\</path>
         <kind>archive</kind>
         <file>libc.a</file>
         <name>args_main.c.obj</name>
      </input_file>
      <input_file id="fl-51">
         <path>C:\ti\ccs2001\ccs\tools\compiler\ti-cgt-armllvm_4.0.1.LTS\lib\armv6m-ti-none-eabi\c\</path>
         <kind>archive</kind>
         <file>libc.a</file>
         <name>autoinit.c.obj</name>
      </input_file>
      <input_file id="fl-52">
         <path>C:\ti\ccs2001\ccs\tools\compiler\ti-cgt-armllvm_4.0.1.LTS\lib\armv6m-ti-none-eabi\c\</path>
         <kind>archive</kind>
         <file>libc.a</file>
         <name>pre_init.c.obj</name>
      </input_file>
      <input_file id="fl-53">
         <path>C:\ti\ccs2001\ccs\tools\compiler\ti-cgt-armllvm_4.0.1.LTS\lib\armv6m-ti-none-eabi\c\</path>
         <kind>archive</kind>
         <file>libc.a</file>
         <name>cpy_tbl.c.obj</name>
      </input_file>
      <input_file id="fl-e9">
         <path>C:\ti\ccs2001\ccs\tools\compiler\ti-cgt-armllvm_4.0.1.LTS\lib\armv6m-ti-none-eabi\c\</path>
         <kind>archive</kind>
         <file>libsysbm.a</file>
         <name>write.c.obj</name>
      </input_file>
      <input_file id="fl-ea">
         <path>C:\ti\ccs2001\ccs\tools\compiler\ti-cgt-armllvm_4.0.1.LTS\lib\armv6m-ti-none-eabi\c\</path>
         <kind>archive</kind>
         <file>libsysbm.a</file>
         <name>host_device.c.obj</name>
      </input_file>
      <input_file id="fl-eb">
         <path>C:\ti\ccs2001\ccs\tools\compiler\ti-cgt-armllvm_4.0.1.LTS\lib\armv6m-ti-none-eabi\c\</path>
         <kind>archive</kind>
         <file>libsysbm.a</file>
         <name>hostclose.c.obj</name>
      </input_file>
      <input_file id="fl-ec">
         <path>C:\ti\ccs2001\ccs\tools\compiler\ti-cgt-armllvm_4.0.1.LTS\lib\armv6m-ti-none-eabi\c\</path>
         <kind>archive</kind>
         <file>libsysbm.a</file>
         <name>hostlseek.c.obj</name>
      </input_file>
      <input_file id="fl-ed">
         <path>C:\ti\ccs2001\ccs\tools\compiler\ti-cgt-armllvm_4.0.1.LTS\lib\armv6m-ti-none-eabi\c\</path>
         <kind>archive</kind>
         <file>libsysbm.a</file>
         <name>hostopen.c.obj</name>
      </input_file>
      <input_file id="fl-ee">
         <path>C:\ti\ccs2001\ccs\tools\compiler\ti-cgt-armllvm_4.0.1.LTS\lib\armv6m-ti-none-eabi\c\</path>
         <kind>archive</kind>
         <file>libsysbm.a</file>
         <name>hostread.c.obj</name>
      </input_file>
      <input_file id="fl-ef">
         <path>C:\ti\ccs2001\ccs\tools\compiler\ti-cgt-armllvm_4.0.1.LTS\lib\armv6m-ti-none-eabi\c\</path>
         <kind>archive</kind>
         <file>libsysbm.a</file>
         <name>hostrename.c.obj</name>
      </input_file>
      <input_file id="fl-f0">
         <path>C:\ti\ccs2001\ccs\tools\compiler\ti-cgt-armllvm_4.0.1.LTS\lib\armv6m-ti-none-eabi\c\</path>
         <kind>archive</kind>
         <file>libsysbm.a</file>
         <name>hostunlink.c.obj</name>
      </input_file>
      <input_file id="fl-f1">
         <path>C:\ti\ccs2001\ccs\tools\compiler\ti-cgt-armllvm_4.0.1.LTS\lib\armv6m-ti-none-eabi\c\</path>
         <kind>archive</kind>
         <file>libsysbm.a</file>
         <name>hostwrite.c.obj</name>
      </input_file>
      <input_file id="fl-f2">
         <path>C:\ti\ccs2001\ccs\tools\compiler\ti-cgt-armllvm_4.0.1.LTS\lib\armv6m-ti-none-eabi\c\</path>
         <kind>archive</kind>
         <file>libsysbm.a</file>
         <name>trgmsg.c.obj</name>
      </input_file>
      <input_file id="fl-f3">
         <path>C:\ti\ccs2001\ccs\tools\compiler\ti-cgt-armllvm_4.0.1.LTS\lib\armv6m-ti-none-eabi\</path>
         <kind>archive</kind>
         <file>libclang_rt.builtins.a</file>
         <name>addsf3.S.obj</name>
      </input_file>
      <input_file id="fl-f4">
         <path>C:\ti\ccs2001\ccs\tools\compiler\ti-cgt-armllvm_4.0.1.LTS\lib\armv6m-ti-none-eabi\</path>
         <kind>archive</kind>
         <file>libclang_rt.builtins.a</file>
         <name>adddf3.S.obj</name>
      </input_file>
      <input_file id="fl-f5">
         <path>C:\ti\ccs2001\ccs\tools\compiler\ti-cgt-armllvm_4.0.1.LTS\lib\armv6m-ti-none-eabi\</path>
         <kind>archive</kind>
         <file>libclang_rt.builtins.a</file>
         <name>muldf3.S.obj</name>
      </input_file>
      <input_file id="fl-f6">
         <path>C:\ti\ccs2001\ccs\tools\compiler\ti-cgt-armllvm_4.0.1.LTS\lib\armv6m-ti-none-eabi\</path>
         <kind>archive</kind>
         <file>libclang_rt.builtins.a</file>
         <name>muldsi3.S.obj</name>
      </input_file>
      <input_file id="fl-f7">
         <path>C:\ti\ccs2001\ccs\tools\compiler\ti-cgt-armllvm_4.0.1.LTS\lib\armv6m-ti-none-eabi\</path>
         <kind>archive</kind>
         <file>libclang_rt.builtins.a</file>
         <name>mulsf3.S.obj</name>
      </input_file>
      <input_file id="fl-f8">
         <path>C:\ti\ccs2001\ccs\tools\compiler\ti-cgt-armllvm_4.0.1.LTS\lib\armv6m-ti-none-eabi\</path>
         <kind>archive</kind>
         <file>libclang_rt.builtins.a</file>
         <name>divsf3.S.obj</name>
      </input_file>
      <input_file id="fl-f9">
         <path>C:\ti\ccs2001\ccs\tools\compiler\ti-cgt-armllvm_4.0.1.LTS\lib\armv6m-ti-none-eabi\</path>
         <kind>archive</kind>
         <file>libclang_rt.builtins.a</file>
         <name>divdf3.S.obj</name>
      </input_file>
      <input_file id="fl-fa">
         <path>C:\ti\ccs2001\ccs\tools\compiler\ti-cgt-armllvm_4.0.1.LTS\lib\armv6m-ti-none-eabi\</path>
         <kind>archive</kind>
         <file>libclang_rt.builtins.a</file>
         <name>fixdfsi.S.obj</name>
      </input_file>
      <input_file id="fl-fb">
         <path>C:\ti\ccs2001\ccs\tools\compiler\ti-cgt-armllvm_4.0.1.LTS\lib\armv6m-ti-none-eabi\</path>
         <kind>archive</kind>
         <file>libclang_rt.builtins.a</file>
         <name>fixsfsi.S.obj</name>
      </input_file>
      <input_file id="fl-fc">
         <path>C:\ti\ccs2001\ccs\tools\compiler\ti-cgt-armllvm_4.0.1.LTS\lib\armv6m-ti-none-eabi\</path>
         <kind>archive</kind>
         <file>libclang_rt.builtins.a</file>
         <name>floatsidf.S.obj</name>
      </input_file>
      <input_file id="fl-fd">
         <path>C:\ti\ccs2001\ccs\tools\compiler\ti-cgt-armllvm_4.0.1.LTS\lib\armv6m-ti-none-eabi\</path>
         <kind>archive</kind>
         <file>libclang_rt.builtins.a</file>
         <name>floatsisf.S.obj</name>
      </input_file>
      <input_file id="fl-fe">
         <path>C:\ti\ccs2001\ccs\tools\compiler\ti-cgt-armllvm_4.0.1.LTS\lib\armv6m-ti-none-eabi\</path>
         <kind>archive</kind>
         <file>libclang_rt.builtins.a</file>
         <name>floatunsisf.S.obj</name>
      </input_file>
      <input_file id="fl-ff">
         <path>C:\ti\ccs2001\ccs\tools\compiler\ti-cgt-armllvm_4.0.1.LTS\lib\armv6m-ti-none-eabi\</path>
         <kind>archive</kind>
         <file>libclang_rt.builtins.a</file>
         <name>muldi3.S.obj</name>
      </input_file>
      <input_file id="fl-100">
         <path>C:\ti\ccs2001\ccs\tools\compiler\ti-cgt-armllvm_4.0.1.LTS\lib\armv6m-ti-none-eabi\</path>
         <kind>archive</kind>
         <file>libclang_rt.builtins.a</file>
         <name>aeabi_dcmp.S.obj</name>
      </input_file>
      <input_file id="fl-101">
         <path>C:\ti\ccs2001\ccs\tools\compiler\ti-cgt-armllvm_4.0.1.LTS\lib\armv6m-ti-none-eabi\</path>
         <kind>archive</kind>
         <file>libclang_rt.builtins.a</file>
         <name>aeabi_fcmp.S.obj</name>
      </input_file>
      <input_file id="fl-102">
         <path>C:\ti\ccs2001\ccs\tools\compiler\ti-cgt-armllvm_4.0.1.LTS\lib\armv6m-ti-none-eabi\</path>
         <kind>archive</kind>
         <file>libclang_rt.builtins.a</file>
         <name>aeabi_idivmod.S.obj</name>
      </input_file>
      <input_file id="fl-103">
         <path>C:\ti\ccs2001\ccs\tools\compiler\ti-cgt-armllvm_4.0.1.LTS\lib\armv6m-ti-none-eabi\</path>
         <kind>archive</kind>
         <file>libclang_rt.builtins.a</file>
         <name>aeabi_memcpy.S.obj</name>
      </input_file>
      <input_file id="fl-104">
         <path>C:\ti\ccs2001\ccs\tools\compiler\ti-cgt-armllvm_4.0.1.LTS\lib\armv6m-ti-none-eabi\</path>
         <kind>archive</kind>
         <file>libclang_rt.builtins.a</file>
         <name>aeabi_memset.S.obj</name>
      </input_file>
      <input_file id="fl-105">
         <path>C:\ti\ccs2001\ccs\tools\compiler\ti-cgt-armllvm_4.0.1.LTS\lib\armv6m-ti-none-eabi\</path>
         <kind>archive</kind>
         <file>libclang_rt.builtins.a</file>
         <name>aeabi_uidivmod.S.obj</name>
      </input_file>
      <input_file id="fl-106">
         <path>C:\ti\ccs2001\ccs\tools\compiler\ti-cgt-armllvm_4.0.1.LTS\lib\armv6m-ti-none-eabi\</path>
         <kind>archive</kind>
         <file>libclang_rt.builtins.a</file>
         <name>aeabi_uldivmod.S.obj</name>
      </input_file>
      <input_file id="fl-107">
         <path>C:\ti\ccs2001\ccs\tools\compiler\ti-cgt-armllvm_4.0.1.LTS\lib\armv6m-ti-none-eabi\</path>
         <kind>archive</kind>
         <file>libclang_rt.builtins.a</file>
         <name>comparesf2.S.obj</name>
      </input_file>
      <input_file id="fl-108">
         <path>C:\ti\ccs2001\ccs\tools\compiler\ti-cgt-armllvm_4.0.1.LTS\lib\armv6m-ti-none-eabi\</path>
         <kind>archive</kind>
         <file>libclang_rt.builtins.a</file>
         <name>udivmoddi4.S.obj</name>
      </input_file>
      <input_file id="fl-109">
         <path>C:\ti\ccs2001\ccs\tools\compiler\ti-cgt-armllvm_4.0.1.LTS\lib\armv6m-ti-none-eabi\</path>
         <kind>archive</kind>
         <file>libclang_rt.builtins.a</file>
         <name>ashldi3.S.obj</name>
      </input_file>
      <input_file id="fl-10a">
         <path>C:\ti\ccs2001\ccs\tools\compiler\ti-cgt-armllvm_4.0.1.LTS\lib\armv6m-ti-none-eabi\</path>
         <kind>archive</kind>
         <file>libclang_rt.builtins.a</file>
         <name>comparedf2.c.obj</name>
      </input_file>
      <input_file id="fl-10b">
         <path>C:\ti\ccs2001\ccs\tools\compiler\ti-cgt-armllvm_4.0.1.LTS\lib\armv6m-ti-none-eabi\</path>
         <kind>archive</kind>
         <file>libclang_rt.builtins.a</file>
         <name>aeabi_div0.c.obj</name>
      </input_file>
      <input_file id="fl-10c">
         <path>C:\ti\ccs2001\ccs\tools\compiler\ti-cgt-armllvm_4.0.1.LTS\lib\armv6m-ti-none-eabi\c\</path>
         <kind>archive</kind>
         <file>libc.a</file>
         <name>memcpy16.S.obj</name>
      </input_file>
      <input_file id="fl-10d">
         <path>C:\ti\ccs2001\ccs\tools\compiler\ti-cgt-armllvm_4.0.1.LTS\lib\armv6m-ti-none-eabi\c\</path>
         <kind>archive</kind>
         <file>libc.a</file>
         <name>memset16.S.obj</name>
      </input_file>
   </input_file_list>
   <object_component_list>
      <object_component id="oc-18">
         <name>.intvecs</name>
         <load_address>0x0</load_address>
         <readonly>true</readonly>
         <run_address>0x0</run_address>
         <size>0xc0</size>
         <alignment>0x4</alignment>
         <input_file_ref idref="fl-2"/>
      </object_component>
      <object_component id="oc-ff">
         <name>.text.arm_radix4_butterfly_inverse_f32</name>
         <load_address>0xbd50</load_address>
         <readonly>true</readonly>
         <executable>true</executable>
         <run_address>0xbd50</run_address>
         <size>0x3bc</size>
         <alignment>0x2</alignment>
         <input_file_ref idref="fl-19"/>
      </object_component>
      <object_component id="oc-1dc">
         <name>.text:__TI_printfi_minimal</name>
         <load_address>0xc10c</load_address>
         <readonly>true</readonly>
         <executable>true</executable>
         <run_address>0xc10c</run_address>
         <size>0x284</size>
         <alignment>0x4</alignment>
         <input_file_ref idref="fl-3a"/>
      </object_component>
      <object_component id="oc-100">
         <name>.text.arm_radix4_butterfly_f32</name>
         <load_address>0xc390</load_address>
         <readonly>true</readonly>
         <executable>true</executable>
         <run_address>0xc390</run_address>
         <size>0x268</size>
         <alignment>0x2</alignment>
         <input_file_ref idref="fl-19"/>
      </object_component>
      <object_component id="oc-123">
         <name>.text.LCD_ShowChar</name>
         <load_address>0xc5f8</load_address>
         <readonly>true</readonly>
         <executable>true</executable>
         <run_address>0xc5f8</run_address>
         <size>0x214</size>
         <alignment>0x4</alignment>
         <input_file_ref idref="fl-5"/>
      </object_component>
      <object_component id="oc-c9">
         <name>.text.LCD_Init</name>
         <load_address>0xc80c</load_address>
         <readonly>true</readonly>
         <executable>true</executable>
         <run_address>0xc80c</run_address>
         <size>0x1c4</size>
         <alignment>0x4</alignment>
         <input_file_ref idref="fl-6"/>
      </object_component>
      <object_component id="oc-95">
         <name>.text.arm_cmplx_mag_f32</name>
         <load_address>0xc9d0</load_address>
         <readonly>true</readonly>
         <executable>true</executable>
         <run_address>0xc9d0</run_address>
         <size>0x168</size>
         <alignment>0x2</alignment>
         <input_file_ref idref="fl-18"/>
      </object_component>
      <object_component id="oc-5d">
         <name>.text.Do_FTT</name>
         <load_address>0xcb38</load_address>
         <readonly>true</readonly>
         <executable>true</executable>
         <run_address>0xcb38</run_address>
         <size>0x12c</size>
         <alignment>0x4</alignment>
         <input_file_ref idref="fl-8"/>
      </object_component>
      <object_component id="oc-a5">
         <name>.text.LCD_ShowIntNum</name>
         <load_address>0xcc64</load_address>
         <readonly>true</readonly>
         <executable>true</executable>
         <run_address>0xcc64</run_address>
         <size>0x118</size>
         <alignment>0x2</alignment>
         <input_file_ref idref="fl-5"/>
      </object_component>
      <object_component id="oc-1aa">
         <name>.text.DL_Timer_initTimerMode</name>
         <load_address>0xcd7c</load_address>
         <readonly>true</readonly>
         <executable>true</executable>
         <run_address>0xcd7c</run_address>
         <size>0xe8</size>
         <alignment>0x4</alignment>
         <input_file_ref idref="fl-21"/>
      </object_component>
      <object_component id="oc-19d">
         <name>.text.DL_SYSCTL_configSYSPLL</name>
         <load_address>0xce64</load_address>
         <readonly>true</readonly>
         <executable>true</executable>
         <run_address>0xce64</run_address>
         <size>0xdc</size>
         <alignment>0x4</alignment>
         <input_file_ref idref="fl-23"/>
      </object_component>
      <object_component id="oc-10d">
         <name>.text</name>
         <load_address>0xcf40</load_address>
         <readonly>true</readonly>
         <executable>true</executable>
         <run_address>0xcf40</run_address>
         <size>0xd8</size>
         <alignment>0x4</alignment>
         <input_file_ref idref="fl-f3"/>
      </object_component>
      <object_component id="oc-12e">
         <name>.text.SYSCFG_DL_GPIO_init</name>
         <load_address>0xd018</load_address>
         <readonly>true</readonly>
         <executable>true</executable>
         <run_address>0xd018</run_address>
         <size>0xa8</size>
         <alignment>0x4</alignment>
         <input_file_ref idref="fl-1"/>
      </object_component>
      <object_component id="oc-111">
         <name>.text.sqrtf</name>
         <load_address>0xd0c0</load_address>
         <readonly>true</readonly>
         <executable>true</executable>
         <run_address>0xd0c0</run_address>
         <size>0xa0</size>
         <alignment>0x4</alignment>
         <input_file_ref idref="fl-38"/>
      </object_component>
      <object_component id="oc-101">
         <name>.text.arm_bitreversal_f32</name>
         <load_address>0xd160</load_address>
         <readonly>true</readonly>
         <executable>true</executable>
         <run_address>0xd160</run_address>
         <size>0x9c</size>
         <alignment>0x2</alignment>
         <input_file_ref idref="fl-1c"/>
      </object_component>
      <object_component id="oc-83">
         <name>.text.__mulsf3</name>
         <load_address>0xd1fc</load_address>
         <readonly>true</readonly>
         <executable>true</executable>
         <run_address>0xd1fc</run_address>
         <size>0x8c</size>
         <alignment>0x4</alignment>
         <input_file_ref idref="fl-f7"/>
      </object_component>
      <object_component id="oc-133">
         <name>.text.SYSCFG_DL_ADC_SQU_init</name>
         <load_address>0xd288</load_address>
         <readonly>true</readonly>
         <executable>true</executable>
         <run_address>0xd288</run_address>
         <size>0x88</size>
         <alignment>0x4</alignment>
         <input_file_ref idref="fl-1"/>
      </object_component>
      <object_component id="oc-d4">
         <name>.text.LCD_Fill</name>
         <load_address>0xd310</load_address>
         <readonly>true</readonly>
         <executable>true</executable>
         <run_address>0xd310</run_address>
         <size>0x84</size>
         <alignment>0x2</alignment>
         <input_file_ref idref="fl-5"/>
      </object_component>
      <object_component id="oc-8b">
         <name>.text.arm_cfft_radix4_init_f32</name>
         <load_address>0xd394</load_address>
         <readonly>true</readonly>
         <executable>true</executable>
         <run_address>0xd394</run_address>
         <size>0x84</size>
         <alignment>0x4</alignment>
         <input_file_ref idref="fl-1a"/>
      </object_component>
      <object_component id="oc-87">
         <name>.text.__divsf3</name>
         <load_address>0xd418</load_address>
         <readonly>true</readonly>
         <executable>true</executable>
         <run_address>0xd418</run_address>
         <size>0x82</size>
         <alignment>0x4</alignment>
         <input_file_ref idref="fl-f8"/>
      </object_component>
      <object_component id="oc-144">
         <name>.text.LCD_GPIO_Init</name>
         <load_address>0xd49a</load_address>
         <readonly>true</readonly>
         <executable>true</executable>
         <run_address>0xd49a</run_address>
         <size>0x2</size>
         <alignment>0x2</alignment>
         <input_file_ref idref="fl-6"/>
      </object_component>
      <object_component id="oc-1c">
         <name>.text:decompress:lzss</name>
         <load_address>0xd49c</load_address>
         <readonly>true</readonly>
         <executable>true</executable>
         <run_address>0xd49c</run_address>
         <size>0x7c</size>
         <alignment>0x4</alignment>
         <input_file_ref idref="fl-47"/>
      </object_component>
      <object_component id="oc-12d">
         <name>.text.SYSCFG_DL_initPower</name>
         <load_address>0xd518</load_address>
         <readonly>true</readonly>
         <executable>true</executable>
         <run_address>0xd518</run_address>
         <size>0x78</size>
         <alignment>0x4</alignment>
         <input_file_ref idref="fl-1"/>
      </object_component>
      <object_component id="oc-14c">
         <name>.text.delay_us</name>
         <load_address>0xd590</load_address>
         <readonly>true</readonly>
         <executable>true</executable>
         <run_address>0xd590</run_address>
         <size>0x74</size>
         <alignment>0x4</alignment>
         <input_file_ref idref="fl-4"/>
      </object_component>
      <object_component id="oc-70">
         <name>.text.main</name>
         <load_address>0xd604</load_address>
         <readonly>true</readonly>
         <executable>true</executable>
         <run_address>0xd604</run_address>
         <size>0x68</size>
         <alignment>0x4</alignment>
         <input_file_ref idref="fl-3"/>
      </object_component>
      <object_component id="oc-197">
         <name>.text.DL_SYSCTL_setHFCLKSourceHFXTParams</name>
         <load_address>0xd66c</load_address>
         <readonly>true</readonly>
         <executable>true</executable>
         <run_address>0xd66c</run_address>
         <size>0x64</size>
         <alignment>0x4</alignment>
         <input_file_ref idref="fl-23"/>
      </object_component>
      <object_component id="oc-99">
         <name>.text.__aeabi_fcmp</name>
         <load_address>0xd6d0</load_address>
         <readonly>true</readonly>
         <executable>true</executable>
         <run_address>0xd6d0</run_address>
         <size>0x62</size>
         <alignment>0x4</alignment>
         <input_file_ref idref="fl-101"/>
      </object_component>
      <object_component id="oc-166">
         <name>.text.__aeabi_idiv0</name>
         <load_address>0xd732</load_address>
         <readonly>true</readonly>
         <executable>true</executable>
         <run_address>0xd732</run_address>
         <size>0x2</size>
         <alignment>0x2</alignment>
         <input_file_ref idref="fl-10b"/>
      </object_component>
      <object_component id="oc-c3">
         <name>.text.printf</name>
         <load_address>0xd734</load_address>
         <readonly>true</readonly>
         <executable>true</executable>
         <run_address>0xd734</run_address>
         <size>0x5c</size>
         <alignment>0x4</alignment>
         <input_file_ref idref="fl-39"/>
      </object_component>
      <object_component id="oc-d3">
         <name>.text.ADC_Init</name>
         <load_address>0xd790</load_address>
         <readonly>true</readonly>
         <executable>true</executable>
         <run_address>0xd790</run_address>
         <size>0x58</size>
         <alignment>0x4</alignment>
         <input_file_ref idref="fl-7"/>
      </object_component>
      <object_component id="oc-12f">
         <name>.text.SYSCFG_DL_SYSCTL_init</name>
         <load_address>0xd7e8</load_address>
         <readonly>true</readonly>
         <executable>true</executable>
         <run_address>0xd7e8</run_address>
         <size>0x58</size>
         <alignment>0x4</alignment>
         <input_file_ref idref="fl-1"/>
      </object_component>
      <object_component id="oc-155">
         <name>.text.LCD_Address_Set</name>
         <load_address>0xd840</load_address>
         <readonly>true</readonly>
         <executable>true</executable>
         <run_address>0xd840</run_address>
         <size>0x52</size>
         <alignment>0x2</alignment>
         <input_file_ref idref="fl-6"/>
      </object_component>
      <object_component id="oc-1e4">
         <name>.text._nop</name>
         <load_address>0xd892</load_address>
         <readonly>true</readonly>
         <executable>true</executable>
         <run_address>0xd892</run_address>
         <size>0x2</size>
         <alignment>0x2</alignment>
         <input_file_ref idref="fl-3d"/>
      </object_component>
      <object_component id="oc-1ed">
         <name>.text.fputs</name>
         <load_address>0xd894</load_address>
         <readonly>true</readonly>
         <executable>true</executable>
         <run_address>0xd894</run_address>
         <size>0x50</size>
         <alignment>0x4</alignment>
         <input_file_ref idref="fl-4"/>
      </object_component>
      <object_component id="oc-1ce">
         <name>.text.DL_ADC12_initSingleSample</name>
         <load_address>0xd8e4</load_address>
         <readonly>true</readonly>
         <executable>true</executable>
         <run_address>0xd8e4</run_address>
         <size>0x4c</size>
         <alignment>0x4</alignment>
         <input_file_ref idref="fl-1"/>
      </object_component>
      <object_component id="oc-209">
         <name>.text.DL_DMA_initChannel</name>
         <load_address>0xd930</load_address>
         <readonly>true</readonly>
         <executable>true</executable>
         <run_address>0xd930</run_address>
         <size>0x4c</size>
         <alignment>0x4</alignment>
         <input_file_ref idref="fl-1f"/>
      </object_component>
      <object_component id="oc-1b8">
         <name>.text.DL_UART_setBaudRateDivisor</name>
         <load_address>0xd97c</load_address>
         <readonly>true</readonly>
         <executable>true</executable>
         <run_address>0xd97c</run_address>
         <size>0x4c</size>
         <alignment>0x4</alignment>
         <input_file_ref idref="fl-1"/>
      </object_component>
      <object_component id="oc-1cf">
         <name>.text.DL_ADC12_configConversionMem</name>
         <load_address>0xd9c8</load_address>
         <readonly>true</readonly>
         <executable>true</executable>
         <run_address>0xd9c8</run_address>
         <size>0x4a</size>
         <alignment>0x2</alignment>
         <input_file_ref idref="fl-1"/>
      </object_component>
      <object_component id="oc-1b6">
         <name>.text.DL_UART_init</name>
         <load_address>0xda14</load_address>
         <readonly>true</readonly>
         <executable>true</executable>
         <run_address>0xda14</run_address>
         <size>0x48</size>
         <alignment>0x4</alignment>
         <input_file_ref idref="fl-22"/>
      </object_component>
      <object_component id="oc-1c2">
         <name>.text.DL_SPI_init</name>
         <load_address>0xda5c</load_address>
         <readonly>true</readonly>
         <executable>true</executable>
         <run_address>0xda5c</run_address>
         <size>0x44</size>
         <alignment>0x4</alignment>
         <input_file_ref idref="fl-20"/>
      </object_component>
      <object_component id="oc-1a2">
         <name>.text.DL_SYSCTL_switchMCLKfromSYSOSCtoHSCLK</name>
         <load_address>0xdaa0</load_address>
         <readonly>true</readonly>
         <executable>true</executable>
         <run_address>0xdaa0</run_address>
         <size>0x44</size>
         <alignment>0x4</alignment>
         <input_file_ref idref="fl-23"/>
      </object_component>
      <object_component id="oc-1ef">
         <name>.text.LCD_Writ_Bus</name>
         <load_address>0xdae4</load_address>
         <readonly>true</readonly>
         <executable>true</executable>
         <run_address>0xdae4</run_address>
         <size>0x44</size>
         <alignment>0x4</alignment>
         <input_file_ref idref="fl-6"/>
      </object_component>
      <object_component id="oc-130">
         <name>.text.SYSCFG_DL_TIMER_ADC_init</name>
         <load_address>0xdb28</load_address>
         <readonly>true</readonly>
         <executable>true</executable>
         <run_address>0xdb28</run_address>
         <size>0x44</size>
         <alignment>0x4</alignment>
         <input_file_ref idref="fl-1"/>
      </object_component>
      <object_component id="oc-1c8">
         <name>.text.DL_ADC12_setClockConfig</name>
         <load_address>0xdb6c</load_address>
         <readonly>true</readonly>
         <executable>true</executable>
         <run_address>0xdb6c</run_address>
         <size>0x40</size>
         <alignment>0x4</alignment>
         <input_file_ref idref="fl-1d"/>
      </object_component>
      <object_component id="oc-132">
         <name>.text.SYSCFG_DL_SPI_LCD_init</name>
         <load_address>0xdbac</load_address>
         <readonly>true</readonly>
         <executable>true</executable>
         <run_address>0xdbac</run_address>
         <size>0x40</size>
         <alignment>0x4</alignment>
         <input_file_ref idref="fl-1"/>
      </object_component>
      <object_component id="oc-131">
         <name>.text.SYSCFG_DL_UART_0_init</name>
         <load_address>0xdbec</load_address>
         <readonly>true</readonly>
         <executable>true</executable>
         <run_address>0xdbec</run_address>
         <size>0x40</size>
         <alignment>0x4</alignment>
         <input_file_ref idref="fl-1"/>
      </object_component>
      <object_component id="oc-bd">
         <name>.text.SYSCFG_DL_init</name>
         <load_address>0xdc2c</load_address>
         <readonly>true</readonly>
         <executable>true</executable>
         <run_address>0xdc2c</run_address>
         <size>0x40</size>
         <alignment>0x4</alignment>
         <input_file_ref idref="fl-1"/>
      </object_component>
      <object_component id="oc-109">
         <name>.text.__aeabi_uidivmod</name>
         <load_address>0xdc6c</load_address>
         <readonly>true</readonly>
         <executable>true</executable>
         <run_address>0xdc6c</run_address>
         <size>0x40</size>
         <alignment>0x4</alignment>
         <input_file_ref idref="fl-105"/>
      </object_component>
      <object_component id="oc-7f">
         <name>.text.__floatsisf</name>
         <load_address>0xdcac</load_address>
         <readonly>true</readonly>
         <executable>true</executable>
         <run_address>0xdcac</run_address>
         <size>0x3c</size>
         <alignment>0x4</alignment>
         <input_file_ref idref="fl-fd"/>
      </object_component>
      <object_component id="oc-11e">
         <name>.text.__gtsf2</name>
         <load_address>0xdce8</load_address>
         <readonly>true</readonly>
         <executable>true</executable>
         <run_address>0xdce8</run_address>
         <size>0x3c</size>
         <alignment>0x4</alignment>
         <input_file_ref idref="fl-107"/>
      </object_component>
      <object_component id="oc-8f">
         <name>.text.arm_cfft_radix4_f32</name>
         <load_address>0xdd24</load_address>
         <readonly>true</readonly>
         <executable>true</executable>
         <run_address>0xdd24</run_address>
         <size>0x3c</size>
         <alignment>0x2</alignment>
         <input_file_ref idref="fl-19"/>
      </object_component>
      <object_component id="oc-e0">
         <name>.text:__TI_auto_init_nobinit_nopinit</name>
         <load_address>0xdd60</load_address>
         <readonly>true</readonly>
         <executable>true</executable>
         <run_address>0xdd60</run_address>
         <size>0x3c</size>
         <alignment>0x4</alignment>
         <input_file_ref idref="fl-51"/>
      </object_component>
      <object_component id="oc-119">
         <name>.text.__eqsf2</name>
         <load_address>0xdd9c</load_address>
         <readonly>true</readonly>
         <executable>true</executable>
         <run_address>0xdd9c</run_address>
         <size>0x3a</size>
         <alignment>0x4</alignment>
         <input_file_ref idref="fl-107"/>
      </object_component>
      <object_component id="oc-f3">
         <name>.text.__muldsi3</name>
         <load_address>0xddd8</load_address>
         <readonly>true</readonly>
         <executable>true</executable>
         <run_address>0xddd8</run_address>
         <size>0x3a</size>
         <alignment>0x4</alignment>
         <input_file_ref idref="fl-f6"/>
      </object_component>
      <object_component id="oc-1ad">
         <name>.text.DL_Timer_setPublisherChanID</name>
         <load_address>0xde14</load_address>
         <readonly>true</readonly>
         <executable>true</executable>
         <run_address>0xde14</run_address>
         <size>0x38</size>
         <alignment>0x4</alignment>
         <input_file_ref idref="fl-1"/>
      </object_component>
      <object_component id="oc-a1">
         <name>.text.__fixsfsi</name>
         <load_address>0xde4c</load_address>
         <readonly>true</readonly>
         <executable>true</executable>
         <run_address>0xde4c</run_address>
         <size>0x38</size>
         <alignment>0x4</alignment>
         <input_file_ref idref="fl-fb"/>
      </object_component>
      <object_component id="oc-151">
         <name>.text.DL_DMA_setTransferSize</name>
         <load_address>0xde84</load_address>
         <readonly>true</readonly>
         <executable>true</executable>
         <run_address>0xde84</run_address>
         <size>0x30</size>
         <alignment>0x4</alignment>
         <input_file_ref idref="fl-7"/>
      </object_component>
      <object_component id="oc-208">
         <name>.text.DL_DMA_setTransferSize</name>
         <load_address>0xdeb4</load_address>
         <readonly>true</readonly>
         <executable>true</executable>
         <run_address>0xdeb4</run_address>
         <size>0x30</size>
         <alignment>0x4</alignment>
         <input_file_ref idref="fl-1"/>
      </object_component>
      <object_component id="oc-18d">
         <name>.text.DL_GPIO_initDigitalOutputFeatures</name>
         <load_address>0xdee4</load_address>
         <readonly>true</readonly>
         <executable>true</executable>
         <run_address>0xdee4</run_address>
         <size>0x30</size>
         <alignment>0x4</alignment>
         <input_file_ref idref="fl-1"/>
      </object_component>
      <object_component id="oc-1c4">
         <name>.text.DL_SPI_setFIFOThreshold</name>
         <load_address>0xdf14</load_address>
         <readonly>true</readonly>
         <executable>true</executable>
         <run_address>0xdf14</run_address>
         <size>0x30</size>
         <alignment>0x4</alignment>
         <input_file_ref idref="fl-1"/>
      </object_component>
      <object_component id="oc-148">
         <name>.text.LCD_WR_REG</name>
         <load_address>0xdf44</load_address>
         <readonly>true</readonly>
         <executable>true</executable>
         <run_address>0xdf44</run_address>
         <size>0x30</size>
         <alignment>0x4</alignment>
         <input_file_ref idref="fl-6"/>
      </object_component>
      <object_component id="oc-122">
         <name>.text.mypow</name>
         <load_address>0xdf74</load_address>
         <readonly>true</readonly>
         <executable>true</executable>
         <run_address>0xdf74</run_address>
         <size>0x30</size>
         <alignment>0x2</alignment>
         <input_file_ref idref="fl-5"/>
      </object_component>
      <object_component id="oc-1d2">
         <name>.text.DL_ADC12_setDMASamplesCnt</name>
         <load_address>0xdfa4</load_address>
         <readonly>true</readonly>
         <executable>true</executable>
         <run_address>0xdfa4</run_address>
         <size>0x2c</size>
         <alignment>0x4</alignment>
         <input_file_ref idref="fl-1"/>
      </object_component>
      <object_component id="oc-176">
         <name>.text.LCD_DrawPoint</name>
         <load_address>0xdfd0</load_address>
         <readonly>true</readonly>
         <executable>true</executable>
         <run_address>0xdfd0</run_address>
         <size>0x2c</size>
         <alignment>0x2</alignment>
         <input_file_ref idref="fl-5"/>
      </object_component>
      <object_component id="oc-1d9">
         <name>.text.SYSCFG_DL_DMA_CH0_init</name>
         <load_address>0xdffc</load_address>
         <readonly>true</readonly>
         <executable>true</executable>
         <run_address>0xdffc</run_address>
         <size>0x2c</size>
         <alignment>0x4</alignment>
         <input_file_ref idref="fl-1"/>
      </object_component>
      <object_component id="oc-153">
         <name>.text.__NVIC_ClearPendingIRQ</name>
         <load_address>0xe028</load_address>
         <readonly>true</readonly>
         <executable>true</executable>
         <run_address>0xe028</run_address>
         <size>0x2c</size>
         <alignment>0x4</alignment>
         <input_file_ref idref="fl-7"/>
      </object_component>
      <object_component id="oc-154">
         <name>.text.__NVIC_EnableIRQ</name>
         <load_address>0xe054</load_address>
         <readonly>true</readonly>
         <executable>true</executable>
         <run_address>0xe054</run_address>
         <size>0x2c</size>
         <alignment>0x4</alignment>
         <input_file_ref idref="fl-7"/>
      </object_component>
      <object_component id="oc-1fd">
         <name>.text.DL_Common_updateReg</name>
         <load_address>0xe080</load_address>
         <readonly>true</readonly>
         <executable>true</executable>
         <run_address>0xe080</run_address>
         <size>0x28</size>
         <alignment>0x2</alignment>
         <input_file_ref idref="fl-1"/>
      </object_component>
      <object_component id="oc-150">
         <name>.text.DL_DMA_setDestAddr</name>
         <load_address>0xe0a8</load_address>
         <readonly>true</readonly>
         <executable>true</executable>
         <run_address>0xe0a8</run_address>
         <size>0x28</size>
         <alignment>0x4</alignment>
         <input_file_ref idref="fl-7"/>
      </object_component>
      <object_component id="oc-14f">
         <name>.text.DL_DMA_setSrcAddr</name>
         <load_address>0xe0d0</load_address>
         <readonly>true</readonly>
         <executable>true</executable>
         <run_address>0xe0d0</run_address>
         <size>0x28</size>
         <alignment>0x4</alignment>
         <input_file_ref idref="fl-7"/>
      </object_component>
      <object_component id="oc-1da">
         <name>.text.DL_SYSTICK_init</name>
         <load_address>0xe0f8</load_address>
         <readonly>true</readonly>
         <executable>true</executable>
         <run_address>0xe0f8</run_address>
         <size>0x28</size>
         <alignment>0x4</alignment>
         <input_file_ref idref="fl-1"/>
      </object_component>
      <object_component id="oc-1ac">
         <name>.text.DL_Timer_enableEvent</name>
         <load_address>0xe120</load_address>
         <readonly>true</readonly>
         <executable>true</executable>
         <run_address>0xe120</run_address>
         <size>0x28</size>
         <alignment>0x4</alignment>
         <input_file_ref idref="fl-1"/>
      </object_component>
      <object_component id="oc-9d">
         <name>.text.__floatunsisf</name>
         <load_address>0xe148</load_address>
         <readonly>true</readonly>
         <executable>true</executable>
         <run_address>0xe148</run_address>
         <size>0x28</size>
         <alignment>0x4</alignment>
         <input_file_ref idref="fl-fe"/>
      </object_component>
      <object_component id="oc-54">
         <name>.text:_c_int00_noargs</name>
         <load_address>0xe170</load_address>
         <readonly>true</readonly>
         <executable>true</executable>
         <run_address>0xe170</run_address>
         <size>0x28</size>
         <alignment>0x4</alignment>
         <input_file_ref idref="fl-48"/>
      </object_component>
      <object_component id="oc-152">
         <name>.text.DL_DMA_enableChannel</name>
         <load_address>0xe198</load_address>
         <readonly>true</readonly>
         <executable>true</executable>
         <run_address>0xe198</run_address>
         <size>0x26</size>
         <alignment>0x2</alignment>
         <input_file_ref idref="fl-7"/>
      </object_component>
      <object_component id="oc-34">
         <name>.text.ADC0_IRQHandler</name>
         <load_address>0xe1c0</load_address>
         <readonly>true</readonly>
         <executable>true</executable>
         <run_address>0xe1c0</run_address>
         <size>0x24</size>
         <alignment>0x4</alignment>
         <input_file_ref idref="fl-7"/>
      </object_component>
      <object_component id="oc-1c3">
         <name>.text.DL_SPI_setBitRateSerialClockDivider</name>
         <load_address>0xe1e4</load_address>
         <readonly>true</readonly>
         <executable>true</executable>
         <run_address>0xe1e4</run_address>
         <size>0x24</size>
         <alignment>0x4</alignment>
         <input_file_ref idref="fl-1"/>
      </object_component>
      <object_component id="oc-210">
         <name>.text.memccpy</name>
         <load_address>0xe208</load_address>
         <readonly>true</readonly>
         <executable>true</executable>
         <run_address>0xe208</run_address>
         <size>0x22</size>
         <alignment>0x2</alignment>
         <input_file_ref idref="fl-42"/>
      </object_component>
      <object_component id="oc-18c">
         <name>.text.DL_GPIO_initPeripheralInputFunction</name>
         <load_address>0xe22c</load_address>
         <readonly>true</readonly>
         <executable>true</executable>
         <run_address>0xe22c</run_address>
         <size>0x20</size>
         <alignment>0x4</alignment>
         <input_file_ref idref="fl-1"/>
      </object_component>
      <object_component id="oc-193">
         <name>.text.DL_SYSCTL_setFlashWaitState</name>
         <load_address>0xe24c</load_address>
         <readonly>true</readonly>
         <executable>true</executable>
         <run_address>0xe24c</run_address>
         <size>0x20</size>
         <alignment>0x4</alignment>
         <input_file_ref idref="fl-1"/>
      </object_component>
      <object_component id="oc-1a1">
         <name>.text.DL_SYSCTL_setMFPCLKSource</name>
         <load_address>0xe26c</load_address>
         <readonly>true</readonly>
         <executable>true</executable>
         <run_address>0xe26c</run_address>
         <size>0x20</size>
         <alignment>0x4</alignment>
         <input_file_ref idref="fl-1"/>
      </object_component>
      <object_component id="oc-234">
         <name>.text.DL_UART_transmitDataBlocking</name>
         <load_address>0xe28c</load_address>
         <readonly>true</readonly>
         <executable>true</executable>
         <run_address>0xe28c</run_address>
         <size>0x20</size>
         <alignment>0x4</alignment>
         <input_file_ref idref="fl-22"/>
      </object_component>
      <object_component id="oc-1d0">
         <name>.text.DL_ADC12_setPowerDownMode</name>
         <load_address>0xe2ac</load_address>
         <readonly>true</readonly>
         <executable>true</executable>
         <run_address>0xe2ac</run_address>
         <size>0x1e</size>
         <alignment>0x2</alignment>
         <input_file_ref idref="fl-1"/>
      </object_component>
      <object_component id="oc-1b7">
         <name>.text.DL_UART_setOversampling</name>
         <load_address>0xe2ca</load_address>
         <readonly>true</readonly>
         <executable>true</executable>
         <run_address>0xe2ca</run_address>
         <size>0x1e</size>
         <alignment>0x2</alignment>
         <input_file_ref idref="fl-1"/>
      </object_component>
      <object_component id="oc-156">
         <name>.text.LCD_WR_DATA</name>
         <load_address>0xe2e8</load_address>
         <readonly>true</readonly>
         <executable>true</executable>
         <run_address>0xe2e8</run_address>
         <size>0x1e</size>
         <alignment>0x2</alignment>
         <input_file_ref idref="fl-6"/>
      </object_component>
      <object_component id="oc-1d5">
         <name>.text.DL_ADC12_clearInterruptStatus</name>
         <load_address>0xe308</load_address>
         <readonly>true</readonly>
         <executable>true</executable>
         <run_address>0xe308</run_address>
         <size>0x1c</size>
         <alignment>0x4</alignment>
         <input_file_ref idref="fl-1"/>
      </object_component>
      <object_component id="oc-1d1">
         <name>.text.DL_ADC12_enableDMA</name>
         <load_address>0xe324</load_address>
         <readonly>true</readonly>
         <executable>true</executable>
         <run_address>0xe324</run_address>
         <size>0x1c</size>
         <alignment>0x4</alignment>
         <input_file_ref idref="fl-1"/>
      </object_component>
      <object_component id="oc-1d3">
         <name>.text.DL_ADC12_enableDMATrigger</name>
         <load_address>0xe340</load_address>
         <readonly>true</readonly>
         <executable>true</executable>
         <run_address>0xe340</run_address>
         <size>0x1c</size>
         <alignment>0x4</alignment>
         <input_file_ref idref="fl-1"/>
      </object_component>
      <object_component id="oc-1d6">
         <name>.text.DL_ADC12_enableInterrupt</name>
         <load_address>0xe35c</load_address>
         <readonly>true</readonly>
         <executable>true</executable>
         <run_address>0xe35c</run_address>
         <size>0x1c</size>
         <alignment>0x4</alignment>
         <input_file_ref idref="fl-1"/>
      </object_component>
      <object_component id="oc-18b">
         <name>.text.DL_GPIO_initPeripheralOutputFunction</name>
         <load_address>0xe378</load_address>
         <readonly>true</readonly>
         <executable>true</executable>
         <run_address>0xe378</run_address>
         <size>0x1c</size>
         <alignment>0x4</alignment>
         <input_file_ref idref="fl-1"/>
      </object_component>
      <object_component id="oc-194">
         <name>.text.DL_SYSCTL_setSYSOSCFreq</name>
         <load_address>0xe394</load_address>
         <readonly>true</readonly>
         <executable>true</executable>
         <run_address>0xe394</run_address>
         <size>0x1c</size>
         <alignment>0x4</alignment>
         <input_file_ref idref="fl-1"/>
      </object_component>
      <object_component id="oc-19e">
         <name>.text.DL_SYSCTL_setULPCLKDivider</name>
         <load_address>0xe3b0</load_address>
         <readonly>true</readonly>
         <executable>true</executable>
         <run_address>0xe3b0</run_address>
         <size>0x1c</size>
         <alignment>0x4</alignment>
         <input_file_ref idref="fl-1"/>
      </object_component>
      <object_component id="oc-1a4">
         <name>.text.DL_Timer_setClockConfig</name>
         <load_address>0xe3cc</load_address>
         <readonly>true</readonly>
         <executable>true</executable>
         <run_address>0xe3cc</run_address>
         <size>0x1c</size>
         <alignment>0x4</alignment>
         <input_file_ref idref="fl-21"/>
      </object_component>
      <object_component id="oc-1ee">
         <name>.text.fputc</name>
         <load_address>0xe3e8</load_address>
         <readonly>true</readonly>
         <executable>true</executable>
         <run_address>0xe3e8</run_address>
         <size>0x1c</size>
         <alignment>0x4</alignment>
         <input_file_ref idref="fl-4"/>
      </object_component>
      <object_component id="oc-1d4">
         <name>.text.DL_ADC12_setSubscriberChanID</name>
         <load_address>0xe404</load_address>
         <readonly>true</readonly>
         <executable>true</executable>
         <run_address>0xe404</run_address>
         <size>0x1a</size>
         <alignment>0x2</alignment>
         <input_file_ref idref="fl-1"/>
      </object_component>
      <object_component id="oc-185">
         <name>.text.DL_ADC12_enablePower</name>
         <load_address>0xe420</load_address>
         <readonly>true</readonly>
         <executable>true</executable>
         <run_address>0xe420</run_address>
         <size>0x18</size>
         <alignment>0x4</alignment>
         <input_file_ref idref="fl-1"/>
      </object_component>
      <object_component id="oc-180">
         <name>.text.DL_ADC12_reset</name>
         <load_address>0xe438</load_address>
         <readonly>true</readonly>
         <executable>true</executable>
         <run_address>0xe438</run_address>
         <size>0x18</size>
         <alignment>0x4</alignment>
         <input_file_ref idref="fl-1"/>
      </object_component>
      <object_component id="oc-190">
         <name>.text.DL_GPIO_enableOutput</name>
         <load_address>0xe450</load_address>
         <readonly>true</readonly>
         <executable>true</executable>
         <run_address>0xe450</run_address>
         <size>0x18</size>
         <alignment>0x4</alignment>
         <input_file_ref idref="fl-1"/>
      </object_component>
      <object_component id="oc-181">
         <name>.text.DL_GPIO_enablePower</name>
         <load_address>0xe468</load_address>
         <readonly>true</readonly>
         <executable>true</executable>
         <run_address>0xe468</run_address>
         <size>0x18</size>
         <alignment>0x4</alignment>
         <input_file_ref idref="fl-1"/>
      </object_component>
      <object_component id="oc-18e">
         <name>.text.DL_GPIO_initDigitalOutput</name>
         <load_address>0xe480</load_address>
         <readonly>true</readonly>
         <executable>true</executable>
         <run_address>0xe480</run_address>
         <size>0x18</size>
         <alignment>0x4</alignment>
         <input_file_ref idref="fl-1"/>
      </object_component>
      <object_component id="oc-18a">
         <name>.text.DL_GPIO_initPeripheralAnalogFunction</name>
         <load_address>0xe498</load_address>
         <readonly>true</readonly>
         <executable>true</executable>
         <run_address>0xe498</run_address>
         <size>0x18</size>
         <alignment>0x4</alignment>
         <input_file_ref idref="fl-1"/>
      </object_component>
      <object_component id="oc-17c">
         <name>.text.DL_GPIO_reset</name>
         <load_address>0xe4b0</load_address>
         <readonly>true</readonly>
         <executable>true</executable>
         <run_address>0xe4b0</run_address>
         <size>0x18</size>
         <alignment>0x4</alignment>
         <input_file_ref idref="fl-1"/>
      </object_component>
      <object_component id="oc-147">
         <name>.text.DL_GPIO_setPins</name>
         <load_address>0xe4c8</load_address>
         <readonly>true</readonly>
         <executable>true</executable>
         <run_address>0xe4c8</run_address>
         <size>0x18</size>
         <alignment>0x4</alignment>
         <input_file_ref idref="fl-6"/>
      </object_component>
      <object_component id="oc-c2">
         <name>.text.DL_GPIO_setPins</name>
         <load_address>0xe4e0</load_address>
         <readonly>true</readonly>
         <executable>true</executable>
         <run_address>0xe4e0</run_address>
         <size>0x18</size>
         <alignment>0x4</alignment>
         <input_file_ref idref="fl-3"/>
      </object_component>
      <object_component id="oc-191">
         <name>.text.DL_GPIO_setPins</name>
         <load_address>0xe4f8</load_address>
         <readonly>true</readonly>
         <executable>true</executable>
         <run_address>0xe4f8</run_address>
         <size>0x18</size>
         <alignment>0x4</alignment>
         <input_file_ref idref="fl-1"/>
      </object_component>
      <object_component id="oc-1c5">
         <name>.text.DL_SPI_enable</name>
         <load_address>0xe510</load_address>
         <readonly>true</readonly>
         <executable>true</executable>
         <run_address>0xe510</run_address>
         <size>0x18</size>
         <alignment>0x4</alignment>
         <input_file_ref idref="fl-1"/>
      </object_component>
      <object_component id="oc-184">
         <name>.text.DL_SPI_enablePower</name>
         <load_address>0xe528</load_address>
         <readonly>true</readonly>
         <executable>true</executable>
         <run_address>0xe528</run_address>
         <size>0x18</size>
         <alignment>0x4</alignment>
         <input_file_ref idref="fl-1"/>
      </object_component>
      <object_component id="oc-236">
         <name>.text.DL_SPI_isBusy</name>
         <load_address>0xe540</load_address>
         <readonly>true</readonly>
         <executable>true</executable>
         <run_address>0xe540</run_address>
         <size>0x18</size>
         <alignment>0x4</alignment>
         <input_file_ref idref="fl-6"/>
      </object_component>
      <object_component id="oc-17f">
         <name>.text.DL_SPI_reset</name>
         <load_address>0xe558</load_address>
         <readonly>true</readonly>
         <executable>true</executable>
         <run_address>0xe558</run_address>
         <size>0x18</size>
         <alignment>0x4</alignment>
         <input_file_ref idref="fl-1"/>
      </object_component>
      <object_component id="oc-192">
         <name>.text.DL_SYSCTL_setBORThreshold</name>
         <load_address>0xe570</load_address>
         <readonly>true</readonly>
         <executable>true</executable>
         <run_address>0xe570</run_address>
         <size>0x18</size>
         <alignment>0x4</alignment>
         <input_file_ref idref="fl-1"/>
      </object_component>
      <object_component id="oc-182">
         <name>.text.DL_Timer_enablePower</name>
         <load_address>0xe588</load_address>
         <readonly>true</readonly>
         <executable>true</executable>
         <run_address>0xe588</run_address>
         <size>0x18</size>
         <alignment>0x4</alignment>
         <input_file_ref idref="fl-1"/>
      </object_component>
      <object_component id="oc-17d">
         <name>.text.DL_Timer_reset</name>
         <load_address>0xe5a0</load_address>
         <readonly>true</readonly>
         <executable>true</executable>
         <run_address>0xe5a0</run_address>
         <size>0x18</size>
         <alignment>0x4</alignment>
         <input_file_ref idref="fl-1"/>
      </object_component>
      <object_component id="oc-d5">
         <name>.text.DL_Timer_startCounter</name>
         <load_address>0xe5b8</load_address>
         <readonly>true</readonly>
         <executable>true</executable>
         <run_address>0xe5b8</run_address>
         <size>0x18</size>
         <alignment>0x4</alignment>
         <input_file_ref idref="fl-3"/>
      </object_component>
      <object_component id="oc-5c">
         <name>.text.DL_Timer_stopCounter</name>
         <load_address>0xe5d0</load_address>
         <readonly>true</readonly>
         <executable>true</executable>
         <run_address>0xe5d0</run_address>
         <size>0x18</size>
         <alignment>0x4</alignment>
         <input_file_ref idref="fl-7"/>
      </object_component>
      <object_component id="oc-183">
         <name>.text.DL_UART_enablePower</name>
         <load_address>0xe5e8</load_address>
         <readonly>true</readonly>
         <executable>true</executable>
         <run_address>0xe5e8</run_address>
         <size>0x18</size>
         <alignment>0x4</alignment>
         <input_file_ref idref="fl-1"/>
      </object_component>
      <object_component id="oc-17e">
         <name>.text.DL_UART_reset</name>
         <load_address>0xe600</load_address>
         <readonly>true</readonly>
         <executable>true</executable>
         <run_address>0xe600</run_address>
         <size>0x18</size>
         <alignment>0x4</alignment>
         <input_file_ref idref="fl-1"/>
      </object_component>
      <object_component id="oc-146">
         <name>.text.delayLCD_ms</name>
         <load_address>0xe618</load_address>
         <readonly>true</readonly>
         <executable>true</executable>
         <run_address>0xe618</run_address>
         <size>0x18</size>
         <alignment>0x4</alignment>
         <input_file_ref idref="fl-6"/>
      </object_component>
      <object_component id="oc-1d7">
         <name>.text.DL_ADC12_enableConversions</name>
         <load_address>0xe630</load_address>
         <readonly>true</readonly>
         <executable>true</executable>
         <run_address>0xe630</run_address>
         <size>0x16</size>
         <alignment>0x2</alignment>
         <input_file_ref idref="fl-1"/>
      </object_component>
      <object_component id="oc-235">
         <name>.text.DL_SPI_transmitData8</name>
         <load_address>0xe646</load_address>
         <readonly>true</readonly>
         <executable>true</executable>
         <run_address>0xe646</run_address>
         <size>0x16</size>
         <alignment>0x2</alignment>
         <input_file_ref idref="fl-6"/>
      </object_component>
      <object_component id="oc-1b9">
         <name>.text.DL_UART_enable</name>
         <load_address>0xe65c</load_address>
         <readonly>true</readonly>
         <executable>true</executable>
         <run_address>0xe65c</run_address>
         <size>0x16</size>
         <alignment>0x2</alignment>
         <input_file_ref idref="fl-1"/>
      </object_component>
      <object_component id="oc-ce">
         <name>.text.delay_ms</name>
         <load_address>0xe672</load_address>
         <readonly>true</readonly>
         <executable>true</executable>
         <run_address>0xe672</run_address>
         <size>0x16</size>
         <alignment>0x2</alignment>
         <input_file_ref idref="fl-4"/>
      </object_component>
      <object_component id="oc-145">
         <name>.text.DL_GPIO_clearPins</name>
         <load_address>0xe688</load_address>
         <readonly>true</readonly>
         <executable>true</executable>
         <run_address>0xe688</run_address>
         <size>0x14</size>
         <alignment>0x2</alignment>
         <input_file_ref idref="fl-6"/>
      </object_component>
      <object_component id="oc-18f">
         <name>.text.DL_GPIO_clearPins</name>
         <load_address>0xe69c</load_address>
         <readonly>true</readonly>
         <executable>true</executable>
         <run_address>0xe69c</run_address>
         <size>0x14</size>
         <alignment>0x2</alignment>
         <input_file_ref idref="fl-1"/>
      </object_component>
      <object_component id="oc-196">
         <name>.text.DL_SYSCTL_disableSYSPLL</name>
         <load_address>0xe6b0</load_address>
         <readonly>true</readonly>
         <executable>true</executable>
         <run_address>0xe6b0</run_address>
         <size>0x14</size>
         <alignment>0x4</alignment>
         <input_file_ref idref="fl-1"/>
      </object_component>
      <object_component id="oc-19f">
         <name>.text.DL_SYSCTL_enableMFCLK</name>
         <load_address>0xe6c4</load_address>
         <readonly>true</readonly>
         <executable>true</executable>
         <run_address>0xe6c4</run_address>
         <size>0x14</size>
         <alignment>0x4</alignment>
         <input_file_ref idref="fl-1"/>
      </object_component>
      <object_component id="oc-1ab">
         <name>.text.DL_Timer_enableClock</name>
         <load_address>0xe6d8</load_address>
         <readonly>true</readonly>
         <executable>true</executable>
         <run_address>0xe6d8</run_address>
         <size>0x14</size>
         <alignment>0x4</alignment>
         <input_file_ref idref="fl-1"/>
      </object_component>
      <object_component id="oc-149">
         <name>.text.LCD_WR_DATA8</name>
         <load_address>0xe6ec</load_address>
         <readonly>true</readonly>
         <executable>true</executable>
         <run_address>0xe6ec</run_address>
         <size>0x14</size>
         <alignment>0x2</alignment>
         <input_file_ref idref="fl-6"/>
      </object_component>
      <object_component id="oc-5b">
         <name>.text.DL_ADC12_getPendingInterrupt</name>
         <load_address>0xe700</load_address>
         <readonly>true</readonly>
         <executable>true</executable>
         <run_address>0xe700</run_address>
         <size>0x12</size>
         <alignment>0x2</alignment>
         <input_file_ref idref="fl-7"/>
      </object_component>
      <object_component id="oc-1bc">
         <name>.text.DL_SPI_setClockConfig</name>
         <load_address>0xe712</load_address>
         <readonly>true</readonly>
         <executable>true</executable>
         <run_address>0xe712</run_address>
         <size>0x12</size>
         <alignment>0x2</alignment>
         <input_file_ref idref="fl-20"/>
      </object_component>
      <object_component id="oc-1b0">
         <name>.text.DL_UART_setClockConfig</name>
         <load_address>0xe724</load_address>
         <readonly>true</readonly>
         <executable>true</executable>
         <run_address>0xe724</run_address>
         <size>0x12</size>
         <alignment>0x2</alignment>
         <input_file_ref idref="fl-22"/>
      </object_component>
      <object_component id="oc-b3">
         <name>.text:TI_memcpy_small</name>
         <load_address>0xe736</load_address>
         <readonly>true</readonly>
         <executable>true</executable>
         <run_address>0xe736</run_address>
         <size>0x12</size>
         <alignment>0x1</alignment>
         <input_file_ref idref="fl-10c"/>
      </object_component>
      <object_component id="oc-20">
         <name>.text:decompress:none</name>
         <load_address>0xe748</load_address>
         <readonly>true</readonly>
         <executable>true</executable>
         <run_address>0xe748</run_address>
         <size>0x12</size>
         <alignment>0x2</alignment>
         <input_file_ref idref="fl-46"/>
      </object_component>
      <object_component id="oc-195">
         <name>.text.DL_SYSCTL_disableHFXT</name>
         <load_address>0xe75c</load_address>
         <readonly>true</readonly>
         <executable>true</executable>
         <run_address>0xe75c</run_address>
         <size>0x10</size>
         <alignment>0x4</alignment>
         <input_file_ref idref="fl-1"/>
      </object_component>
      <object_component id="oc-1a0">
         <name>.text.DL_SYSCTL_enableMFPCLK</name>
         <load_address>0xe76c</load_address>
         <readonly>true</readonly>
         <executable>true</executable>
         <run_address>0xe76c</run_address>
         <size>0x10</size>
         <alignment>0x4</alignment>
         <input_file_ref idref="fl-1"/>
      </object_component>
      <object_component id="oc-1db">
         <name>.text.DL_SYSTICK_enable</name>
         <load_address>0xe77c</load_address>
         <readonly>true</readonly>
         <executable>true</executable>
         <run_address>0xe77c</run_address>
         <size>0x10</size>
         <alignment>0x4</alignment>
         <input_file_ref idref="fl-1"/>
      </object_component>
      <object_component id="oc-135">
         <name>.text.SYSCFG_DL_SYSTICK_init</name>
         <load_address>0xe78c</load_address>
         <readonly>true</readonly>
         <executable>true</executable>
         <run_address>0xe78c</run_address>
         <size>0x10</size>
         <alignment>0x2</alignment>
         <input_file_ref idref="fl-1"/>
      </object_component>
      <object_component id="oc-51">
         <name>.text:decompress:ZI</name>
         <load_address>0xe79c</load_address>
         <readonly>true</readonly>
         <executable>true</executable>
         <run_address>0xe79c</run_address>
         <size>0x10</size>
         <alignment>0x2</alignment>
         <input_file_ref idref="fl-45"/>
      </object_component>
      <object_component id="oc-20f">
         <name>.text.__aeabi_memset</name>
         <load_address>0xe7ac</load_address>
         <readonly>true</readonly>
         <executable>true</executable>
         <run_address>0xe7ac</run_address>
         <size>0xe</size>
         <alignment>0x4</alignment>
         <input_file_ref idref="fl-104"/>
      </object_component>
      <object_component id="oc-20e">
         <name>.text.strlen</name>
         <load_address>0xe7ba</load_address>
         <readonly>true</readonly>
         <executable>true</executable>
         <run_address>0xe7ba</run_address>
         <size>0xe</size>
         <alignment>0x2</alignment>
         <input_file_ref idref="fl-3a"/>
      </object_component>
      <object_component id="oc-230">
         <name>.text.strlen</name>
         <load_address>0xe7c8</load_address>
         <readonly>true</readonly>
         <executable>true</executable>
         <run_address>0xe7c8</run_address>
         <size>0xe</size>
         <alignment>0x2</alignment>
         <input_file_ref idref="fl-44"/>
      </object_component>
      <object_component id="oc-127">
         <name>.text:TI_memset_small</name>
         <load_address>0xe7d6</load_address>
         <readonly>true</readonly>
         <executable>true</executable>
         <run_address>0xe7d6</run_address>
         <size>0xe</size>
         <alignment>0x1</alignment>
         <input_file_ref idref="fl-10d"/>
      </object_component>
      <object_component id="oc-67">
         <name>.text.__aeabi_memclr</name>
         <load_address>0xe7e4</load_address>
         <readonly>true</readonly>
         <executable>true</executable>
         <run_address>0xe7e4</run_address>
         <size>0xc</size>
         <alignment>0x4</alignment>
         <input_file_ref idref="fl-104"/>
      </object_component>
      <object_component id="oc-186">
         <name>.text.DL_Common_delayCycles</name>
         <load_address>0xe7f0</load_address>
         <readonly>true</readonly>
         <executable>true</executable>
         <run_address>0xe7f0</run_address>
         <size>0xa</size>
         <alignment>0x2</alignment>
         <input_file_ref idref="fl-1e"/>
      </object_component>
      <object_component id="oc-134">
         <name>.text.SYSCFG_DL_DMA_init</name>
         <load_address>0xe7fa</load_address>
         <readonly>true</readonly>
         <executable>true</executable>
         <run_address>0xe7fa</run_address>
         <size>0x8</size>
         <alignment>0x2</alignment>
         <input_file_ref idref="fl-1"/>
      </object_component>
      <object_component id="oc-16d">
         <name>.text.__aeabi_errno_addr</name>
         <load_address>0xe804</load_address>
         <readonly>true</readonly>
         <executable>true</executable>
         <run_address>0xe804</run_address>
         <size>0x8</size>
         <alignment>0x4</alignment>
         <input_file_ref idref="fl-3c"/>
      </object_component>
      <object_component id="oc-44">
         <name>.text.__aeabi_memcpy</name>
         <load_address>0xe80c</load_address>
         <readonly>true</readonly>
         <executable>true</executable>
         <run_address>0xe80c</run_address>
         <size>0x8</size>
         <alignment>0x4</alignment>
         <input_file_ref idref="fl-103"/>
      </object_component>
      <object_component id="oc-140">
         <name>.text._outc</name>
         <load_address>0xe814</load_address>
         <readonly>true</readonly>
         <executable>true</executable>
         <run_address>0xe814</run_address>
         <size>0x8</size>
         <alignment>0x2</alignment>
         <input_file_ref idref="fl-39"/>
      </object_component>
      <object_component id="oc-13f">
         <name>.text._outs</name>
         <load_address>0xe81c</load_address>
         <readonly>true</readonly>
         <executable>true</executable>
         <run_address>0xe81c</run_address>
         <size>0x8</size>
         <alignment>0x2</alignment>
         <input_file_ref idref="fl-39"/>
      </object_component>
      <object_component id="oc-33">
         <name>.text.Default_Handler</name>
         <load_address>0xe824</load_address>
         <readonly>true</readonly>
         <executable>true</executable>
         <run_address>0xe824</run_address>
         <size>0x4</size>
         <alignment>0x2</alignment>
         <input_file_ref idref="fl-2"/>
      </object_component>
      <object_component id="oc-2f">
         <name>.text.Reset_Handler</name>
         <load_address>0xe828</load_address>
         <readonly>true</readonly>
         <executable>true</executable>
         <run_address>0xe828</run_address>
         <size>0x4</size>
         <alignment>0x2</alignment>
         <input_file_ref idref="fl-2"/>
      </object_component>
      <object_component id="oc-6c">
         <name>.text._system_pre_init</name>
         <load_address>0xe82c</load_address>
         <readonly>true</readonly>
         <executable>true</executable>
[...]
         <object_component_ref idref="oc-33"/>
      </symbol>
      <symbol id="sm-15b">
         <name>I2C0_IRQHandler</name>
         <value>0xe825</value>
         <object_component_ref idref="oc-33"/>
      </symbol>
      <symbol id="sm-15c">
         <name>I2C1_IRQHandler</name>
         <value>0xe825</value>
         <object_component_ref idref="oc-33"/>
      </symbol>
      <symbol id="sm-15d">
         <name>AES_IRQHandler</name>
         <value>0xe825</value>
         <object_component_ref idref="oc-33"/>
      </symbol>
      <symbol id="sm-15e">
         <name>RTC_IRQHandler</name>
         <value>0xe825</value>
         <object_component_ref idref="oc-33"/>
      </symbol>
      <symbol id="sm-15f">
         <name>DMA_IRQHandler</name>
         <value>0xe825</value>
         <object_component_ref idref="oc-33"/>
      </symbol>
      <symbol id="sm-172">
         <name>main</name>
         <value>0xd605</value>
         <object_component_ref idref="oc-70"/>
      </symbol>
      <symbol id="sm-173">
         <name>ADC_Value</name>
         <value>0x20203000</value>
      </symbol>
      <symbol id="sm-185">
         <name>delay_us</name>
         <value>0xd591</value>
         <object_component_ref idref="oc-14c"/>
      </symbol>
      <symbol id="sm-186">
         <name>delay_ms</name>
         <value>0xe673</value>
         <object_component_ref idref="oc-ce"/>
      </symbol>
      <symbol id="sm-187">
         <name>fputc</name>
         <value>0xe3e9</value>
         <object_component_ref idref="oc-1ee"/>
      </symbol>
      <symbol id="sm-188">
         <name>fputs</name>
         <value>0xd895</value>
         <object_component_ref idref="oc-1ed"/>
      </symbol>
      <symbol id="sm-19a">
         <name>LCD_Fill</name>
         <value>0xd311</value>
         <object_component_ref idref="oc-d4"/>
      </symbol>
      <symbol id="sm-19b">
         <name>LCD_DrawPoint</name>
         <value>0xdfd1</value>
         <object_component_ref idref="oc-176"/>
      </symbol>
      <symbol id="sm-19c">
         <name>LCD_ShowChar</name>
         <value>0xc5f9</value>
         <object_component_ref idref="oc-123"/>
      </symbol>
      <symbol id="sm-19d">
         <name>ascii_3216</name>
         <value>0x80c0</value>
         <object_component_ref idref="oc-177"/>
      </symbol>
      <symbol id="sm-19e">
         <name>ascii_2412</name>
         <value>0x9880</value>
         <object_component_ref idref="oc-178"/>
      </symbol>
      <symbol id="sm-19f">
         <name>ascii_1608</name>
         <value>0xb250</value>
         <object_component_ref idref="oc-179"/>
      </symbol>
      <symbol id="sm-1a0">
         <name>ascii_1206</name>
         <value>0xb840</value>
         <object_component_ref idref="oc-17a"/>
      </symbol>
      <symbol id="sm-1a1">
         <name>mypow</name>
         <value>0xdf75</value>
         <object_component_ref idref="oc-122"/>
      </symbol>
      <symbol id="sm-1a2">
         <name>LCD_ShowIntNum</name>
         <value>0xcc65</value>
         <object_component_ref idref="oc-a5"/>
      </symbol>
      <symbol id="sm-1cb">
         <name>LCD_GPIO_Init</name>
         <value>0xd49b</value>
         <object_component_ref idref="oc-144"/>
      </symbol>
      <symbol id="sm-1cc">
         <name>LCD_Writ_Bus</name>
         <value>0xdae5</value>
         <object_component_ref idref="oc-1ef"/>
      </symbol>
      <symbol id="sm-1cd">
         <name>LCD_WR_DATA8</name>
         <value>0xe6ed</value>
         <object_component_ref idref="oc-149"/>
      </symbol>
      <symbol id="sm-1ce">
         <name>LCD_WR_DATA</name>
         <value>0xe2e9</value>
         <object_component_ref idref="oc-156"/>
      </symbol>
      <symbol id="sm-1cf">
         <name>LCD_WR_REG</name>
         <value>0xdf45</value>
         <object_component_ref idref="oc-148"/>
      </symbol>
      <symbol id="sm-1d0">
         <name>LCD_Address_Set</name>
         <value>0xd841</value>
         <object_component_ref idref="oc-155"/>
      </symbol>
      <symbol id="sm-1d1">
         <name>delayLCD_ms</name>
         <value>0xe619</value>
         <object_component_ref idref="oc-146"/>
      </symbol>
      <symbol id="sm-1d2">
         <name>LCD_Init</name>
         <value>0xc80d</value>
         <object_component_ref idref="oc-c9"/>
      </symbol>
      <symbol id="sm-1fd">
         <name>ADC_Init</name>
         <value>0xd791</value>
         <object_component_ref idref="oc-d3"/>
      </symbol>
      <symbol id="sm-1fe">
         <name>ADC0_IRQHandler</name>
         <value>0xe1c1</value>
         <object_component_ref idref="oc-34"/>
      </symbol>
      <symbol id="sm-207">
         <name>Do_FTT</name>
         <value>0xcb39</value>
         <object_component_ref idref="oc-5d"/>
      </symbol>
      <symbol id="sm-208">
         <name>scfft</name>
         <value>0x202038c8</value>
      </symbol>
      <symbol id="sm-209">
         <name>FFT_InputBuf</name>
         <value>0x20200000</value>
      </symbol>
      <symbol id="sm-20a">
         <name>FFT_OutputBuf</name>
         <value>0x20202000</value>
      </symbol>
      <symbol id="sm-20b">
         <name>maxindex</name>
         <value>0x202038e4</value>
      </symbol>
      <symbol id="sm-20c">
         <name>Freq</name>
         <value>0x202038dc</value>
      </symbol>
      <symbol id="sm-20d">
         <name>maxvalue</name>
         <value>0x202038e0</value>
      </symbol>
      <symbol id="sm-20f">
         <name>__TI_ATRegion0_src_addr</name>
         <value>0x0</value>
      </symbol>
      <symbol id="sm-210">
         <name>__TI_ATRegion0_trg_addr</name>
         <value>0x0</value>
      </symbol>
      <symbol id="sm-211">
         <name>__TI_ATRegion0_region_sz</name>
         <value>0x0</value>
      </symbol>
      <symbol id="sm-212">
         <name>__TI_ATRegion1_src_addr</name>
         <value>0x0</value>
      </symbol>
      <symbol id="sm-213">
         <name>__TI_ATRegion1_trg_addr</name>
         <value>0x0</value>
      </symbol>
      <symbol id="sm-214">
         <name>__TI_ATRegion1_region_sz</name>
         <value>0x0</value>
      </symbol>
      <symbol id="sm-215">
         <name>__TI_ATRegion2_src_addr</name>
         <value>0x0</value>
      </symbol>
      <symbol id="sm-216">
         <name>__TI_ATRegion2_trg_addr</name>
         <value>0x0</value>
      </symbol>
      <symbol id="sm-217">
         <name>__TI_ATRegion2_region_sz</name>
         <value>0x0</value>
      </symbol>
      <symbol id="sm-221">
         <name>arm_cmplx_mag_f32</name>
         <value>0xc9d1</value>
         <object_component_ref idref="oc-95"/>
      </symbol>
      <symbol id="sm-22f">
         <name>arm_cfft_radix4_f32</name>
         <value>0xdd25</value>
         <object_component_ref idref="oc-8f"/>
      </symbol>
      <symbol id="sm-230">
         <name>arm_radix4_butterfly_inverse_f32</name>
         <value>0xbd51</value>
         <object_component_ref idref="oc-ff"/>
      </symbol>
      <symbol id="sm-231">
         <name>arm_radix4_butterfly_f32</name>
         <value>0xc391</value>
         <object_component_ref idref="oc-100"/>
      </symbol>
      <symbol id="sm-23b">
         <name>arm_cfft_radix4_init_f32</name>
         <value>0xd395</value>
         <object_component_ref idref="oc-8b"/>
      </symbol>
      <symbol id="sm-240">
         <name>armBitRevTable</name>
         <value>0xaa50</value>
         <object_component_ref idref="oc-fb"/>
      </symbol>
      <symbol id="sm-241">
         <name>twiddleCoef_4096</name>
         <value>0xc0</value>
         <object_component_ref idref="oc-f9"/>
      </symbol>
      <symbol id="sm-24b">
         <name>arm_bitreversal_f32</name>
         <value>0xd161</value>
         <object_component_ref idref="oc-101"/>
      </symbol>
      <symbol id="sm-256">
         <name>DL_ADC12_setClockConfig</name>
         <value>0xdb6d</value>
         <object_component_ref idref="oc-1c8"/>
      </symbol>
      <symbol id="sm-25f">
         <name>DL_Common_delayCycles</name>
         <value>0xe7f1</value>
         <object_component_ref idref="oc-186"/>
      </symbol>
      <symbol id="sm-269">
         <name>DL_DMA_initChannel</name>
         <value>0xd931</value>
         <object_component_ref idref="oc-209"/>
      </symbol>
      <symbol id="sm-276">
         <name>DL_SPI_init</name>
         <value>0xda5d</value>
         <object_component_ref idref="oc-1c2"/>
      </symbol>
      <symbol id="sm-277">
         <name>DL_SPI_setClockConfig</name>
         <value>0xe713</value>
         <object_component_ref idref="oc-1bc"/>
      </symbol>
      <symbol id="sm-287">
         <name>DL_Timer_setClockConfig</name>
         <value>0xe3cd</value>
         <object_component_ref idref="oc-1a4"/>
      </symbol>
      <symbol id="sm-288">
         <name>DL_Timer_initTimerMode</name>
         <value>0xcd7d</value>
         <object_component_ref idref="oc-1aa"/>
      </symbol>
      <symbol id="sm-298">
         <name>DL_UART_init</name>
         <value>0xda15</value>
         <object_component_ref idref="oc-1b6"/>
      </symbol>
      <symbol id="sm-299">
         <name>DL_UART_setClockConfig</name>
         <value>0xe725</value>
         <object_component_ref idref="oc-1b0"/>
      </symbol>
      <symbol id="sm-29a">
         <name>DL_UART_transmitDataBlocking</name>
         <value>0xe28d</value>
         <object_component_ref idref="oc-234"/>
      </symbol>
      <symbol id="sm-2ab">
         <name>DL_SYSCTL_configSYSPLL</name>
         <value>0xce65</value>
         <object_component_ref idref="oc-19d"/>
      </symbol>
      <symbol id="sm-2ac">
         <name>DL_SYSCTL_switchMCLKfromSYSOSCtoHSCLK</name>
         <value>0xdaa1</value>
         <object_component_ref idref="oc-1a2"/>
      </symbol>
      <symbol id="sm-2ad">
         <name>DL_SYSCTL_setHFCLKSourceHFXTParams</name>
         <value>0xd66d</value>
         <object_component_ref idref="oc-197"/>
      </symbol>
      <symbol id="sm-2b7">
         <name>sqrtf</name>
         <value>0xd0c1</value>
         <object_component_ref idref="oc-111"/>
      </symbol>
      <symbol id="sm-2c8">
         <name>printf</name>
         <value>0xd735</value>
         <object_component_ref idref="oc-c3"/>
      </symbol>
      <symbol id="sm-2de">
         <name>__TI_printfi_minimal</name>
         <value>0xc10d</value>
         <object_component_ref idref="oc-1dc"/>
      </symbol>
      <symbol id="sm-2ea">
         <name>__aeabi_errno_addr</name>
         <value>0xe805</value>
         <object_component_ref idref="oc-16d"/>
      </symbol>
      <symbol id="sm-2eb">
         <name>__aeabi_errno</name>
         <value>0x202039d8</value>
         <object_component_ref idref="oc-1f6"/>
      </symbol>
      <symbol id="sm-2f4">
         <name>_nop</name>
         <value>0xd893</value>
         <object_component_ref idref="oc-1e4"/>
      </symbol>
      <symbol id="sm-2f5">
         <name>_lock</name>
         <value>0x202039dc</value>
         <object_component_ref idref="oc-13b"/>
      </symbol>
      <symbol id="sm-2f6">
         <name>_unlock</name>
         <value>0x202039e0</value>
         <object_component_ref idref="oc-141"/>
      </symbol>
      <symbol id="sm-2fe">
         <name>_ftable</name>
         <value>0x202038e8</value>
         <object_component_ref idref="oc-13d"/>
      </symbol>
      <symbol id="sm-307">
         <name>memccpy</name>
         <value>0xe209</value>
         <object_component_ref idref="oc-210"/>
      </symbol>
      <symbol id="sm-311">
         <name>strlen</name>
         <value>0xe7c9</value>
         <object_component_ref idref="oc-230"/>
      </symbol>
      <symbol id="sm-31b">
         <name>__TI_zero_init</name>
         <value>0xe79d</value>
         <object_component_ref idref="oc-51"/>
      </symbol>
      <symbol id="sm-324">
         <name>__TI_decompress_none</name>
         <value>0xe749</value>
         <object_component_ref idref="oc-20"/>
      </symbol>
      <symbol id="sm-32f">
         <name>__TI_decompress_lzss</name>
         <value>0xd49d</value>
         <object_component_ref idref="oc-1c"/>
      </symbol>
      <symbol id="sm-33a">
         <name>_c_int00_noargs</name>
         <value>0xe171</value>
         <object_component_ref idref="oc-54"/>
      </symbol>
      <symbol id="sm-33b">
         <name>__stack</name>
         <value>0x20207e00</value>
         <object_component_ref idref="oc-1a"/>
      </symbol>
      <symbol id="sm-34a">
         <name>abort</name>
         <value>0xe831</value>
         <object_component_ref idref="oc-d9"/>
      </symbol>
      <symbol id="sm-34b">
         <name>C$$EXIT</name>
         <value>0xe830</value>
         <object_component_ref idref="oc-d9"/>
      </symbol>
      <symbol id="sm-357">
         <name>__TI_auto_init_nobinit_nopinit</name>
         <value>0xdd61</value>
         <object_component_ref idref="oc-e0"/>
      </symbol>
      <symbol id="sm-35f">
         <name>_system_pre_init</name>
         <value>0xe82d</value>
         <object_component_ref idref="oc-6c"/>
      </symbol>
      <symbol id="sm-370">
         <name>__aeabi_fadd</name>
         <value>0xcf4b</value>
         <object_component_ref idref="oc-10d"/>
      </symbol>
      <symbol id="sm-371">
         <name>__addsf3</name>
         <value>0xcf4b</value>
         <object_component_ref idref="oc-10d"/>
      </symbol>
      <symbol id="sm-372">
         <name>__aeabi_fsub</name>
         <value>0xcf41</value>
         <object_component_ref idref="oc-10d"/>
      </symbol>
      <symbol id="sm-373">
         <name>__subsf3</name>
         <value>0xcf41</value>
         <object_component_ref idref="oc-10d"/>
      </symbol>
      <symbol id="sm-379">
         <name>__muldsi3</name>
         <value>0xddd9</value>
         <object_component_ref idref="oc-f3"/>
      </symbol>
      <symbol id="sm-37f">
         <name>__aeabi_fmul</name>
         <value>0xd1fd</value>
         <object_component_ref idref="oc-83"/>
      </symbol>
      <symbol id="sm-380">
         <name>__mulsf3</name>
         <value>0xd1fd</value>
         <object_component_ref idref="oc-83"/>
      </symbol>
      <symbol id="sm-386">
         <name>__aeabi_fdiv</name>
         <value>0xd419</value>
         <object_component_ref idref="oc-87"/>
      </symbol>
      <symbol id="sm-387">
         <name>__divsf3</name>
         <value>0xd419</value>
         <object_component_ref idref="oc-87"/>
      </symbol>
      <symbol id="sm-38d">
         <name>__aeabi_f2iz</name>
         <value>0xde4d</value>
         <object_component_ref idref="oc-a1"/>
      </symbol>
      <symbol id="sm-38e">
         <name>__fixsfsi</name>
         <value>0xde4d</value>
         <object_component_ref idref="oc-a1"/>
      </symbol>
      <symbol id="sm-394">
         <name>__aeabi_i2f</name>
         <value>0xdcad</value>
         <object_component_ref idref="oc-7f"/>
      </symbol>
      <symbol id="sm-395">
         <name>__floatsisf</name>
         <value>0xdcad</value>
         <object_component_ref idref="oc-7f"/>
      </symbol>
      <symbol id="sm-39b">
         <name>__aeabi_ui2f</name>
         <value>0xe149</value>
         <object_component_ref idref="oc-9d"/>
      </symbol>
      <symbol id="sm-39c">
         <name>__floatunsisf</name>
         <value>0xe149</value>
         <object_component_ref idref="oc-9d"/>
      </symbol>
      <symbol id="sm-3a2">
         <name>__aeabi_fcmpeq</name>
         <value>0xd6d1</value>
         <object_component_ref idref="oc-99"/>
      </symbol>
      <symbol id="sm-3a3">
         <name>__aeabi_fcmplt</name>
         <value>0xd6e5</value>
         <object_component_ref idref="oc-99"/>
      </symbol>
      <symbol id="sm-3a4">
         <name>__aeabi_fcmple</name>
         <value>0xd6f9</value>
         <object_component_ref idref="oc-99"/>
      </symbol>
      <symbol id="sm-3a5">
         <name>__aeabi_fcmpge</name>
         <value>0xd70d</value>
         <object_component_ref idref="oc-99"/>
      </symbol>
      <symbol id="sm-3a6">
         <name>__aeabi_fcmpgt</name>
         <value>0xd721</value>
         <object_component_ref idref="oc-99"/>
      </symbol>
      <symbol id="sm-3ac">
         <name>__aeabi_memcpy</name>
         <value>0xe80d</value>
         <object_component_ref idref="oc-44"/>
      </symbol>
      <symbol id="sm-3ad">
         <name>__aeabi_memcpy4</name>
         <value>0xe80d</value>
         <object_component_ref idref="oc-44"/>
      </symbol>
      <symbol id="sm-3ae">
         <name>__aeabi_memcpy8</name>
         <value>0xe80d</value>
         <object_component_ref idref="oc-44"/>
      </symbol>
      <symbol id="sm-3b7">
         <name>__aeabi_memset</name>
         <value>0xe7ad</value>
         <object_component_ref idref="oc-20f"/>
      </symbol>
      <symbol id="sm-3b8">
         <name>__aeabi_memset4</name>
         <value>0xe7ad</value>
         <object_component_ref idref="oc-20f"/>
      </symbol>
      <symbol id="sm-3b9">
         <name>__aeabi_memset8</name>
         <value>0xe7ad</value>
         <object_component_ref idref="oc-20f"/>
      </symbol>
      <symbol id="sm-3ba">
         <name>__aeabi_memclr</name>
         <value>0xe7e5</value>
         <object_component_ref idref="oc-67"/>
      </symbol>
      <symbol id="sm-3bb">
         <name>__aeabi_memclr4</name>
         <value>0xe7e5</value>
         <object_component_ref idref="oc-67"/>
      </symbol>
      <symbol id="sm-3bc">
         <name>__aeabi_memclr8</name>
         <value>0xe7e5</value>
         <object_component_ref idref="oc-67"/>
      </symbol>
      <symbol id="sm-3c2">
         <name>__aeabi_uidiv</name>
         <value>0xdc6d</value>
         <object_component_ref idref="oc-109"/>
      </symbol>
      <symbol id="sm-3c3">
         <name>__aeabi_uidivmod</name>
         <value>0xdc6d</value>
         <object_component_ref idref="oc-109"/>
      </symbol>
      <symbol id="sm-3cc">
         <name>__eqsf2</name>
         <value>0xdd9d</value>
         <object_component_ref idref="oc-119"/>
      </symbol>
      <symbol id="sm-3cd">
         <name>__lesf2</name>
         <value>0xdd9d</value>
         <object_component_ref idref="oc-119"/>
      </symbol>
      <symbol id="sm-3ce">
         <name>__ltsf2</name>
         <value>0xdd9d</value>
         <object_component_ref idref="oc-119"/>
      </symbol>
      <symbol id="sm-3cf">
         <name>__nesf2</name>
         <value>0xdd9d</value>
         <object_component_ref idref="oc-119"/>
      </symbol>
      <symbol id="sm-3d0">
         <name>__cmpsf2</name>
         <value>0xdd9d</value>
         <object_component_ref idref="oc-119"/>
      </symbol>
      <symbol id="sm-3d1">
         <name>__gtsf2</name>
         <value>0xdce9</value>
         <object_component_ref idref="oc-11e"/>
      </symbol>
      <symbol id="sm-3d2">
         <name>__gesf2</name>
         <value>0xdce9</value>
         <object_component_ref idref="oc-11e"/>
      </symbol>
      <symbol id="sm-3dd">
         <name>__aeabi_idiv0</name>
         <value>0xd733</value>
         <object_component_ref idref="oc-166"/>
      </symbol>
      <symbol id="sm-3e6">
         <name>TI_memcpy_small</name>
         <value>0xe737</value>
         <object_component_ref idref="oc-b3"/>
      </symbol>
      <symbol id="sm-3ef">
         <name>TI_memset_small</name>
         <value>0xe7d7</value>
         <object_component_ref idref="oc-127"/>
      </symbol>
      <symbol id="sm-3f0">
         <name>__TI_static_base__</name>
         <value>0x0</value>
      </symbol>
      <symbol id="sm-3f3">
         <name>__mpu_init</name>
         <value>0x0</value>
      </symbol>
      <symbol id="sm-3f4">
         <name>_system_post_cinit</name>
         <value>0x0</value>
      </symbol>
   </symbol_table>
   <title>Link successful</title>
</link_info>
